app/src/main/java/com/example/ui/screens/register/components/RegistrationField.kt:48:    errorMessage: String? = null,
app/src/main/java/com/example/ui/screens/register/components/RegistrationField.kt:84:            Toast.makeText(context, "لم يتم التقاط أي صوت، يرجى المحاولة ثانية", Toast.LENGTH_SHORT).show()
app/src/main/java/com/example/ui/screens/register/components/RegistrationField.kt:134:                            } catch (e: Exception) {
app/src/main/java/com/example/ui/screens/register/components/RegistrationField.kt:135:                                Toast.makeText(context, "خاصية التعرف الصوتي غير متوفرة على جهازك", Toast.LENGTH_SHORT).show()
app/src/main/java/com/example/ui/screens/register/components/RegistrationField.kt:152:            isError = !errorMessage.isNullOrBlank(),
app/src/main/java/com/example/ui/screens/register/components/RegistrationField.kt:161:                errorBorderColor = Color(0xFFEF5350),
app/src/main/java/com/example/ui/screens/register/components/RegistrationField.kt:162:                errorLabelColor = Color(0xFFEF5350)
app/src/main/java/com/example/ui/screens/register/components/RegistrationField.kt:185:        // Error message view
app/src/main/java/com/example/ui/screens/register/components/RegistrationField.kt:186:        AnimatedVisibility(visible = !errorMessage.isNullOrBlank()) {
app/src/main/java/com/example/ui/screens/register/components/RegistrationField.kt:187:            errorMessage?.let { err ->
app/src/main/java/com/example/ui/screens/register/components/RegistrationImagePicker.kt:82:                } catch (e: Exception) {
app/src/main/java/com/example/ui/screens/register/components/RegistrationImagePicker.kt:90:                        android.widget.Toast.makeText(context, "⚠️ أبعاد الصورة صغيرة جداً وغير واضحة (الحد الأدنى 100x100)", android.widget.Toast.LENGTH_SHORT).show()
app/src/main/java/com/example/ui/screens/register/components/RegistrationImagePicker.kt:110:            } catch (e: Exception) {
app/src/main/java/com/example/ui/screens/register/components/RegistrationImagePicker.kt:122:                android.widget.Toast.makeText(context, "لا يمكن إضافة أكثر من $maxImages صور", android.widget.Toast.LENGTH_SHORT).show()
app/src/main/java/com/example/ui/screens/register/components/RegistrationImagePicker.kt:142:                android.widget.Toast.makeText(context, "لا يمكن إضافة أكثر من $maxImages صور", android.widget.Toast.LENGTH_SHORT).show()
app/src/main/java/com/example/ui/screens/register/components/RegistrationImagePicker.kt:168:                    } catch (e: Exception) {
app/src/main/java/com/example/ui/screens/register/forms/SimplifiedRegistrationViewModel.kt:14:    val entityNameError: String? = null,
app/src/main/java/com/example/ui/screens/register/forms/SimplifiedRegistrationViewModel.kt:16:    val managerNameError: String? = null,
app/src/main/java/com/example/ui/screens/register/forms/SimplifiedRegistrationViewModel.kt:18:    val phoneError: String? = null,
app/src/main/java/com/example/ui/screens/register/forms/SimplifiedRegistrationViewModel.kt:20:    val passwordError: String? = null,
app/src/main/java/com/example/ui/screens/register/forms/SimplifiedRegistrationViewModel.kt:22:    val confirmPasswordError: String? = null,
app/src/main/java/com/example/ui/screens/register/forms/SimplifiedRegistrationViewModel.kt:66:            is RegistrationUiEvent.EntityNameChanged -> _state.value = _state.value.copy(entityName = event.name, entityNameError = null)
app/src/main/java/com/example/ui/screens/register/forms/SimplifiedRegistrationViewModel.kt:67:            is RegistrationUiEvent.ManagerNameChanged -> _state.value = _state.value.copy(managerName = event.name, managerNameError = null)
app/src/main/java/com/example/ui/screens/register/forms/SimplifiedRegistrationViewModel.kt:68:            is RegistrationUiEvent.PhoneChanged -> _state.value = _state.value.copy(phone = event.phone, phoneError = null)
app/src/main/java/com/example/ui/screens/register/forms/SimplifiedRegistrationViewModel.kt:69:            is RegistrationUiEvent.PasswordChanged -> _state.value = _state.value.copy(password = event.pass, passwordError = null)
app/src/main/java/com/example/ui/screens/register/forms/SimplifiedRegistrationViewModel.kt:70:            is RegistrationUiEvent.ConfirmPasswordChanged -> _state.value = _state.value.copy(confirmPassword = event.pass, confirmPasswordError = null)
app/src/main/java/com/example/ui/screens/register/forms/UnifiedRegistrationForm.kt:176:            isError = state.entityNameError != null,
app/src/main/java/com/example/ui/screens/register/forms/UnifiedRegistrationForm.kt:177:            supportingText = { state.entityNameError?.let { Text(it) } },
app/src/main/java/com/example/ui/screens/register/forms/UnifiedRegistrationForm.kt:188:                isError = state.managerNameError != null,
app/src/main/java/com/example/ui/screens/register/forms/UnifiedRegistrationForm.kt:189:                supportingText = { state.managerNameError?.let { Text(it) } },
app/src/main/java/com/example/ui/screens/register/forms/UnifiedRegistrationForm.kt:201:            isError = state.phoneError != null,
app/src/main/java/com/example/ui/screens/register/forms/UnifiedRegistrationForm.kt:202:            supportingText = { state.phoneError?.let { Text(it) } },
app/src/main/java/com/example/ui/screens/register/forms/UnifiedRegistrationForm.kt:214:            isError = state.passwordError != null,
app/src/main/java/com/example/ui/screens/register/forms/UnifiedRegistrationForm.kt:215:            supportingText = { state.passwordError?.let { Text(it) } },
app/src/main/java/com/example/ui/screens/register/forms/UnifiedRegistrationForm.kt:236:            isError = state.confirmPasswordError != null,
app/src/main/java/com/example/ui/screens/register/forms/UnifiedRegistrationForm.kt:237:            supportingText = { state.confirmPasswordError?.let { Text(it) } },
app/src/main/java/com/example/ui/screens/register/forms/ProviderForm.kt:114:                isError = fullName.isNotEmpty() && namePartsCount < 3,
app/src/main/java/com/example/ui/screens/register/forms/ProviderForm.kt:132:                isError = phone.isNotEmpty() && phone.trim().length < 9,
app/src/main/java/com/example/ui/screens/register/forms/ProviderForm.kt:168:                isError = confirmPassword.isNotEmpty() && confirmPassword != password,
app/src/main/java/com/example/ui/screens/register/forms/RegistrationDraftManager.kt:24:    } catch (e: Exception) {
app/src/main/java/com/example/ui/screens/register/status/JoinStatusUseCase.kt:29:    data class Error(val message: String) : JoinStatusUiState()
app/src/main/java/com/example/ui/screens/register/RegisterProviderViewModel.kt:32:        _uiState.value = _uiState.value.copy(fullName = name, errorMessage = null)
app/src/main/java/com/example/ui/screens/register/RegisterProviderViewModel.kt:36:        _uiState.value = _uiState.value.copy(phone = phone, errorMessage = null)
app/src/main/java/com/example/ui/screens/register/RegisterProviderViewModel.kt:40:        _uiState.value = _uiState.value.copy(passwordPin = pass, errorMessage = null)
app/src/main/java/com/example/ui/screens/register/RegisterProviderViewModel.kt:63:                _uiState.value = state.copy(errorMessage = "يرجى كتابة الاسم الكامل")
app/src/main/java/com/example/ui/screens/register/RegisterProviderViewModel.kt:67:                _uiState.value = state.copy(errorMessage = "يرجى كتابة رقم هاتف صحيح من 9 أرقام")
app/src/main/java/com/example/ui/screens/register/RegisterProviderViewModel.kt:72:                _uiState.value = state.copy(errorMessage = "يرجى اختيار التخصص أو الحرفة")
app/src/main/java/com/example/ui/screens/register/RegisterProviderViewModel.kt:76:        _uiState.value = state.copy(currentStep = (state.currentStep + 1).coerceAtMost(3), errorMessage = null)
app/src/main/java/com/example/ui/screens/register/RegisterProviderViewModel.kt:81:        _uiState.value = state.copy(currentStep = (state.currentStep - 1).coerceAtLeast(1), errorMessage = null)
app/src/main/java/com/example/ui/screens/register/RegisterProviderViewModel.kt:87:            _uiState.value = state.copy(isLoading = true, errorMessage = null)
app/src/main/java/com/example/ui/screens/register/RegisterProviderViewModel.kt:112:                    errorMessage = ex.localizedMessage ?: "حدث خطأ أثناء إرسال الطلب"
app/src/main/java/com/example/ui/screens/register/RegistrationLoadingState.kt:14:    data class Error(val message: String) : RegistrationLoadingState()
app/src/main/java/com/example/ui/screens/register/RegisterUiState.kt:12:    val errorMessage: String? = null,
app/src/main/java/com/example/ui/screens/register/RegisterUiState.kt:32:            errorMessage = null,
app/src/main/java/com/example/ui/screens/register/PasswordResetWaitingScreen.kt:53:    } catch (e: Exception) {
app/src/main/java/com/example/ui/screens/register/PasswordResetWaitingScreen.kt:81:    var passwordError by remember { mutableStateOf<String?>(null) }
app/src/main/java/com/example/ui/screens/register/PasswordResetWaitingScreen.kt:216:                                        Toast.makeText(context, "📋 تم نسخ كلمة المرور!", Toast.LENGTH_SHORT).show()
app/src/main/java/com/example/ui/screens/register/PasswordResetWaitingScreen.kt:229:                                passwordError = null
app/src/main/java/com/example/ui/screens/register/PasswordResetWaitingScreen.kt:233:                            isError = passwordError != null,
app/src/main/java/com/example/ui/screens/register/PasswordResetWaitingScreen.kt:234:                            supportingText = { passwordError?.let { Text(it) } },
app/src/main/java/com/example/ui/screens/register/PasswordResetWaitingScreen.kt:247:                                    passwordError = "❌ كلمة المرور غير صحيحة"
app/src/main/java/com/example/ui/screens/register/PasswordResetWaitingScreen.kt:292:                                        Toast.makeText(context, "🔓 أهلاً بك، تم تسجيل الدخول إلى حسابك!", Toast.LENGTH_LONG).show()
app/src/main/java/com/example/ui/screens/register/GuestRegistrationDialog.kt:46:    data class Error(val errorMessage: String) : GuestAuthUiState()
app/src/main/java/com/example/ui/screens/register/GuestRegistrationDialog.kt:78:    var phoneError by remember { mutableStateOf<String?>(null) }
app/src/main/java/com/example/ui/screens/register/GuestRegistrationDialog.kt:79:    var nameError by remember { mutableStateOf<String?>(null) }
app/src/main/java/com/example/ui/screens/register/GuestRegistrationDialog.kt:80:    var passwordError by remember { mutableStateOf<String?>(null) }
app/src/main/java/com/example/ui/screens/register/GuestRegistrationDialog.kt:141:                    is GuestAuthUiState.Error -> {
app/src/main/java/com/example/ui/screens/register/GuestRegistrationDialog.kt:146:                            Text("❌ ${state.errorMessage}", fontSize = 11.sp, color = Color(0xFFEF5350), modifier = Modifier.padding(10.dp))
app/src/main/java/com/example/ui/screens/register/GuestRegistrationDialog.kt:170:                        onValueChange = { phoneBody = it; phoneError = null },
app/src/main/java/com/example/ui/screens/register/GuestRegistrationDialog.kt:174:                        errorMessage = phoneError,
app/src/main/java/com/example/ui/screens/register/GuestRegistrationDialog.kt:181:                        onValueChange = { password = it; passwordError = null },
app/src/main/java/com/example/ui/screens/register/GuestRegistrationDialog.kt:185:                        errorMessage = passwordError,
app/src/main/java/com/example/ui/screens/register/GuestRegistrationDialog.kt:197:                                phoneError = phoneVal.errorMessage
app/src/main/java/com/example/ui/screens/register/GuestRegistrationDialog.kt:201:                                passwordError = "يرجى إدخال كلمة المرور"
app/src/main/java/com/example/ui/screens/register/GuestRegistrationDialog.kt:211:                                    scope.launch { snackbarHostState.showSnackbar("🔓 تم استرجاع الحساب بنجاح!") }
app/src/main/java/com/example/ui/screens/register/GuestRegistrationDialog.kt:214:                                    uiState = GuestAuthUiState.Error("لم يتم العثور على حساب بهذا الرقم أو كلمة المرور غير صحيحة")
app/src/main/java/com/example/ui/screens/urgent/UrgentOfferSubmissionScreen.kt:200:                        scope.launch { snackbarHostState.showSnackbar("السعر يجب أن يكون أكبر من 0") }
app/src/main/java/com/example/ui/screens/urgent/UrgentOfferSubmissionScreen.kt:204:                        scope.launch { snackbarHostState.showSnackbar("الحد الأدنى لتقديم العرض هو 1,000 ريال يمني") }
app/src/main/java/com/example/ui/screens/urgent/UrgentOfferSubmissionScreen.kt:221:                    scope.launch { snackbarHostState.showSnackbar("تم إرسال عرضك الفوري بنجاح!") }
app/src/main/java/com/example/ui/screens/urgent/components/UrgentActionButtons.kt:84:                                    android.widget.Toast.makeText(context, "❌ رقم الهاتف غير صالح للاتصال!", android.widget.Toast.LENGTH_SHORT).show()
app/src/main/java/com/example/ui/screens/urgent/UrgentRequestScreen.kt:97:            is InstantUiState.Error -> {
app/src/main/java/com/example/ui/screens/urgent/UrgentRequestScreen.kt:99:                    snackbarHostState.showSnackbar(state.message)
app/src/main/java/com/example/ui/screens/urgent/UrgentRequestScreen.kt:324:                        scope.launch { snackbarHostState.showSnackbar("يرجى تعبئة كافة الحقول الإجبارية (*)") }
app/src/main/java/com/example/ui/screens/urgent/UrgentRequestScreen.kt:330:                        scope.launch { snackbarHostState.showSnackbar("رقم الهاتف غير صحيح! يجب أن يكون 9 أرقام ويبدأ بـ 77/73/71/70/78") }
app/src/main/java/com/example/ui/screens/urgent/UrgentRequestScreen.kt:334:                        scope.launch { snackbarHostState.showSnackbar("يرجى كتابة رمز PIN مكون من 4 أرقام") }
app/src/main/java/com/example/ui/screens/urgent/UrgentRequestScreen.kt:358:                                    scope.launch { snackbarHostState.showSnackbar(msg) }
app/src/main/java/com/example/ui/screens/urgent/UrgentRequestScreen.kt:378:                            } catch (e: Exception) {
app/src/main/java/com/example/ui/screens/map/components/MapBottomSheet.kt:218:                            } catch (e: Exception) {
app/src/main/java/com/example/ui/screens/map/components/MapBottomSheet.kt:240:                            } catch (e: Exception) {
app/src/main/java/com/example/ui/screens/map/components/MapBottomSheet.kt:331:                            } catch (e: Exception) {
app/src/main/java/com/example/ui/screens/map/components/MapErrorOverlay.kt:18: * 📡 MapErrorOverlay
app/src/main/java/com/example/ui/screens/map/components/MapErrorOverlay.kt:22:fun MapErrorOverlay(
app/src/main/java/com/example/ui/screens/map/MapScreenContent.kt:76:                snackbarHostState.showSnackbar("تم تفعيل نظام تحديد المواقع بنجاح ✓")
app/src/main/java/com/example/ui/screens/map/MapScreenContent.kt:242:                        snackbarHostState.showSnackbar(
app/src/main/java/com/example/ui/screens/map/MapScreenContent.kt:254:                            snackbarHostState.showSnackbar("تمت إعادة التمركز إلى موقعك الفعلي 📍")
app/src/main/java/com/example/ui/screens/map/MapScreenContent.kt:310:                            snackbarHostState.showSnackbar("تم إرسال طلب الحجز بنجاح إلى ${provider.name} ✓")
app/src/main/java/com/example/ui/screens/map/MapScreenContent.kt:313:                    onError = { err: String ->
app/src/main/java/com/example/ui/screens/map/MapScreenContent.kt:315:                            snackbarHostState.showSnackbar("فشل إرسال طلب الحجز: $err ⚠️")
app/src/main/java/com/example/ui/screens/map/utils/OfflineMapManager.kt:57:        } catch (e: Exception) {
app/src/main/java/com/example/ui/screens/map/utils/OfflineMapManager.kt:71:        } catch (e: Exception) {
app/src/main/java/com/example/ui/screens/map/utils/OfflineMapManager.kt:72:            Log.e(TAG, "Error calculating cache size", e)
app/src/main/java/com/example/ui/screens/map/utils/OfflineMapManager.kt:109:        } catch (e: Exception) {
app/src/main/java/com/example/ui/screens/map/utils/OfflineMapManager.kt:110:            Log.e(TAG, "Error purging offline map cache", e)
app/src/main/java/com/example/ui/screens/map/MapScreenUiState.kt:32:    data class Error(val message: String) : MapScreenUiState()
app/src/main/java/com/example/ui/screens/map/RealLeafletMapView.kt:11:import android.webkit.WebResourceError
app/src/main/java/com/example/ui/screens/map/RealLeafletMapView.kt:34:import com.example.ui.screens.map.components.MapErrorOverlay
app/src/main/java/com/example/ui/screens/map/RealLeafletMapView.kt:58:    var hasLoadError by remember { mutableStateOf(false) }
app/src/main/java/com/example/ui/screens/map/RealLeafletMapView.kt:134:                        override fun onReceivedError(view: WebView?, request: WebResourceRequest?, error: WebResourceError?) {
app/src/main/java/com/example/ui/screens/map/RealLeafletMapView.kt:135:                            super.onReceivedError(view, request, error)
app/src/main/java/com/example/ui/screens/map/RealLeafletMapView.kt:136:                            Log.e("RealLeafletMapView", "WebView error: ${error?.description} (code ${error?.errorCode}) for URL: ${request?.url}")
app/src/main/java/com/example/ui/screens/map/RealLeafletMapView.kt:138:                                hasLoadError = true
app/src/main/java/com/example/ui/screens/map/RealLeafletMapView.kt:155:                                } catch (e: Exception) {
app/src/main/java/com/example/ui/screens/map/RealLeafletMapView.kt:166:                                hasLoadError = false
app/src/main/java/com/example/ui/screens/map/RealLeafletMapView.kt:174:                                hasLoadError = true
app/src/main/java/com/example/ui/screens/map/RealLeafletMapView.kt:201:                                } catch (e: Exception) {
app/src/main/java/com/example/ui/screens/map/RealLeafletMapView.kt:202:                                    Log.e("RealLeafletMapView", "Navigation error: ${e.message}")
app/src/main/java/com/example/ui/screens/map/RealLeafletMapView.kt:252:        if (hasLoadError) {
app/src/main/java/com/example/ui/screens/map/RealLeafletMapView.kt:253:            MapErrorOverlay(
app/src/main/java/com/example/ui/screens/map/RealLeafletMapView.kt:255:                    hasLoadError = false
app/src/main/java/com/example/ui/screens/admin/permissions/AdminRoleSelectorSection.kt:60:                            Toast.makeText(context, "تم تحميل حزمة صلاحيات $roleLabel", Toast.LENGTH_SHORT).show()
app/src/main/java/com/example/ui/screens/admin/permissions/AdminPermissionsActionsSection.kt:130:                        Toast.makeText(context, "تم تفعيل جميع الـ 538 صلاحية بنجاح!", Toast.LENGTH_SHORT).show()
app/src/main/java/com/example/ui/screens/admin/permissions/AdminPermissionsActionsSection.kt:134:                        Toast.makeText(context, "تم تعطيل جميع الصلاحيات", Toast.LENGTH_SHORT).show()
app/src/main/java/com/example/ui/screens/admin/permissions/AdminPermissionsActionsSection.kt:138:                        Toast.makeText(context, "تم تفعيل الصلاحيات الأساسية", Toast.LENGTH_SHORT).show()
app/src/main/java/com/example/ui/screens/admin/permissions/AdminPermissionsActionsSection.kt:142:                        Toast.makeText(context, "تم تفعيل الأساسية والمتوسطة", Toast.LENGTH_SHORT).show()
app/src/main/java/com/example/ui/screens/admin/permissions/AdminPermissionsActionsSection.kt:297:                    Toast.makeText(
app/src/main/java/com/example/ui/screens/admin/AdminMapPanel.kt:316:                                    android.widget.Toast.makeText(context, "تم فتح Mapbox", android.widget.Toast.LENGTH_SHORT).show()
app/src/main/java/com/example/ui/screens/admin/AdminMapPanel.kt:321:                                    android.widget.Toast.makeText(context, "تم فتح MapLibre / الخريطة الافتراضية", android.widget.Toast.LENGTH_SHORT).show()
app/src/main/java/com/example/ui/screens/admin/AdminMapPanel.kt:329:                                    android.widget.Toast.makeText(context, "تم فتح خرائط جوجل", android.widget.Toast.LENGTH_SHORT).show()
app/src/main/java/com/example/ui/screens/admin/AdminMapPanel.kt:332:                        } catch (e: Exception) {
app/src/main/java/com/example/ui/screens/admin/AdminAssistantPanel.kt:201:                            onClick = { Toast.makeText(context, "إجراء متصل: $chip", Toast.LENGTH_SHORT).show() },
app/src/main/java/com/example/ui/screens/admin/AdminUserManager.kt:96:                        scope.launch { snackbarHostState.showSnackbar("📥 تم تصدير بيانات المستخدمين بنجاح") }
app/src/main/java/com/example/ui/screens/admin/AdminUserManager.kt:172:                                                        scope.launch { snackbarHostState.showSnackbar("تم إلغاء حظر المستخدم") }
app/src/main/java/com/example/ui/screens/admin/AdminUserManager.kt:176:                                                        scope.launch { snackbarHostState.showSnackbar("تم حظر المستخدم") }
app/src/main/java/com/example/ui/screens/admin/AdminUserManager.kt:202:                                                    scope.launch { snackbarHostState.showSnackbar("🗑️ تم حذف حساب المستخدم") }
app/src/main/java/com/example/ui/screens/admin/AdminUserManager.kt:221:                                                try { context.startActivity(intent) } catch (e: Exception) { e.printStackTrace() }
app/src/main/java/com/example/ui/screens/admin/AdminUserManager.kt:235:                                                try { context.startActivity(intent) } catch (e: Exception) { e.printStackTrace() }
app/src/main/java/com/example/ui/screens/admin/AdminUserManager.kt:295:                            scope.launch { snackbarHostState.showSnackbar("✅ تم تحديث كلمة المرور وإرسال إشعار للمستخدم") }
app/src/main/java/com/example/ui/screens/admin/AdminUserManager.kt:297:                            scope.launch { snackbarHostState.showSnackbar("⚠️ كلمة المرور يجب أن لا تقل عن 4 رموز") }
app/src/main/java/com/example/ui/screens/admin/AdminSystemSettingsScreen.kt:265:                    Toast.makeText(context, "✅ تم حفظ ومزامنة إعدادات وتفضيلات النظام سحابياً!", Toast.LENGTH_SHORT).show()
app/src/main/java/com/example/ui/screens/admin/AdminSystemSettingsScreen.kt:268:                    Toast.makeText(context, "❌ فشل الحفظ: ${err.localizedMessage}", Toast.LENGTH_LONG).show()
app/src/main/java/com/example/ui/screens/admin/subpanels/AdminLoginScreen.kt:38:    var errorMessage by remember { mutableStateOf<String?>(null) }
app/src/main/java/com/example/ui/screens/admin/subpanels/AdminLoginScreen.kt:92:                        errorMessage = null
app/src/main/java/com/example/ui/screens/admin/subpanels/AdminLoginScreen.kt:113:                AnimatedVisibility(visible = errorMessage != null) {
app/src/main/java/com/example/ui/screens/admin/subpanels/AdminLoginScreen.kt:115:                        text = errorMessage ?: "",
app/src/main/java/com/example/ui/screens/admin/subpanels/AdminLoginScreen.kt:125:                            errorMessage = "يرجى إدخال رمز الحماية"
app/src/main/java/com/example/ui/screens/admin/subpanels/AdminLoginScreen.kt:133:                                errorMessage = "رمز الحماية غير صحيح!"
app/src/main/java/com/example/ui/screens/admin/AdminAnalyticsPanel.kt:90:                            Toast.makeText(context, "تم تحديث البيانات والإحصائيات 🔄", Toast.LENGTH_SHORT).show()
app/src/main/java/com/example/ui/screens/admin/AdminAnalyticsPanel.kt:98:                            Toast.makeText(context, "تم تصدير التقرير التحليلي بنجاح 📋", Toast.LENGTH_LONG).show()
app/src/main/java/com/example/ui/screens/admin/AdminPaymentPanel.kt:177:                                Toast.makeText(
app/src/main/java/com/example/ui/screens/admin/AdminPaymentPanel.kt:314:                            Toast.makeText(context, "تم إلغاء الربط الشامل لكل القطاعات وحفظ الحالة", Toast.LENGTH_LONG).show()
app/src/main/java/com/example/ui/screens/admin/AdminPaymentPanel.kt:317:                            contentColor = MaterialTheme.colorScheme.error
app/src/main/java/com/example/ui/screens/admin/AdminPaymentPanel.kt:319:                        border = BorderStroke(1.dp, MaterialTheme.colorScheme.error),
app/src/main/java/com/example/ui/screens/admin/AdminPaymentPanel.kt:357:                        Toast.makeText(context, "تم تسجيل التعديل الإداري بنجاح: $amt ر.ي", Toast.LENGTH_SHORT).show()
app/src/main/java/com/example/ui/screens/admin/AdminJobsPanel.kt:247:                                        Toast.makeText(context, if (job.isVip) "تم إلغاء تمييز الوظيفة" else "تم تمييز الوظيفة بنجاح ⭐", Toast.LENGTH_SHORT).show()
app/src/main/java/com/example/ui/screens/admin/AdminJobsPanel.kt:266:                                            } catch (e: Exception) {
app/src/main/java/com/example/ui/screens/admin/AdminJobsPanel.kt:267:                                                Toast.makeText(context, "تعذر فتح تطبيق الاتصال", Toast.LENGTH_SHORT).show()
app/src/main/java/com/example/ui/screens/admin/AdminJobsPanel.kt:279:                                        Toast.makeText(context, "🗑️ تم حذف الإعلان الوظيفي", Toast.LENGTH_SHORT).show()
app/src/main/java/com/example/ui/screens/admin/AdminJobsPanel.kt:329:                                        Toast.makeText(context, "تم قبول طلب المتقدم ✅", Toast.LENGTH_SHORT).show()
app/src/main/java/com/example/ui/screens/admin/AdminJobsPanel.kt:341:                                        Toast.makeText(context, "تم رفض طلب المتقدم ❌", Toast.LENGTH_SHORT).show()
app/src/main/java/com/example/ui/screens/admin/AdminJobsPanel.kt:356:                                            } catch (e: Exception) {
app/src/main/java/com/example/ui/screens/admin/AdminJobsPanel.kt:357:                                                Toast.makeText(context, "تعذر فتح تطبيق الاتصال", Toast.LENGTH_SHORT).show()
app/src/main/java/com/example/ui/screens/admin/AdminJobsPanel.kt:369:                                        Toast.makeText(context, "🗑️ تم حذف طلب المتقدم", Toast.LENGTH_SHORT).show()
app/src/main/java/com/example/ui/screens/admin/AdminJobsPanel.kt:410:                            Toast.makeText(context, "يرجى كتابة المسمى الوظيفي", Toast.LENGTH_SHORT).show()
app/src/main/java/com/example/ui/screens/admin/AdminJobsPanel.kt:426:                        Toast.makeText(context, "تمت إضافة الوظيفة بنجاح 🎉", Toast.LENGTH_SHORT).show()
app/src/main/java/com/example/ui/screens/admin/OwnerBackdoorPanelLayout.kt:213:            } catch (e: Exception) { e.printStackTrace() }
app/src/main/java/com/example/ui/screens/admin/OwnerBackdoorPanelLayout.kt:228:            } catch (e: Exception) { e.printStackTrace() }
app/src/main/java/com/example/ui/screens/admin/OwnerBackdoorPanelLayout.kt:1317:        var wipeErrorMsg by remember { mutableStateOf("") }
app/src/main/java/com/example/ui/screens/admin/OwnerBackdoorPanelLayout.kt:1324:                    wipeErrorMsg = ""
app/src/main/java/com/example/ui/screens/admin/OwnerBackdoorPanelLayout.kt:1334:                                wipeErrorMsg = ""
app/src/main/java/com/example/ui/screens/admin/OwnerBackdoorPanelLayout.kt:1340:                        if (wipeErrorMsg.isNotEmpty()) {
app/src/main/java/com/example/ui/screens/admin/OwnerBackdoorPanelLayout.kt:1341:                            Text(wipeErrorMsg, color = Color.Red, fontSize = 11.sp, fontWeight = FontWeight.Bold)
app/src/main/java/com/example/ui/screens/admin/OwnerBackdoorPanelLayout.kt:1352:                                wipeErrorMsg = ""
app/src/main/java/com/example/ui/screens/admin/OwnerBackdoorPanelLayout.kt:1354:                                wipeErrorMsg = "❌ كلمة المرور غير صحيحة! تم منع التطهير والحذف."
app/src/main/java/com/example/ui/screens/admin/OwnerBackdoorPanelLayout.kt:1366:                        wipeErrorMsg = ""
app/src/main/java/com/example/ui/screens/admin/OwnerBackdoorPanelLayout.kt:1392:            com.example.utils.ErrorLogsViewerDialog(
app/src/main/java/com/example/ui/screens/admin/AdminMedicalPanel.kt:186:                                    Toast.makeText(context, if (store.isBlocked) "تم إلغاء حظر المنشأة ✅" else "تم حظر المنشأة 🚫", Toast.LENGTH_SHORT).show()
app/src/main/java/com/example/ui/screens/admin/AdminMedicalPanel.kt:205:                                        } catch (e: Exception) {
app/src/main/java/com/example/ui/screens/admin/AdminMedicalPanel.kt:206:                                            Toast.makeText(context, "تعذر فتح تطبيق الاتصال", Toast.LENGTH_SHORT).show()
app/src/main/java/com/example/ui/screens/admin/AdminMedicalPanel.kt:218:                                    Toast.makeText(context, "🗑️ تم حذف المنشأة الطبية", Toast.LENGTH_SHORT).show()
app/src/main/java/com/example/ui/screens/admin/AdminMedicalPanel.kt:281:                            Toast.makeText(context, "يرجى كتابة اسم المنشأة", Toast.LENGTH_SHORT).show()
app/src/main/java/com/example/ui/screens/admin/AdminMedicalPanel.kt:298:                        Toast.makeText(context, "تمت إضافة المنشأة الطبية بنجاح 🎉", Toast.LENGTH_SHORT).show()
app/src/main/java/com/example/ui/screens/admin/AdminRestaurantsPanel.kt:211:                                            Toast.makeText(context, if (it) "تم تفعيل شارة VIP ⭐" else "تم إلغاء VIP", Toast.LENGTH_SHORT).show()
app/src/main/java/com/example/ui/screens/admin/AdminRestaurantsPanel.kt:225:                                            Toast.makeText(context, if (it) "تم توثيق المطعم ✅" else "تم إلغاء التوثيق", Toast.LENGTH_SHORT).show()
app/src/main/java/com/example/ui/screens/admin/AdminRestaurantsPanel.kt:256:                                        Toast.makeText(context, if (item.isBlocked) "تم فك الحظر عن المطعم ✅" else "تم حظر المطعم 🚫", Toast.LENGTH_SHORT).show()
app/src/main/java/com/example/ui/screens/admin/AdminRestaurantsPanel.kt:276:                                            } catch (e: Exception) {
app/src/main/java/com/example/ui/screens/admin/AdminRestaurantsPanel.kt:277:                                                Toast.makeText(context, "تعذر فتح تطبيق الاتصال", Toast.LENGTH_SHORT).show()
app/src/main/java/com/example/ui/screens/admin/AdminRestaurantsPanel.kt:289:                                        Toast.makeText(context, "🗑️ تم حذف المطعم", Toast.LENGTH_SHORT).show()
app/src/main/java/com/example/ui/screens/admin/AdminRestaurantsPanel.kt:353:                            Toast.makeText(context, "يرجى كتابة اسم المطعم", Toast.LENGTH_SHORT).show()
app/src/main/java/com/example/ui/screens/admin/AdminRestaurantsPanel.kt:370:                        Toast.makeText(context, "تمت إضافة المطعم بنجاح 🍔", Toast.LENGTH_SHORT).show()
app/src/main/java/com/example/ui/screens/admin/AdminDataManagementScreen.kt:140:                                Toast.makeText(context, if (newRec) "⭐ تم تمييز المتجر والتوصية به!" else "تم إلغاء التوصية", Toast.LENGTH_SHORT).show()
app/src/main/java/com/example/ui/screens/admin/AdminDataManagementScreen.kt:154:                                Toast.makeText(context, "🗑️ تم حذف المتجر بنجاح!", Toast.LENGTH_SHORT).show()
app/src/main/java/com/example/ui/screens/admin/AdminDataManagementScreen.kt:179:                                Toast.makeText(context, if (newRec) "⭐ تم تمييز المطعم والتوصية به!" else "تم إلغاء التوصية", Toast.LENGTH_SHORT).show()
app/src/main/java/com/example/ui/screens/admin/AdminDataManagementScreen.kt:193:                                Toast.makeText(context, "🗑️ تم حذف المطعم بنجاح!", Toast.LENGTH_SHORT).show()
app/src/main/java/com/example/ui/screens/admin/AdminDataManagementScreen.kt:218:                                Toast.makeText(context, if (newRec) "⭐ تم تمييز المركز الطبي والتوصية به!" else "تم إلغاء التوصية", Toast.LENGTH_SHORT).show()
app/src/main/java/com/example/ui/screens/admin/AdminDataManagementScreen.kt:232:                                Toast.makeText(context, "🗑️ تم حذف المركز الطبي بنجاح!", Toast.LENGTH_SHORT).show()
app/src/main/java/com/example/ui/screens/admin/AdminDataManagementScreen.kt:256:                                Toast.makeText(context, if (newRec) "⭐ تم تمييز العقار والتوصية به!" else "تم إلغاء التوصية", Toast.LENGTH_SHORT).show()
app/src/main/java/com/example/ui/screens/admin/AdminDataManagementScreen.kt:270:                                Toast.makeText(context, "🗑️ تم حذف العقار بنجاح!", Toast.LENGTH_SHORT).show()
app/src/main/java/com/example/ui/screens/admin/AdminDataManagementScreen.kt:294:                                Toast.makeText(context, if (newRec) "⭐ تم تمييز الوظيفة والتوصية بها!" else "تم إلغاء التوصية", Toast.LENGTH_SHORT).show()
app/src/main/java/com/example/ui/screens/admin/AdminDataManagementScreen.kt:308:                                Toast.makeText(context, "🗑️ تم حذف إعلان الوظيفة بنجاح!", Toast.LENGTH_SHORT).show()
app/src/main/java/com/example/ui/screens/admin/AdminDataManagementScreen.kt:332:                                Toast.makeText(context, if (newRec) "⭐ تم توثيق الفني والتوصية به!" else "تم إلغاء التوصية", Toast.LENGTH_SHORT).show()
app/src/main/java/com/example/ui/screens/admin/AdminDataManagementScreen.kt:346:                                Toast.makeText(context, "🗑️ تم حذف الفني بنجاح!", Toast.LENGTH_SHORT).show()
app/src/main/java/com/example/ui/screens/admin/AdminDataManagementScreen.kt:453:                        Toast.makeText(context, "✅ تم حفظ التعديلات والمزامنة الفورية سحابياً!", Toast.LENGTH_SHORT).show()
app/src/main/java/com/example/ui/screens/admin/AdminDataManagementScreen.kt:570:                        Toast.makeText(context, "✅ تمت إضافة العنصر بنجاح والمزامنة الفورية!", Toast.LENGTH_SHORT).show()
app/src/main/java/com/example/ui/screens/admin/AdminQuickServicePanel.kt:229:                            Toast.makeText(context, "✅ تم حفظ إعدادات اطلب خدمتك بنجاح!", Toast.LENGTH_SHORT).show()
app/src/main/java/com/example/ui/screens/admin/AdminQuickServicePanel.kt:233:                            Toast.makeText(context, "❌ فشل حفظ الإعدادات: ${err.localizedMessage}", Toast.LENGTH_LONG).show()
app/src/main/java/com/example/ui/screens/admin/AdminReportsPanel.kt:80:                    Toast.makeText(context, "تم تصدير سجل الشكاوى بصيغة CSV بنجاح 📁", Toast.LENGTH_SHORT).show()
app/src/main/java/com/example/ui/screens/admin/AdminReportsPanel.kt:90:                    Toast.makeText(context, "تم تصدير مستند الشكاوى بصيغة PDF بنجاح 📄", Toast.LENGTH_SHORT).show()
app/src/main/java/com/example/ui/screens/admin/AdminReportsPanel.kt:158:                                            Toast.makeText(context, "تم تجميد وإيقاف حساب الفني بنجاح 🛑", Toast.LENGTH_SHORT).show()
app/src/main/java/com/example/ui/screens/admin/AdminStorageAndCacheScreen.kt:59:    var isPasswordError by remember { mutableStateOf(false) }
app/src/main/java/com/example/ui/screens/admin/AdminStorageAndCacheScreen.kt:78:        } catch (e: Exception) { 0L }
app/src/main/java/com/example/ui/screens/admin/AdminStorageAndCacheScreen.kt:118:                            Toast.makeText(context, "🧹 تم مسح ملفات الكاش والذاكرة المؤقتة بالكامل وتسريع الأداء بنجاح!", Toast.LENGTH_LONG).show()
app/src/main/java/com/example/ui/screens/admin/AdminStorageAndCacheScreen.kt:119:                        } catch (e: Exception) {
app/src/main/java/com/example/ui/screens/admin/AdminStorageAndCacheScreen.kt:120:                            Toast.makeText(context, "تم تنظيف الذاكرة المؤقتة", Toast.LENGTH_SHORT).show()
app/src/main/java/com/example/ui/screens/admin/AdminStorageAndCacheScreen.kt:158:                            isPasswordError = false
app/src/main/java/com/example/ui/screens/admin/AdminStorageAndCacheScreen.kt:215:                                isPasswordError = false
app/src/main/java/com/example/ui/screens/admin/AdminStorageAndCacheScreen.kt:220:                            isError = isPasswordError,
app/src/main/java/com/example/ui/screens/admin/AdminStorageAndCacheScreen.kt:231:                    if (isPasswordError) {
app/src/main/java/com/example/ui/screens/admin/AdminStorageAndCacheScreen.kt:258:                                    Toast.makeText(context, "💥 تم مسح $count سجل من بيانات $title بالكامل بنجاح!", Toast.LENGTH_LONG).show()
app/src/main/java/com/example/ui/screens/admin/AdminStorageAndCacheScreen.kt:261:                                    val err = result.exceptionOrNull()?.localizedMessage ?: "خطأ غير متوقع"
app/src/main/java/com/example/ui/screens/admin/AdminStorageAndCacheScreen.kt:262:                                    Toast.makeText(context, "❌ حدث خطأ أثناء الحذف: $err", Toast.LENGTH_LONG).show()
app/src/main/java/com/example/ui/screens/admin/AdminStorageAndCacheScreen.kt:266:                            isPasswordError = true
app/src/main/java/com/example/ui/screens/admin/AdminVoiceCallPanel.kt:115:                color = MaterialTheme.colorScheme.errorContainer.copy(alpha = 0.4f),
app/src/main/java/com/example/ui/screens/admin/AdminVoiceCallPanel.kt:127:                        tint = MaterialTheme.colorScheme.error,
app/src/main/java/com/example/ui/screens/admin/AdminVoiceCallPanel.kt:133:                        color = MaterialTheme.colorScheme.onErrorContainer
app/src/main/java/com/example/ui/screens/admin/AdminStoresPropertiesPanel.kt:251:                                        Toast.makeText(context, if (store.isBlocked) "تم إلغاء حظر المتجر ✅" else "تم حظر المتجر 🚫", Toast.LENGTH_SHORT).show()
app/src/main/java/com/example/ui/screens/admin/AdminStoresPropertiesPanel.kt:270:                                            } catch (e: Exception) {
app/src/main/java/com/example/ui/screens/admin/AdminStoresPropertiesPanel.kt:271:                                                Toast.makeText(context, "تعذر فتح تطبيق الاتصال", Toast.LENGTH_SHORT).show()
app/src/main/java/com/example/ui/screens/admin/AdminStoresPropertiesPanel.kt:283:                                        Toast.makeText(context, "🗑️ تم حذف المتجر", Toast.LENGTH_SHORT).show()
app/src/main/java/com/example/ui/screens/admin/AdminStoresPropertiesPanel.kt:327:                                        Toast.makeText(context, if (prop.isBlocked) "تم فك الحظر عن العقار ✅" else "تم حظر العقار 🚫", Toast.LENGTH_SHORT).show()
app/src/main/java/com/example/ui/screens/admin/AdminStoresPropertiesPanel.kt:346:                                            } catch (e: Exception) {
app/src/main/java/com/example/ui/screens/admin/AdminStoresPropertiesPanel.kt:347:                                                Toast.makeText(context, "تعذر فتح تطبيق الاتصال", Toast.LENGTH_SHORT).show()
app/src/main/java/com/example/ui/screens/admin/AdminStoresPropertiesPanel.kt:359:                                        Toast.makeText(context, "🗑️ تم حذف العقار", Toast.LENGTH_SHORT).show()
app/src/main/java/com/example/ui/screens/admin/AdminStoresPropertiesPanel.kt:398:                            Toast.makeText(context, "يرجى كتابة اسم المتجر", Toast.LENGTH_SHORT).show()
app/src/main/java/com/example/ui/screens/admin/AdminStoresPropertiesPanel.kt:415:                        Toast.makeText(context, "تمت إضافة المتجر بنجاح 🏪", Toast.LENGTH_SHORT).show()
app/src/main/java/com/example/ui/screens/admin/AdminStoresPropertiesPanel.kt:455:                            Toast.makeText(context, "يرجى كتابة عنوان العقار", Toast.LENGTH_SHORT).show()
app/src/main/java/com/example/ui/screens/admin/AdminStoresPropertiesPanel.kt:471:                        Toast.makeText(context, "تمت إضافة العقار بنجاح 🏠", Toast.LENGTH_SHORT).show()
app/src/main/java/com/example/ui/screens/admin/AdminMaintenanceScreen.kt:129:                                Toast.makeText(context, if (newStatus) "🚨 تم تفعيل وضع الصيانة فوراً لجميع الأجهزة!" else "🟢 تم إيقاف وضع الصيانة وإعادة فتح التطبيق للعملاء!", Toast.LENGTH_SHORT).show()
app/src/main/java/com/example/ui/screens/admin/AdminMaintenanceScreen.kt:152:                                Toast.makeText(context, if (checked) "🚨 تم تفعيل وضع الصيانة فوراً!" else "🟢 تم إيقاف وضع الصيانة بنجاح!", Toast.LENGTH_SHORT).show()
app/src/main/java/com/example/ui/screens/admin/AdminMaintenanceScreen.kt:192:                        Toast.makeText(context, if (newStatus) "🚨 تم تفعيل وضع الصيانة فوراً!" else "🟢 تم إيقاف وضع الصيانة وإعادة فتح التطبيق للعملاء!", Toast.LENGTH_LONG).show()
app/src/main/java/com/example/ui/screens/admin/AdminMaintenanceScreen.kt:283:                            Toast.makeText(context, "📢 تم بث إشعار الطوارئ لكافة المستخدمين بنجاح!", Toast.LENGTH_SHORT).show()
app/src/main/java/com/example/ui/screens/admin/AdminMaintenanceScreen.kt:306:                            Toast.makeText(context, "💾 تم حفظ وتحديث كافة إعدادات الطوارئ سحابياً!", Toast.LENGTH_SHORT).show()
app/src/main/java/com/example/ui/screens/admin/AdminPanelLayout.kt:781:                                        Toast.makeText(context, "الرجاء كتابة عنوان التبويب", Toast.LENGTH_SHORT).show()
app/src/main/java/com/example/ui/screens/admin/AdminPanelLayout.kt:794:                                        Toast.makeText(context, "تم حفظ التبويب بنجاح 📑", Toast.LENGTH_SHORT).show()
app/src/main/java/com/example/ui/screens/admin/AdminPanelLayout.kt:933:                                    Toast.makeText(context, "تم حفظ ومزامنة إعدادات الأيقونات والخط فورياً 👑", Toast.LENGTH_SHORT).show()
app/src/main/java/com/example/ui/screens/admin/AdminPanelLayout.kt:1048:                                    Toast.makeText(context, "تم حفظ ومزامنة صلاحيات ونظام المحادثات الفورية ⚡", Toast.LENGTH_SHORT).show()
app/src/main/java/com/example/ui/screens/admin/AdminPanelLayout.kt:1131:                                    Toast.makeText(context, "✨ تم حفظ ومزامنة إعدادات وشكل أزرار البطائق فورياً لكل الأجهزة!", Toast.LENGTH_SHORT).show()
app/src/main/java/com/example/ui/screens/admin/AdminPanelLayout.kt:1209:                                        Toast.makeText(context, "🚀 تمت إضافة القسم الجديد ومزامرفته بنجاح تام!", Toast.LENGTH_LONG).show()
app/src/main/java/com/example/ui/screens/admin/AdminPanelLayout.kt:1212:                                        Toast.makeText(context, "⚠️ الرجاء إدخال اسم القسم الجديد", Toast.LENGTH_SHORT).show()
app/src/main/java/com/example/ui/screens/admin/AdminPanelLayout.kt:1321:                                                            Toast.makeText(context, "✅ تم حفظ التعديل ومزامنته فورياً!", Toast.LENGTH_SHORT).show()
app/src/main/java/com/example/ui/screens/admin/AdminPanelLayout.kt:1351:                                                                Toast.makeText(context, "🗑️ تم حذف الشرط بنجاح!", Toast.LENGTH_SHORT).show()
app/src/main/java/com/example/ui/screens/admin/AdminPanelLayout.kt:1384:                                            Toast.makeText(context, "✅ تمت إضافة ومزامنة الشرط بنجاح!", Toast.LENGTH_SHORT).show()
app/src/main/java/com/example/ui/screens/admin/AdminPanelLayout.kt:1422:                                        Toast.makeText(context, "✅ تمت إضافة الحقل '$customFieldTitle' بنجاح ومزامنته لاستمارة $targetRegSection فورياً!", Toast.LENGTH_LONG).show()
app/src/main/java/com/example/ui/screens/admin/AdminPanelLayout.kt:1425:                                        Toast.makeText(context, "⚠️ يرجى إدخال عنوان الحقل", Toast.LENGTH_SHORT).show()
app/src/main/java/com/example/ui/screens/admin/AdminPanelLayout.kt:1590:                                            Toast.makeText(context, "✅ تم اختيار الصورة وتحويلها بنجاح!", Toast.LENGTH_SHORT).show()
app/src/main/java/com/example/ui/screens/admin/AdminPanelLayout.kt:1624:                                            Toast.makeText(context, "الرجاء تعبئة الاسم ورقم الهاتف على الأقل للتفعيل", Toast.LENGTH_SHORT).show()
app/src/main/java/com/example/ui/screens/admin/AdminPanelLayout.kt:1648:                                            Toast.makeText(context, "🚀 تم إضافة وتفعيل مقدم الخدمة بنجاح!", Toast.LENGTH_SHORT).show()
app/src/main/java/com/example/ui/screens/admin/AdminPanelLayout.kt:1688:                                            Toast.makeText(context, "يرجى كتابة عنوان العقار ورقم الهاتف", Toast.LENGTH_SHORT).show()
app/src/main/java/com/example/ui/screens/admin/AdminPanelLayout.kt:1706:                                            Toast.makeText(context, "✅ تم إضافة ونشر العقار بنجاح!", Toast.LENGTH_SHORT).show()
app/src/main/java/com/example/ui/screens/admin/AdminPanelLayout.kt:1754:                                            Toast.makeText(context, "يرجى إدخال الاسم ورقم الهاتف", Toast.LENGTH_SHORT).show()
app/src/main/java/com/example/ui/screens/admin/AdminPanelLayout.kt:1771:                                            Toast.makeText(context, "✅ تم إضافة وتفعيل $defaultCategory بنجاح!", Toast.LENGTH_SHORT).show()
app/src/main/java/com/example/ui/screens/admin/AdminPanelLayout.kt:1809:                                            Toast.makeText(context, "يرجى كتابة المسمى الوظيفي ورقم التواصل", Toast.LENGTH_SHORT).show()
app/src/main/java/com/example/ui/screens/admin/AdminPanelLayout.kt:1826:                                            Toast.makeText(context, "✅ تم إعلان ونشر الوظيفة بنجاح!", Toast.LENGTH_SHORT).show()
app/src/main/java/com/example/ui/screens/admin/AdminPanelLayout.kt:2098:                                                            Toast.makeText(context, "✅ تم اعتماد وتحديث كلمة المرور لـ $reqName", Toast.LENGTH_LONG).show()
app/src/main/java/com/example/ui/screens/admin/AdminPanelLayout.kt:2101:                                                        Toast.makeText(context, "الرجاء إدخال أو توليد كلمة المرور", Toast.LENGTH_SHORT).show()
app/src/main/java/com/example/ui/screens/admin/AdminPanelLayout.kt:2125:                                                    } catch (e: Exception) {
app/src/main/java/com/example/ui/screens/admin/AdminPanelLayout.kt:2126:                                                        Toast.makeText(context, "فشل فتح واتساب", Toast.LENGTH_SHORT).show()
app/src/main/java/com/example/ui/screens/admin/AdminPanelLayout.kt:2144:                                                    } catch (e: Exception) {
app/src/main/java/com/example/ui/screens/admin/AdminPanelLayout.kt:2145:                                                        Toast.makeText(context, "فشل فتح تيليجرام", Toast.LENGTH_SHORT).show()
app/src/main/java/com/example/ui/screens/admin/AdminPanelLayout.kt:2165:                                                    } catch (e: Exception) {
app/src/main/java/com/example/ui/screens/admin/AdminPanelLayout.kt:2166:                                                        Toast.makeText(context, "فشل فتح الرسائل SMS", Toast.LENGTH_SHORT).show()
app/src/main/java/com/example/ui/screens/admin/AdminPanelLayout.kt:2181:                                                    Toast.makeText(context, "🔔 تم إرسال إشعار فوري داخل التطبيق!", Toast.LENGTH_SHORT).show()
app/src/main/java/com/example/ui/screens/admin/AdminPanelLayout.kt:2208:                                        Toast.makeText(context, "🔐 تم تحديث كلمة المرور لـ ${p.name}", Toast.LENGTH_SHORT).show()
app/src/main/java/com/example/ui/screens/admin/AdminPanelLayout.kt:2236:                                        Toast.makeText(context, "🔐 تم تحديث كلمة المرور لـ ${s.name}", Toast.LENGTH_SHORT).show()
app/src/main/java/com/example/ui/screens/admin/AdminPanelLayout.kt:2255:                                        Toast.makeText(context, "🔐 تم تحديث كلمة المرور لـ ${prop.title}", Toast.LENGTH_SHORT).show()
app/src/main/java/com/example/ui/screens/admin/AdminPanelLayout.kt:2274:                                        Toast.makeText(context, "🔐 تم تحديث كلمة المرور لـ ${job.title}", Toast.LENGTH_SHORT).show()
app/src/main/java/com/example/ui/screens/admin/AdminPanelLayout.kt:2359:                                                    Toast.makeText(context, "📸 تم اختيار وضغط الصورة بنجاح وتجهيز المزامنة!", Toast.LENGTH_SHORT).show()
app/src/main/java/com/example/ui/screens/admin/AdminPanelLayout.kt:2364:                                                Toast.makeText(context, "🎥 تم اختيار الفيديو بنجاح وتجهيز المزامنة!", Toast.LENGTH_SHORT).show()
app/src/main/java/com/example/ui/screens/admin/AdminPanelLayout.kt:2366:                                        } catch (e: Exception) {
app/src/main/java/com/example/ui/screens/admin/AdminPanelLayout.kt:2367:                                            Toast.makeText(context, "❌ فشل قراءة الملف: ${e.message}", Toast.LENGTH_SHORT).show()
app/src/main/java/com/example/ui/screens/admin/AdminPanelLayout.kt:2504:                                        Toast.makeText(context, "الرجاء كتابة عنوان الإعلان", Toast.LENGTH_SHORT).show()
app/src/main/java/com/example/ui/screens/admin/AdminPanelLayout.kt:2508:                                        Toast.makeText(context, "الرجاء كتابة رابط أو مسار ملف الإعلان", Toast.LENGTH_SHORT).show()
app/src/main/java/com/example/ui/screens/admin/AdminPanelLayout.kt:3172:                                        Toast.makeText(context, "يرجى تعبئة العنوان ونص الرسالة", Toast.LENGTH_SHORT).show()
app/src/main/java/com/example/ui/screens/admin/AdminPanelLayout.kt:3217:                                        Toast.makeText(context, "تم بث عرض ترويجي للجميع بنجاح!", Toast.LENGTH_SHORT).show()
app/src/main/java/com/example/ui/screens/admin/AdminPanelLayout.kt:3234:                                        Toast.makeText(context, "تم بث إعلان تحديث هام للجميع بنجاح!", Toast.LENGTH_SHORT).show()
app/src/main/java/com/example/ui/screens/admin/AdminPanelLayout.kt:3635:                                Toast.makeText(context, "تمت تصفية كامل المحادثات بنجاح من الخادم السحابي والذاكرة المؤقتة 🧼", Toast.LENGTH_SHORT).show()
app/src/main/java/com/example/ui/screens/admin/AdminPanelLayout.kt:3643:                            onClick = { Toast.makeText(context, "تم تصدير سجل المحادثات بنجاح للمصنف المالي 📁", Toast.LENGTH_SHORT).show() },
app/src/main/java/com/example/ui/screens/admin/AdminPanelLayout.kt:3740:                                            Toast.makeText(context, if (ch.isBlocked) "تم فك حظر المحادثة" else "تم حظر المحادثة ومنع أطرافها 🛑", Toast.LENGTH_SHORT).show()
app/src/main/java/com/example/ui/screens/admin/AdminPanelLayout.kt:4257:                            Toast.makeText(context, "تم حفظ وضبط وتعميم مظهر الدليل والأزرار والبطاقات بنجاح! 🎉", Toast.LENGTH_SHORT).show()
app/src/main/java/com/example/ui/screens/admin/AdminPanelLayout.kt:4295:                                Toast.makeText(context, "تم بث تنبيهات بوش تلقائية لعدد ($sentCount) فنيين اشتراكهم ينتهي خلال 48 ساعة!", Toast.LENGTH_LONG).show()
app/src/main/java/com/example/ui/screens/admin/AdminPanelLayout.kt:4297:                                Toast.makeText(context, "لم يتم العثور على أي فنيين اقترب انتهاء اشتراكهم (تحت 48 ساعة) في السجلات حالياً.", Toast.LENGTH_LONG).show()
app/src/main/java/com/example/ui/screens/admin/AdminPanelLayout.kt:4354:                                            } catch(e: Exception) {
app/src/main/java/com/example/ui/screens/admin/AdminPanelLayout.kt:4355:                                                Toast.makeText(context, "فشل فتح واتساب", Toast.LENGTH_SHORT).show()
app/src/main/java/com/example/ui/screens/admin/AdminPanelLayout.kt:4373:                                            } catch(e: Exception) {
app/src/main/java/com/example/ui/screens/admin/AdminPanelLayout.kt:4374:                                                Toast.makeText(context, "فشل فتح SMS", Toast.LENGTH_SHORT).show()
app/src/main/java/com/example/ui/screens/admin/AdminPanelLayout.kt:4392:                                            Toast.makeText(context, "تم إرسال تذكير بكلمة المرور للفني بنجاح كإشعار داخلي", Toast.LENGTH_SHORT).show()
app/src/main/java/com/example/ui/screens/admin/AdminPanelLayout.kt:4409:                                        Toast.makeText(context, "تم تجديد اشتراك ${p.name} لمدة 30 يوماً بنجاح", Toast.LENGTH_SHORT).show()
app/src/main/java/com/example/ui/screens/admin/AdminPanelLayout.kt:4426:                                        Toast.makeText(context, "تم إرسال إشعار بوش يدوي ينبه الفني بالفترة المحددة بـ 48 ساعة", Toast.LENGTH_SHORT).show()
app/src/main/java/com/example/ui/screens/admin/AdminPanelLayout.kt:4523:                                        Toast.makeText(context, "الرجاء تعبئة اسم المشرف وكلمة المرور أولاً!", Toast.LENGTH_SHORT).show()
app/src/main/java/com/example/ui/screens/admin/AdminPanelLayout.kt:4799:                                        Toast.makeText(context, "الرجاء تعبئة الاسم والألوان الستة عشرية بالكامل!", Toast.LENGTH_SHORT).show()
app/src/main/java/com/example/ui/screens/admin/AdminPanelLayout.kt:4832:                                            .background(try { Color(android.graphics.Color.parseColor(pal.primaryHex)) } catch(e: Exception) { Color.Gray })
app/src/main/java/com/example/ui/screens/admin/AdminPanelLayout.kt:4838:                                            .background(try { Color(android.graphics.Color.parseColor(pal.secondaryHex)) } catch(e: Exception) { Color.DarkGray })
app/src/main/java/com/example/ui/screens/admin/AdminPanelLayout.kt:4877:                                            } ; android.widget.Toast.makeText(context, "🌈 تم تطبيق هذا السطح اللوني الآن ومزامنته فوراً!", android.widget.Toast.LENGTH_SHORT).show()
app/src/main/java/com/example/ui/screens/admin/AdminPanelLayout.kt:5000:                                        Toast.makeText(context, "الرجاء تعبئة اسم القسم والأيقونة", Toast.LENGTH_SHORT).show()
app/src/main/java/com/example/ui/screens/admin/AdminPanelLayout.kt:5013:                                        Toast.makeText(context, "تمت إضافة قسم الصيانة بنجاح 🗂️", Toast.LENGTH_SHORT).show()
app/src/main/java/com/example/ui/screens/admin/AdminPanelLayout.kt:5166:                                        Toast.makeText(context, "الرجاء ملء الاسم العربي والإنجليزي للمحافظة", Toast.LENGTH_SHORT).show()
app/src/main/java/com/example/ui/screens/admin/AdminPanelLayout.kt:5176:                                        Toast.makeText(context, "تمت إضافة المحافظة بنجاح 🗺️", Toast.LENGTH_SHORT).show()
app/src/main/java/com/example/ui/screens/admin/AdminPanelLayout.kt:5216:                                    Toast.makeText(context, "تم حذف المحافظة بنجاح", Toast.LENGTH_SHORT).show()
app/src/main/java/com/example/ui/screens/admin/AdminPanelLayout.kt:5260:                                    Toast.makeText(context, "🔄 جاري إعادة فحص ومزامنة كامل جداول البيانات مع السحاب...", Toast.LENGTH_SHORT).show()
app/src/main/java/com/example/ui/screens/admin/AdminPanelLayout.kt:5292:                                                    Toast.makeText(context, "✅ تم حفظ النسخة الاحتياطية بذاكرة الهاتف/SD Card:\n$path", Toast.LENGTH_LONG).show()
app/src/main/java/com/example/ui/screens/admin/AdminPanelLayout.kt:5294:                                                    Toast.makeText(context, "✅ تم إنشاء النسخة الاحتياطية بنجاح!", Toast.LENGTH_SHORT).show()
app/src/main/java/com/example/ui/screens/admin/AdminPanelLayout.kt:5297:                                                Toast.makeText(context, "❌ فشل إنشاء النسخة الاحتياطية", Toast.LENGTH_SHORT).show()
app/src/main/java/com/example/ui/screens/admin/AdminPanelLayout.kt:5314:                                                Toast.makeText(context, "📋 تم نسخ كود الاحتياط الكامل للذاكرة بنجاح!", Toast.LENGTH_LONG).show()
app/src/main/java/com/example/ui/screens/admin/AdminPanelLayout.kt:5362:                                             Toast.makeText(context, "✅ تم استخراج وقراءة ملف النسخة الاحتياطية بنجاح! اضغط تأكيد الاستعادة أدناه.", Toast.LENGTH_LONG).show()
app/src/main/java/com/example/ui/screens/admin/AdminPanelLayout.kt:5364:                                             Toast.makeText(context, "⚠️ الملف المحدد فارغ أو غير متوافق!", Toast.LENGTH_SHORT).show()
app/src/main/java/com/example/ui/screens/admin/AdminPanelLayout.kt:5366:                                     } catch (e: Exception) {
app/src/main/java/com/example/ui/screens/admin/AdminPanelLayout.kt:5367:                                         Toast.makeText(context, "❌ فشل قراءة الملف: ${e.localizedMessage}", Toast.LENGTH_LONG).show()
app/src/main/java/com/example/ui/screens/admin/AdminPanelLayout.kt:5393:                                         Toast.makeText(context, "⚠️ يرجى اختيار ملف أو لصق كود النسخة أولاً!", Toast.LENGTH_SHORT).show()
app/src/main/java/com/example/ui/screens/admin/AdminPanelLayout.kt:5398:                                                 Toast.makeText(context, "💚 تم استعادة كامل البيانات والمزامنة السحابية بنجاح بنسبة 100%!", Toast.LENGTH_LONG).show()
app/src/main/java/com/example/ui/screens/admin/AdminPanelLayout.kt:5400:                                                 Toast.makeText(context, "❌ فشل استعادة البيانات: $msg", Toast.LENGTH_LONG).show()
app/src/main/java/com/example/ui/screens/admin/AdminPanelLayout.kt:5452:                                    Toast.makeText(context, "⚡ تم حفظ إعدادات المزامنة الثانوية لـ Firebase بنجاح!", Toast.LENGTH_SHORT).show()
app/src/main/java/com/example/ui/screens/admin/AdminPanelLayout.kt:5473:                                    Toast.makeText(context, "تم تصدير الدليل الكامل للفنيين والمحافظات إلى ذاكرة الهاتف 📁", Toast.LENGTH_LONG).show()
app/src/main/java/com/example/ui/screens/admin/AdminPanelLayout.kt:5483:                                    Toast.makeText(context, "تم تصدير جميع سجلات حجز الصيانة المجدولة والنشطة 📁", Toast.LENGTH_LONG).show()
app/src/main/java/com/example/ui/screens/admin/AdminPanelLayout.kt:5610:                                        Toast.makeText(context, "📋 تم نسخ البيانات المحددة بصيغة JSON بنجاح إلى ذاكرة الهاتف!", Toast.LENGTH_SHORT).show()
app/src/main/java/com/example/ui/screens/admin/AdminPanelLayout.kt:7474:                            Toast.makeText(context, "الرجاء كتابة سبب الرفض لتنبيه العميل به", Toast.LENGTH_SHORT).show()
app/src/main/java/com/example/ui/screens/admin/AdminPanelLayout.kt:7681:                                Toast.makeText(context, "💥 تم تصفية الفئات المحددة وإعادتها للصفر بنجاح!", Toast.LENGTH_LONG).show()
app/src/main/java/com/example/ui/screens/admin/AdminPanelLayout.kt:7684:                            Toast.makeText(context, "❌ كلمة مرور الأدمن غير صحيحة! تم منع التطهير.", Toast.LENGTH_SHORT).show()
app/src/main/java/com/example/ui/screens/admin/AdminPanelLayout.kt:8771:        } catch (e: Exception) {}
app/src/main/java/com/example/ui/screens/admin/AdminPanelLayout.kt:8838:                                Toast.makeText(context, "💬 تم فتح محادثة الدعم وإرسال الإجراء بنجاح!", Toast.LENGTH_LONG).show()
app/src/main/java/com/example/ui/screens/admin/AdminPanelLayout.kt:8840:                                Toast.makeText(context, "✅ تم إعادة تعيين كلمة المرور وإرسال الإشعار بنجاح!", Toast.LENGTH_LONG).show()
app/src/main/java/com/example/ui/screens/admin/AdminPanelLayout.kt:8844:                            Toast.makeText(context, "الرجاء التأكد من رقم الهاتف وكلمة المرور", Toast.LENGTH_SHORT).show()
app/src/main/java/com/example/ui/screens/admin/AdminPanelLayout.kt:8909:                            Toast.makeText(context, "الرجاء إدخال كلمة المرور الجديدة", Toast.LENGTH_SHORT).show()
app/src/main/java/com/example/ui/screens/admin/AdminPanelLayout.kt:8928:                        } catch(e: Exception) {
app/src/main/java/com/example/ui/screens/admin/AdminPanelLayout.kt:8929:                            Toast.makeText(context, "فشل فتح واتساب", Toast.LENGTH_SHORT).show()
app/src/main/java/com/example/ui/screens/admin/AdminPanelLayout.kt:8946:                        } catch(e: Exception) {
app/src/main/java/com/example/ui/screens/admin/AdminPanelLayout.kt:8947:                            Toast.makeText(context, "فشل فتح تيليجرام", Toast.LENGTH_SHORT).show()
app/src/main/java/com/example/ui/screens/admin/AdminPanelLayout.kt:8965:                        } catch(e: Exception) {
app/src/main/java/com/example/ui/screens/admin/AdminPanelLayout.kt:8966:                            Toast.makeText(context, "فشل فتح SMS", Toast.LENGTH_SHORT).show()
app/src/main/java/com/example/ui/screens/admin/AdminAutoRoutingScreen.kt:306:                        Toast.makeText(context, "✅ تم حفظ وتطبيق خوارزميات التوجيه الذكي سحابياً!", Toast.LENGTH_SHORT).show()
app/src/main/java/com/example/ui/screens/admin/AdminAutoRoutingScreen.kt:310:                        Toast.makeText(context, "❌ فشل حفظ خوارزميات التوجيه: ${err.localizedMessage}", Toast.LENGTH_LONG).show()
app/src/main/java/com/example/ui/screens/admin/AdminApiKeysScreen.kt:326:                                            Toast.makeText(context, "تم نسخ المفتاح للحافظة", Toast.LENGTH_SHORT).show()
app/src/main/java/com/example/ui/screens/admin/AdminApiKeysScreen.kt:369:                        Toast.makeText(context, "✅ تم حفظ ومزامنة كافة المفاتيح سحابياً فوراً وأمان تام!", Toast.LENGTH_LONG).show()
app/src/main/java/com/example/ui/screens/admin/AdminApiKeysScreen.kt:371:                        Toast.makeText(context, "❌ حدث خطأ أثناء حفظ المفاتيح، يرجى المحاولة لاحقاً", Toast.LENGTH_SHORT).show()
app/src/main/java/com/example/ui/screens/admin/AdminApiKeysScreen.kt:420:                            Toast.makeText(context, "تمت إضافة المفتاح بنجاح", Toast.LENGTH_SHORT).show()
app/src/main/java/com/example/ui/screens/home/FavoritesScreenLayout.kt:310:                                    } catch (e: Exception) {
app/src/main/java/com/example/ui/screens/home/FavoritesScreenLayout.kt:311:                                        android.widget.Toast.makeText(context, "تعذر الاتصال", android.widget.Toast.LENGTH_SHORT).show()
app/src/main/java/com/example/ui/screens/home/FavoritesScreenLayout.kt:340:                                    } catch (e: Exception) {
app/src/main/java/com/example/ui/screens/home/FavoritesScreenLayout.kt:341:                                        android.widget.Toast.makeText(context, "تعذر الاتصال", android.widget.Toast.LENGTH_SHORT).show()
app/src/main/java/com/example/ui/screens/home/FavoritesScreenLayout.kt:369:                                    } catch (e: Exception) {
app/src/main/java/com/example/ui/screens/home/FavoritesScreenLayout.kt:370:                                        android.widget.Toast.makeText(context, "تعذر الاتصال", android.widget.Toast.LENGTH_SHORT).show()
app/src/main/java/com/example/ui/screens/home/ServicesBrowserPayment.kt:177:                            Toast.makeText(context, "يرجى إدخال رقم الحوالة واسم المحول", Toast.LENGTH_SHORT).show()
app/src/main/java/com/example/ui/screens/home/ServicesBrowserPayment.kt:192:                        Toast.makeText(context, "✅ تم إرسال إشعار السداد بنجاح وهو قيد التأكيد!", Toast.LENGTH_LONG).show()
app/src/main/java/com/example/ui/screens/dashboard/viewmodels/FavoritesViewModel.kt:20:    val errorMessage: String? = null
app/src/main/java/com/example/ui/screens/dashboard/viewmodels/OffersViewModel.kt:25:    private val _error = MutableStateFlow<String?>(null)
app/src/main/java/com/example/ui/screens/dashboard/viewmodels/OffersViewModel.kt:26:    val error: StateFlow<String?> = _error.asStateFlow()
app/src/main/java/com/example/ui/screens/dashboard/viewmodels/OffersViewModel.kt:35:            _error.value = null
app/src/main/java/com/example/ui/screens/dashboard/viewmodels/OffersViewModel.kt:39:                _error.value = it.message
app/src/main/java/com/example/ui/screens/dashboard/viewmodels/OffersViewModel.kt:50:                    _error.value = e.localizedMessage ?: "فشل إضافة العرض"
app/src/main/java/com/example/ui/screens/dashboard/viewmodels/OffersViewModel.kt:60:                    _error.value = e.localizedMessage ?: "فشل تحديث العرض"
app/src/main/java/com/example/ui/screens/dashboard/viewmodels/OffersViewModel.kt:70:                    _error.value = e.localizedMessage ?: "فشل حذف العرض"
app/src/main/java/com/example/ui/screens/dashboard/viewmodels/DashboardUiState.kt:20:    val errorMessage: String? = null
app/src/main/java/com/example/ui/screens/dashboard/MedicalDashboard.kt:77:                is DashboardEvent.ShowToast -> Toast.makeText(context, event.message, Toast.LENGTH_SHORT).show()
app/src/main/java/com/example/ui/screens/dashboard/MedicalDashboard.kt:233:                                Toast.makeText(context, "تم الرد على تقييم المريض بنجاح ✅", Toast.LENGTH_SHORT).show()
app/src/main/java/com/example/ui/screens/dashboard/MedicalDashboard.kt:251:                                Toast.makeText(context, "تم تحديث بيانات المركز بنجاح ✅", Toast.LENGTH_SHORT).show()
app/src/main/java/com/example/ui/screens/dashboard/MedicalDashboard.kt:254:                                Toast.makeText(context, "تم تغيير كلمة المرور بنجاح 🔑", Toast.LENGTH_SHORT).show()
app/src/main/java/com/example/ui/screens/dashboard/TechnicianDashboard.kt:65:                is DashboardEvent.ShowToast -> Toast.makeText(context, event.message, Toast.LENGTH_SHORT).show()
app/src/main/java/com/example/ui/screens/dashboard/TechnicianDashboard.kt:127:                                Toast.makeText(context, "تم قبول طلب الحجز وإشعار العميل ✅", Toast.LENGTH_SHORT).show()
app/src/main/java/com/example/ui/screens/dashboard/TechnicianDashboard.kt:131:                                Toast.makeText(context, "تم رفض الطلب وإرسال السبب للعميل ❌", Toast.LENGTH_SHORT).show()
app/src/main/java/com/example/ui/screens/dashboard/TechnicianDashboard.kt:154:                                Toast.makeText(context, "تم بدء تنفيذ الخدمة ⚙️", Toast.LENGTH_SHORT).show()
app/src/main/java/com/example/ui/screens/dashboard/TechnicianDashboard.kt:158:                                Toast.makeText(context, "تم إكمال الخدمة بنجاح 🏁", Toast.LENGTH_SHORT).show()
app/src/main/java/com/example/ui/screens/dashboard/TechnicianDashboard.kt:211:                                Toast.makeText(context, "تم تحديث بيانات ملفك الشخصي ✅", Toast.LENGTH_SHORT).show()
app/src/main/java/com/example/ui/screens/dashboard/TechnicianDashboard.kt:214:                                Toast.makeText(context, "تم تغيير كلمة المرور بنجاح 🔑", Toast.LENGTH_SHORT).show()
app/src/main/java/com/example/ui/screens/dashboard/components/StoreAddProductDialog.kt:44:    var errorMessage by remember { mutableStateOf<String?>(null) }
app/src/main/java/com/example/ui/screens/dashboard/components/StoreAddProductDialog.kt:58:                if (errorMessage != null) {
app/src/main/java/com/example/ui/screens/dashboard/components/StoreAddProductDialog.kt:65:                            text = errorMessage ?: "",
app/src/main/java/com/example/ui/screens/dashboard/components/StoreAddProductDialog.kt:78:                        if (errorMessage != null) errorMessage = null
app/src/main/java/com/example/ui/screens/dashboard/components/StoreAddProductDialog.kt:97:                        if (errorMessage != null) errorMessage = null
app/src/main/java/com/example/ui/screens/dashboard/components/StoreAddProductDialog.kt:112:                        } catch(e: Exception) { null }
app/src/main/java/com/example/ui/screens/dashboard/components/StoreAddProductDialog.kt:139:                        errorMessage = "⚠️ يرجى إدخال اسم المنتج بشكل صحيح"
app/src/main/java/com/example/ui/screens/dashboard/components/StoreAddProductDialog.kt:140:                        Toast.makeText(context, "⚠️ اسم المنتج مطلوب!", Toast.LENGTH_SHORT).show()
app/src/main/java/com/example/ui/screens/dashboard/components/StoreAddProductDialog.kt:142:                        errorMessage = "⚠️ يرجى إدخال سعر صحيح أكبر من الصفر"
app/src/main/java/com/example/ui/screens/dashboard/components/StoreAddProductDialog.kt:143:                        Toast.makeText(context, "⚠️ يرجى إدخال سعر صالح!", Toast.LENGTH_SHORT).show()
app/src/main/java/com/example/ui/screens/dashboard/components/StoreAddProductDialog.kt:155:                        Toast.makeText(context, "✅ تم إضافة المنتج ونشره بكتالوجك بنجاح!", Toast.LENGTH_SHORT).show()
app/src/main/java/com/example/ui/screens/dashboard/components/AdvancedAccountSettingsScreen.kt:98:            colors = ButtonDefaults.outlinedButtonColors(contentColor = MaterialTheme.colorScheme.error),
app/src/main/java/com/example/ui/screens/dashboard/components/AdvancedAccountSettingsScreen.kt:112:                    TextButton(onClick = { showDeleteConfirm = false }) { Text("حذف", color = MaterialTheme.colorScheme.error) }
app/src/main/java/com/example/ui/screens/dashboard/components/StoreReviewsCard.kt:100:                                            Toast.makeText(context, "✅ تم إرسال ردّك بنجاح للعميل والنشره فوراً", Toast.LENGTH_SHORT).show()
app/src/main/java/com/example/ui/screens/dashboard/components/UnifiedRatingsAndBookingsComponents.kt:81:                        android.widget.Toast.makeText(context, "📎 جاري فتح منتقي الصور والملفات بالهاتف...", android.widget.Toast.LENGTH_SHORT).show()
app/src/main/java/com/example/ui/screens/dashboard/components/StoreEditDetailsCard.kt:89:                        Toast.makeText(context, "✅ تم حفظ التغييرات بنجاح لمحلّك!", Toast.LENGTH_SHORT).show()
app/src/main/java/com/example/ui/screens/dashboard/components/StoreProductCatalogCard.kt:90:                                    } catch(e: Exception) { null }
app/src/main/java/com/example/ui/screens/dashboard/components/StoreProductCatalogCard.kt:115:                                Toast.makeText(context, "🗑️ تم حذف المنتج بنجاح", Toast.LENGTH_SHORT).show()
app/src/main/java/com/example/ui/screens/dashboard/components/UnifiedOffersSection.kt:60:                            Toast.makeText(context, "🎉 تم نشر العرض الترويجي بنجاح!", Toast.LENGTH_SHORT).show()
app/src/main/java/com/example/ui/screens/dashboard/components/AdvancedOffersManagementDialog.kt:164:                                    Icon(Icons.Default.Delete, contentDescription = "حذف", tint = MaterialTheme.colorScheme.error)
app/src/main/java/com/example/ui/screens/dashboard/JobPosterDashboard.kt:72:                is DashboardEvent.ShowToast -> Toast.makeText(context, event.message, Toast.LENGTH_SHORT).show()
app/src/main/java/com/example/ui/screens/dashboard/JobPosterDashboard.kt:213:                                Toast.makeText(context, "تم حفظ بيانات المعلن بنجاح ✅", Toast.LENGTH_SHORT).show()
app/src/main/java/com/example/ui/screens/dashboard/JobPosterDashboard.kt:216:                                Toast.makeText(context, "تم تغيير كلمة المرور بنجاح 🔑", Toast.LENGTH_SHORT).show()
app/src/main/java/com/example/ui/screens/dashboard/StoreDashboard.kt:61:                is DashboardEvent.ShowToast -> Toast.makeText(context, event.message, Toast.LENGTH_SHORT).show()
app/src/main/java/com/example/ui/screens/dashboard/StoreDashboard.kt:150:                                Toast.makeText(context, "تم تحديث حالة الطلب إلى $status ✅", Toast.LENGTH_SHORT).show()
app/src/main/java/com/example/ui/screens/dashboard/StoreDashboard.kt:162:                                Toast.makeText(context, "تم إرسال الرد للعميل بنجاح ✅", Toast.LENGTH_SHORT).show()
app/src/main/java/com/example/ui/screens/dashboard/StoreDashboard.kt:180:                                Toast.makeText(context, "تم حفظ بيانات المتجر بنجاح ✅", Toast.LENGTH_SHORT).show()
app/src/main/java/com/example/ui/screens/dashboard/StoreDashboard.kt:183:                                Toast.makeText(context, "تم تحديث كلمة المرور بنجاح 🔑", Toast.LENGTH_SHORT).show()
app/src/main/java/com/example/ui/screens/dashboard/PropertyDashboard.kt:60:                is DashboardEvent.ShowToast -> Toast.makeText(context, event.message, Toast.LENGTH_SHORT).show()
app/src/main/java/com/example/ui/screens/dashboard/PropertyDashboard.kt:154:                                Toast.makeText(context, "تم الرد على تقييم المكتب بنجاح ✅", Toast.LENGTH_SHORT).show()
app/src/main/java/com/example/ui/screens/dashboard/PropertyDashboard.kt:172:                                Toast.makeText(context, "تم تحديث بيانات المكتب العقاري ✅", Toast.LENGTH_SHORT).show()
app/src/main/java/com/example/ui/screens/dashboard/PropertyDashboard.kt:175:                                Toast.makeText(context, "تم تغيير كلمة المرور بنجاح 🔑", Toast.LENGTH_SHORT).show()
app/src/main/java/com/example/ui/screens/dashboard/RestoreAccountBottomSheet.kt:119:                                    Toast.makeText(context, msg, Toast.LENGTH_LONG).show()
app/src/main/java/com/example/ui/screens/dashboard/RestoreAccountBottomSheet.kt:123:                            Toast.makeText(context, "❌ يرجى تعبئة كافة الحقول بشكل صحيح ورقم من 9 أرقام!", Toast.LENGTH_SHORT).show()
app/src/main/java/com/example/ui/screens/dashboard/RestoreAccountBottomSheet.kt:153:                        Toast.makeText(context, "📩 تم إرسال طلب إعادة تعيين كلمة المرور لإدارة التطبيق لرقمك ($cleanPhone)", Toast.LENGTH_LONG).show()
app/src/main/java/com/example/ui/screens/dashboard/RestoreAccountBottomSheet.kt:156:                        Toast.makeText(context, "⚠️ يرجى إدخال رقم هاتفك في الحقل أولاً لطلب إعادة التعيين من الإدارة", Toast.LENGTH_LONG).show()
app/src/main/java/com/example/ui/screens/dashboard/RestaurantDashboard.kt:61:                is DashboardEvent.ShowToast -> Toast.makeText(context, event.message, Toast.LENGTH_SHORT).show()
app/src/main/java/com/example/ui/screens/dashboard/RestaurantDashboard.kt:150:                                Toast.makeText(context, "تم تحديث حالة وجبة العميل ✅", Toast.LENGTH_SHORT).show()
app/src/main/java/com/example/ui/screens/dashboard/RestaurantDashboard.kt:162:                                Toast.makeText(context, "تم الرد على تقييم المطعم بنجاح ✅", Toast.LENGTH_SHORT).show()
app/src/main/java/com/example/ui/screens/dashboard/RestaurantDashboard.kt:180:                                Toast.makeText(context, "تم تحديث بيانات المطعم بنجاح ✅", Toast.LENGTH_SHORT).show()
app/src/main/java/com/example/ui/screens/dashboard/RestaurantDashboard.kt:183:                                Toast.makeText(context, "تم تغيير كلمة المرور بنجاح 🔑", Toast.LENGTH_SHORT).show()
app/src/main/java/com/example/ui/screens/entities/CategoriesScreen.kt:40:    var errorMessage by remember { mutableStateOf<String?>(null) }
app/src/main/java/com/example/ui/screens/entities/CategoriesScreen.kt:48:            errorMessage = null
app/src/main/java/com/example/ui/screens/entities/CategoriesScreen.kt:51:            errorMessage = null
app/src/main/java/com/example/ui/screens/entities/CategoriesScreen.kt:57:                    errorMessage = null
app/src/main/java/com/example/ui/screens/entities/CategoriesScreen.kt:58:                }.onFailure { error ->
app/src/main/java/com/example/ui/screens/entities/CategoriesScreen.kt:61:                        errorMessage = null
app/src/main/java/com/example/ui/screens/entities/CategoriesScreen.kt:63:                        errorMessage = "فشل تحميل الفئات: ${error.localizedMessage ?: "خطأ غير معروف"}"
app/src/main/java/com/example/ui/screens/entities/CategoriesScreen.kt:66:            } catch (e: Exception) {
app/src/main/java/com/example/ui/screens/entities/CategoriesScreen.kt:73:    if (errorMessage != null) {
app/src/main/java/com/example/ui/screens/entities/CategoriesScreen.kt:74:        LaunchedEffect(errorMessage) {
app/src/main/java/com/example/ui/screens/entities/CategoriesScreen.kt:75:            val result = snackbarHostState.showSnackbar(
app/src/main/java/com/example/ui/screens/entities/CategoriesScreen.kt:76:                message = errorMessage ?: "حدث خطأ غير متوقع",
app/src/main/java/com/example/ui/screens/entities/CategoriesScreen.kt:124:            } else if (errorMessage != null && categories.isEmpty()) {
app/src/main/java/com/example/ui/screens/entities/CategoriesScreen.kt:136:                            text = errorMessage ?: "حدث خطأ أثناء تحميل الفئات",
app/src/main/java/com/example/ui/screens/entities/CategoriesScreen.kt:151:            } else if (categories.isEmpty() && errorMessage == null) {
app/src/main/java/com/example/ui/screens/entities/ProfileHeader.kt:59:                } catch (e: Exception) {
app/src/main/java/com/example/ui/screens/entities/ProfileOwnerAdminControlBar.kt:389:                                Toast.makeText(context, "📸 تم حفظ وتحديث الصور بنجاح!", Toast.LENGTH_SHORT).show()
app/src/main/java/com/example/ui/screens/entities/ProfileOwnerAdminControlBar.kt:474:                                Toast.makeText(context, "✅ تم حفظ التعديلات بنجاح!", Toast.LENGTH_SHORT).show()
app/src/main/java/com/example/ui/screens/entities/ProfileOwnerAdminControlBar.kt:548:                                Toast.makeText(context, "🏷️ تم تحديث الأسعار والعروض!", Toast.LENGTH_SHORT).show()
app/src/main/java/com/example/ui/screens/entities/ProfileOwnerAdminControlBar.kt:620:                                    Toast.makeText(context, "📦 تم إضافة الصنف بنجاح!", Toast.LENGTH_SHORT).show()
app/src/main/java/com/example/ui/screens/entities/ProfileOwnerAdminControlBar.kt:623:                                    Toast.makeText(context, "يرجى كتابة اسم الصنف", Toast.LENGTH_SHORT).show()
app/src/main/java/com/example/ui/screens/entities/ProfileOwnerAdminControlBar.kt:650:                        Toast.makeText(context, "🗑️ تم حذف النشاط وإخفاؤه بنجاح", Toast.LENGTH_LONG).show()
app/src/main/java/com/example/ui/screens/entities/GenericSectionView.kt:308:fun RetryableErrorContent(
app/src/main/java/com/example/ui/screens/entities/GenericSectionView.kt:309:    errorMessage: String,
app/src/main/java/com/example/ui/screens/entities/GenericSectionView.kt:349:                text = errorMessage,
app/src/main/java/com/example/ui/screens/owner/GalleryManagementScreen.kt:117:                                Toast.makeText(context, "تم تعيين الصورة كصورة غلاف رئيسية", Toast.LENGTH_SHORT).show()
app/src/main/java/com/example/ui/screens/owner/GalleryManagementScreen.kt:121:                                Toast.makeText(context, "تم حذف الصورة من المعرض", Toast.LENGTH_SHORT).show()
app/src/main/java/com/example/ui/screens/owner/GalleryManagementScreen.kt:154:                            Toast.makeText(context, "تم إضافة الصورة لمعرض الصور!", Toast.LENGTH_SHORT).show()
app/src/main/java/com/example/ui/screens/owner/ProductServiceManagementScreen.kt:116:                                Toast.makeText(context, "تم حذف المنتج بنجاح", Toast.LENGTH_SHORT).show()
app/src/main/java/com/example/ui/screens/owner/ProductServiceManagementScreen.kt:137:                Toast.makeText(context, "تم حفظ المنتج بنجاح!", Toast.LENGTH_SHORT).show()
app/src/main/java/com/example/ui/screens/owner/PriceManagementScreen.kt:89:                            Toast.makeText(context, "تم تحديث سعر ${product.name} إلى $newPrice YER", Toast.LENGTH_SHORT).show()
app/src/main/java/com/example/ui/screens/owner/OwnerProfileScreen.kt:207:                                Toast.makeText(context, "✅ تم حفظ وتحديث بيانات الملف الشخصي بنجاح!", Toast.LENGTH_SHORT).show()
app/src/main/java/com/example/ui/screens/owner/OwnerProfileScreen.kt:211:                                Toast.makeText(context, "❌ فشل حفظ التغييرات: ${err.localizedMessage}", Toast.LENGTH_LONG).show()
app/src/main/java/com/example/ui/screens/owner/OffersManagementScreen.kt:108:                                Toast.makeText(context, "تم حذف الكوبون بنجاح", Toast.LENGTH_SHORT).show()
app/src/main/java/com/example/ui/screens/owner/OffersManagementScreen.kt:125:                Toast.makeText(context, "تم نشر كوبون الخصم بنجاح!", Toast.LENGTH_SHORT).show()
app/src/main/java/com/example/ui/screens/bookings/BookingsScreenLayout.kt:70:                            Toast.makeText(context, "تم حفظ الحجز وتأكيده بنجاح!", Toast.LENGTH_SHORT).show()
app/src/main/java/com/example/ui/screens/bookings/BookingsScreenLayout.kt:111:                    Toast.makeText(context, "تم تحديث حالة الحجز إلى: $newStatus", Toast.LENGTH_SHORT).show()
app/src/main/java/com/example/ui/screens/bookings/BookingsScreenLayout.kt:121:                        Toast.makeText(context, msg, Toast.LENGTH_LONG).show()
app/src/main/java/com/example/ui/screens/bookings/OrdersScreenLayout.kt:444:                                    Toast.makeText(context, "✅ تم حذف وإلغاء الطلب بنجاح!", Toast.LENGTH_SHORT).show()
app/src/main/java/com/example/ui/screens/bookings/OrdersScreenLayout.kt:446:                                    Toast.makeText(context, "❌ رمز الحذف غير صحيح! يرجى المحاولة مرة أخرى.", Toast.LENGTH_SHORT).show()
app/src/main/java/com/example/ui/screens/bookings/OrdersScreenLayout.kt:504:                                Toast.makeText(context, "✅ تم حذف جميع الطلبات بنجاح!", Toast.LENGTH_SHORT).show()
app/src/main/java/com/example/ui/screens/bookings/BookingDetailsScreen.kt:341:                                    Toast.makeText(context, "رقم الهاتف غير متوفر", Toast.LENGTH_SHORT).show()
app/src/main/java/com/example/ui/screens/bookings/BookingDetailsScreen.kt:521:                    Toast.makeText(context, "شكراً لتقييمكم!", Toast.LENGTH_SHORT).show()
app/src/main/java/com/example/ui/screens/bookings/InstantRequestComponents.kt:156:                        Toast.makeText(context, "الرجاء تعبئة العنوان والمدينة", Toast.LENGTH_SHORT).show()
app/src/main/java/com/example/ui/screens/bookings/InstantRequestComponents.kt:175:                            Toast.makeText(context, "تم إرسال طلبك للفنيين", Toast.LENGTH_SHORT).show()
app/src/main/java/com/example/ui/screens/bookings/InstantRequestComponents.kt:241:                        Toast.makeText(context, "الرجاء تحديد السعر", Toast.LENGTH_SHORT).show()
app/src/main/java/com/example/ui/screens/bookings/InstantRequestComponents.kt:259:                    Toast.makeText(context, "تم تقديم عرضك بنجاح", Toast.LENGTH_SHORT).show()
app/src/main/java/com/example/ui/screens/bookings/BookingCalendarViewModel.kt:25:    val errorMessage: String? = null
app/src/main/java/com/example/ui/screens/bookings/BookingCalendarViewModel.kt:70:    fun setErrorMessage(message: String?) {
app/src/main/java/com/example/ui/screens/bookings/BookingCalendarViewModel.kt:71:        _uiState.value = _uiState.value.copy(errorMessage = message)
app/src/main/java/com/example/ui/screens/bookings/BookingCalendarScreen.kt:250:                                                            Toast.makeText(context, "لا يمكن حجز موعد في تاريخ سابق", Toast.LENGTH_SHORT).show()
app/src/main/java/com/example/ui/screens/bookings/BookingCalendarScreen.kt:252:                                                            Toast.makeText(context, "لا يمكن الحجز لأكثر من 30 يوماً مقدماً", Toast.LENGTH_SHORT).show()
app/src/main/java/com/example/ui/screens/bookings/BookingCalendarScreen.kt:458:                            Toast.makeText(context, "الرجاء اختيار وقت محدد للموعد", Toast.LENGTH_SHORT).show()
app/src/main/java/com/example/ui/screens/bookings/BookingCalendarScreen.kt:462:                            Toast.makeText(context, "لا يمكن الحجز في يوم عطلة", Toast.LENGTH_SHORT).show()
app/src/main/java/com/example/ui/screens/bookings/BookingCalendarScreen.kt:502:                                Toast.makeText(context, "✅ تم إرسال طلب الحجز بنجاح وجدولة التنبيهات!", Toast.LENGTH_LONG).show()
app/src/main/java/com/example/ui/screens/bookings/BookingCalendarScreen.kt:505:                                Toast.makeText(context, "فشل إنشاء الحجز، يرجى المحاولة مرة أخرى", Toast.LENGTH_SHORT).show()
app/src/main/java/com/example/ui/screens/bookings/BookingListScreen.kt:112:                                        Toast.makeText(context, "تم تجهيز تقرير PDF بنجاح", Toast.LENGTH_SHORT).show()
app/src/main/java/com/example/ui/screens/bookings/BookingListScreen.kt:114:                                        Toast.makeText(context, "فشل تصدير PDF", Toast.LENGTH_SHORT).show()
app/src/main/java/com/example/ui/screens/bookings/BookingListScreen.kt:125:                                        Toast.makeText(context, "تم تجهيز ملف Excel بنجاح", Toast.LENGTH_SHORT).show()
app/src/main/java/com/example/ui/screens/bookings/BookingListScreen.kt:127:                                        Toast.makeText(context, "فشل تصدير Excel", Toast.LENGTH_SHORT).show()
app/src/main/java/com/example/ui/screens/bookings/BookingListScreen.kt:138:                                        Toast.makeText(context, "تم تجهيز ملف CSV بنجاح", Toast.LENGTH_SHORT).show()
app/src/main/java/com/example/ui/screens/bookings/BookingListScreen.kt:140:                                        Toast.makeText(context, "فشل تصدير CSV", Toast.LENGTH_SHORT).show()
app/src/main/java/com/example/ui/screens/bookings/BookingListScreen.kt:328:                Toast.makeText(context, "تم تحديث بيانات الحجز بنجاح", Toast.LENGTH_SHORT).show()
app/src/main/java/com/example/ui/screens/bookings/BookingListScreen.kt:342:                Toast.makeText(context, "تم إرسال طلب إلغاء الحجز", Toast.LENGTH_SHORT).show()
app/src/main/java/com/example/ui/screens/bookings/BookingListScreen.kt:359:                        Toast.makeText(context, "تم حذف الحجز بنجاح", Toast.LENGTH_SHORT).show()
app/src/main/java/com/example/ui/screens/bookings/ReviewOffersDialog.kt:236:                                Toast.makeText(context, "تم رفع الشكوى للإدارة بنجاح", Toast.LENGTH_SHORT).show()
app/src/main/java/com/example/ui/screens/bookings/BookingEditDialog.kt:53:    var errorMessage by remember { mutableStateOf<String?>(null) }
app/src/main/java/com/example/ui/screens/bookings/BookingEditDialog.kt:252:                        onValueChange = { passwordInput = it; errorMessage = null },
app/src/main/java/com/example/ui/screens/bookings/BookingEditDialog.kt:267:                errorMessage?.let { msg ->
app/src/main/java/com/example/ui/screens/bookings/BookingEditDialog.kt:288:                                errorMessage = "لا يمكن التعديل إذا تبقى أقل من 8 ساعات على الموعد."
app/src/main/java/com/example/ui/screens/bookings/BookingEditDialog.kt:292:                                errorMessage = "يرجى إدخال رمز PIN للحجز"
app/src/main/java/com/example/ui/screens/bookings/BookingFormScreen.kt:71:    var errorMessage by remember { mutableStateOf<String?>(null) }
app/src/main/java/com/example/ui/screens/bookings/BookingFormScreen.kt:210:                onValueChange = { fullName = it; errorMessage = null },
app/src/main/java/com/example/ui/screens/bookings/BookingFormScreen.kt:224:                    errorMessage = null
app/src/main/java/com/example/ui/screens/bookings/BookingFormScreen.kt:270:                    onValueChange = { fullAddress = it; errorMessage = null },
app/src/main/java/com/example/ui/screens/bookings/BookingFormScreen.kt:434:            // Error display
app/src/main/java/com/example/ui/screens/bookings/BookingFormScreen.kt:435:            AnimatedVisibility(visible = errorMessage != null) {
app/src/main/java/com/example/ui/screens/bookings/BookingFormScreen.kt:439:                    colors = CardDefaults.cardColors(containerColor = MaterialTheme.colorScheme.errorContainer)
app/src/main/java/com/example/ui/screens/bookings/BookingFormScreen.kt:442:                        Icon(Icons.Default.Warning, contentDescription = null, tint = MaterialTheme.colorScheme.error)
app/src/main/java/com/example/ui/screens/bookings/BookingFormScreen.kt:445:                            text = errorMessage ?: "",
app/src/main/java/com/example/ui/screens/bookings/BookingFormScreen.kt:446:                            color = MaterialTheme.colorScheme.onErrorContainer,
app/src/main/java/com/example/ui/screens/bookings/BookingFormScreen.kt:460:                        errorMessage = "الاسم الثلاثي بالكامل مطلوب"
app/src/main/java/com/example/ui/screens/bookings/BookingFormScreen.kt:465:                        errorMessage = "يرجى إدخال رقم هاتف يمني صحيح من 9 أرقام"
app/src/main/java/com/example/ui/screens/bookings/BookingFormScreen.kt:469:                        errorMessage = "عنوان السكن الكامل والحي مطلوب"
app/src/main/java/com/example/ui/screens/bookings/BookingFormScreen.kt:473:                        errorMessage = "يرجى تحديد تاريخ ووقت الموعد"
app/src/main/java/com/example/ui/screens/bookings/BookingFormScreen.kt:477:                        errorMessage = "يرجى الموافقة على الشروط للمتابعة"
app/src/main/java/com/example/ui/screens/bookings/BookingFormScreen.kt:593:                        Toast.makeText(context, "تم نسخ بيانات الحجز للحافظة", Toast.LENGTH_SHORT).show()
app/src/main/java/com/example/ui/screens/status/StatusScreen.kt:53:                is StatusEvent.ShowSnackbar -> snackbarHostState.showSnackbar(event.message)
app/src/main/java/com/example/ui/screens/status/StatusScreen.kt:54:                is StatusEvent.ShowToast -> snackbarHostState.showSnackbar(event.message)
app/src/main/java/com/example/ui/screens/status/StatusScreen.kt:59:    LaunchedEffect(uiState.errorMessage) {
app/src/main/java/com/example/ui/screens/status/StatusScreen.kt:60:        uiState.errorMessage?.let { error ->
app/src/main/java/com/example/ui/screens/status/StatusScreen.kt:61:            snackbarHostState.showSnackbar(error)
app/src/main/java/com/example/ui/screens/status/StatusViewModel.kt:35:    val errorMessage: String? = null
app/src/main/java/com/example/ui/screens/status/StatusViewModel.kt:43:    data class ShowSnackbar(val message: String) : StatusEvent()
app/src/main/java/com/example/ui/screens/status/StatusViewModel.kt:114:                _eventFlow.emit(StatusEvent.ShowSnackbar("🔄 تم تحديث حالات وبيانات المنصة"))
app/src/main/java/com/example/ui/screens/status/StatusViewModel.kt:116:                _eventFlow.emit(StatusEvent.ShowToast("تعذر التحديث: ${result.exceptionOrNull()?.localizedMessage}"))
app/src/main/java/com/example/ui/screens/status/StatusViewModel.kt:125:                _eventFlow.emit(StatusEvent.ShowSnackbar("✅ تم قبول طلب انضمام: ${request.name}"))
app/src/main/java/com/example/ui/screens/status/StatusViewModel.kt:136:                _eventFlow.emit(StatusEvent.ShowSnackbar("❌ تم رفض طلب انضمام: ${request.name}"))
app/src/main/java/com/example/ui/screens/status/StatusViewModel.kt:147:                _eventFlow.emit(StatusEvent.ShowSnackbar("🧹 تم مسح كافة الإشعارات"))
app/src/main/java/com/example/ui/screens/status/StatusViewModel.kt:163:                    } catch (e: Exception) {
app/src/main/java/com/example/ui/screens/notifications/UserNotificationsDialogView.kt:236:                                    snackbarHostState.showSnackbar("تم تحديد جميع الإشعارات كمقروءة بنجاح ✓")
app/src/main/java/com/example/ui/screens/notifications/UserNotificationsDialogView.kt:318:                                    val res = snackbarHostState.showSnackbar(
app/src/main/java/com/example/ui/screens/notifications/UserNotificationsDialogView.kt:360:                snackbarHostState.showSnackbar("تم مسح جميع الإشعارات بنجاح 🗑️")
app/src/main/java/com/example/ui/screens/chat/components/ChatInputBar.kt:77:                    try { recorder.stop() } catch (_: Exception) {}
app/src/main/java/com/example/ui/screens/chat/components/ChatInputBar.kt:78:                    try { recorder.release() } catch (_: Exception) {}
app/src/main/java/com/example/ui/screens/chat/components/ChatInputBar.kt:131:                Toast.makeText(context, validation.message, Toast.LENGTH_LONG).show()
app/src/main/java/com/example/ui/screens/chat/components/ChatInputBar.kt:148:                }.onFailure { exception ->
app/src/main/java/com/example/ui/screens/chat/components/ChatInputBar.kt:149:                    Toast.makeText(context, "فشل الرفع: ${exception.message}", Toast.LENGTH_SHORT).show()
app/src/main/java/com/example/ui/screens/chat/components/ChatInputBar.kt:164:            Toast.makeText(context, "⚠️ يلزم منح إذن الموقع لمشاركة موقعك الحالي", Toast.LENGTH_SHORT).show()
app/src/main/java/com/example/ui/screens/chat/components/ChatInputBar.kt:173:            Toast.makeText(context, "⚠️ يلزم منح إذن الميكروفون لتسجيل وإرسال الرسائل الصوتية", Toast.LENGTH_LONG).show()
app/src/main/java/com/example/ui/screens/chat/components/ChatInputBar.kt:220:        } catch (e: Exception) {
app/src/main/java/com/example/ui/screens/chat/components/ChatInputBar.kt:222:            Toast.makeText(context, "تعذر تشغيل مسجل الصوت", Toast.LENGTH_SHORT).show()
app/src/main/java/com/example/ui/screens/chat/components/ChatInputBar.kt:232:                try { recorder.stop() } catch (_: Exception) {}
app/src/main/java/com/example/ui/screens/chat/components/ChatInputBar.kt:233:                try { recorder.release() } catch (_: Exception) {}
app/src/main/java/com/example/ui/screens/chat/components/ChatInputBar.kt:248:            } catch (e: Exception) {
app/src/main/java/com/example/ui/screens/chat/components/ChatInputBar.kt:253:                Toast.makeText(context, "فشل تجهيز التسجيل الصوتي", Toast.LENGTH_SHORT).show()
app/src/main/java/com/example/ui/screens/chat/components/ChatInputBar.kt:261:                Toast.makeText(context, validation.message, Toast.LENGTH_LONG).show()
app/src/main/java/com/example/ui/screens/chat/components/ChatInputBar.kt:285:                }.onFailure { exception ->
app/src/main/java/com/example/ui/screens/chat/components/ChatInputBar.kt:286:                    Toast.makeText(context, "فشل الرفع: ${exception.message}", Toast.LENGTH_SHORT).show()
app/src/main/java/com/example/ui/screens/chat/components/ChatInputBar.kt:300:                try { recorder.stop() } catch (_: Exception) {}
app/src/main/java/com/example/ui/screens/chat/components/ChatInputBar.kt:301:                try { recorder.release() } catch (_: Exception) {}
app/src/main/java/com/example/ui/screens/chat/components/ChatInputBar.kt:582:            Toast.makeText(context, "خدمة تحديد الموقع غير متوفرة", Toast.LENGTH_SHORT).show()
app/src/main/java/com/example/ui/screens/chat/components/ChatInputBar.kt:603:            Toast.makeText(context, "تم إرسال موقعك بنجاح", Toast.LENGTH_SHORT).show()
app/src/main/java/com/example/ui/screens/chat/components/ChatInputBar.kt:609:            Toast.makeText(context, "تم إرسال الموقع الجغرافي", Toast.LENGTH_SHORT).show()
app/src/main/java/com/example/ui/screens/chat/components/ChatInputBar.kt:611:    } catch (e: Exception) {
app/src/main/java/com/example/ui/screens/chat/components/ChatInputBar.kt:613:        Toast.makeText(context, "تعذر مشاركة الموقع: ${e.message}", Toast.LENGTH_SHORT).show()
app/src/main/java/com/example/ui/screens/chat/components/ChatBubbleItem.kt:247:                                } catch (e: Exception) {
app/src/main/java/com/example/ui/screens/chat/components/ChatBubbleItem.kt:248:                                    Toast.makeText(context, "تعذر فتح تطبيق الخرائط", Toast.LENGTH_SHORT).show()
app/src/main/java/com/example/ui/screens/chat/managers/ChatTypingManager.kt:38:            } catch (_: Exception) {}
app/src/main/java/com/example/ui/screens/chat/managers/ChatMessagesManager.kt:43:        onError: (String) -> Unit
app/src/main/java/com/example/ui/screens/chat/managers/ChatMessagesManager.kt:62:                    is AppResult.Error -> onError(result.error.messageArabic)
app/src/main/java/com/example/ui/screens/chat/managers/ChatMessagesManager.kt:64:            } catch (e: Exception) {
app/src/main/java/com/example/ui/screens/chat/managers/ChatMessagesManager.kt:66:                onError(e.message ?: "حدث خطأ أثناء الإرسال")
app/src/main/java/com/example/ui/screens/chat/managers/ChatMessagesManager.kt:76:        onError: (String) -> Unit
app/src/main/java/com/example/ui/screens/chat/managers/ChatMessagesManager.kt:96:                    is AppResult.Error -> onError(result.error.messageArabic)
app/src/main/java/com/example/ui/screens/chat/managers/ChatMessagesManager.kt:98:            } catch (e: Exception) {
app/src/main/java/com/example/ui/screens/chat/managers/ChatMessagesManager.kt:99:                onError(e.message ?: "فشلت إعادة الإرسال")
app/src/main/java/com/example/ui/screens/chat/managers/ChatEditManager.kt:28:        onError: (String) -> Unit = {}
app/src/main/java/com/example/ui/screens/chat/managers/ChatEditManager.kt:35:                    is AppResult.Error -> onError(res.error.messageArabic)
app/src/main/java/com/example/ui/screens/chat/managers/ChatEditManager.kt:37:            } catch (e: Exception) {
app/src/main/java/com/example/ui/screens/chat/managers/ChatEditManager.kt:38:                onError(e.message ?: "فشل تعديل الرسالة")
app/src/main/java/com/example/ui/screens/chat/managers/ChatEditManager.kt:49:        onError: (String) -> Unit = {}
app/src/main/java/com/example/ui/screens/chat/managers/ChatEditManager.kt:56:                    is AppResult.Error -> onError(res.error.messageArabic)
app/src/main/java/com/example/ui/screens/chat/managers/ChatEditManager.kt:58:            } catch (e: Exception) {
app/src/main/java/com/example/ui/screens/chat/managers/ChatEditManager.kt:59:                onError(e.message ?: "فشل حذف الرسالة")
app/src/main/java/com/example/ui/screens/chat/ChatScreen.kt:92:                is ChatEvent.ShowError -> {
app/src/main/java/com/example/ui/screens/chat/ChatScreen.kt:93:                    snackbarHostState.showSnackbar(event.message)
app/src/main/java/com/example/ui/screens/chat/ChatScreen.kt:215:                            Toast.makeText(context, "تم حظر المستخدم", Toast.LENGTH_SHORT).show()
app/src/main/java/com/example/ui/screens/chat/ChatAttachmentManager.kt:32:                return Result.failure(Exception("نوع الملف غير مدعوم"))
app/src/main/java/com/example/ui/screens/chat/ChatAttachmentManager.kt:41:            return Result.failure(Exception("نوع الملف غير مسموح به"))
app/src/main/java/com/example/ui/screens/chat/ChatAttachmentManager.kt:46:            return Result.failure(Exception(validation.message))
app/src/main/java/com/example/ui/screens/chat/ChatAttachmentManager.kt:50:            return Result.failure(Exception("⚠️ تجاوزت الحد اليومي المسموح به لرفع الملفات (10 وسائط يومياً)."))
app/src/main/java/com/example/ui/screens/chat/ChatAttachmentManager.kt:61:                return Result.failure(Exception("تعذر قراءة بيانات الملف المرفق."))
app/src/main/java/com/example/ui/screens/chat/ChatAttachmentManager.kt:71:        } catch (e: Exception) {
app/src/main/java/com/example/ui/screens/chat/ChatViewModel.kt:18:sealed class ChatError(open val messageArabic: String) {
app/src/main/java/com/example/ui/screens/chat/ChatViewModel.kt:19:    data class NetworkError(override val messageArabic: String = "خطأ في الاتصال بالشبكة") : ChatError(messageArabic)
app/src/main/java/com/example/ui/screens/chat/ChatViewModel.kt:20:    data class PermissionDenied(override val messageArabic: String = "تم رفض الإذن المطلوب") : ChatError(messageArabic)
app/src/main/java/com/example/ui/screens/chat/ChatViewModel.kt:21:    data class UnknownError(val details: String) : ChatError(details)
app/src/main/java/com/example/ui/screens/chat/ChatViewModel.kt:25:    data class ShowError(val message: String) : ChatEvent()
app/src/main/java/com/example/ui/screens/chat/ChatViewModel.kt:104:                    is AppResult.Error -> _eventFlow.emit(ChatEvent.ShowError(res.error.messageArabic))
app/src/main/java/com/example/ui/screens/chat/ChatViewModel.kt:134:                is AppResult.Error -> _eventFlow.emit(ChatEvent.ShowError(channelResult.error.messageArabic))
app/src/main/java/com/example/ui/screens/chat/ChatViewModel.kt:184:            onError = { errMsg ->
app/src/main/java/com/example/ui/screens/chat/ChatViewModel.kt:186:                    _eventFlow.emit(ChatEvent.ShowError(errMsg))
app/src/main/java/com/example/ui/screens/chat/ChatViewModel.kt:209:            onError = { errMsg ->
app/src/main/java/com/example/ui/screens/chat/ChatViewModel.kt:211:                    _eventFlow.emit(ChatEvent.ShowError(errMsg))
app/src/main/java/com/example/ui/screens/chat/ChatViewModel.kt:245:            } catch (_: Exception) {}
app/src/main/java/com/example/ui/screens/chat/ChatViewModel.kt:251:            onError = { viewModelScope.launch { _eventFlow.emit(ChatEvent.ShowError(it)) } }
app/src/main/java/com/example/ui/screens/chat/ChatViewModel.kt:262:            onError = { viewModelScope.launch { _eventFlow.emit(ChatEvent.ShowError(it)) } }
app/src/main/java/com/example/ui/screens/chat/ChatViewModel.kt:269:            onError = { viewModelScope.launch { _eventFlow.emit(ChatEvent.ShowError(it)) } }
app/src/main/java/com/example/ui/screens/chat/ChatViewModel.kt:278:                if (res is AppResult.Error) {
app/src/main/java/com/example/ui/screens/chat/ChatViewModel.kt:279:                    _eventFlow.emit(ChatEvent.ShowError(res.error.messageArabic))
app/src/main/java/com/example/ui/screens/chat/ChatViewModel.kt:281:            } catch (e: Exception) {
app/src/main/java/com/example/ui/screens/chat/ChatViewModel.kt:282:                _eventFlow.emit(ChatEvent.ShowError(e.message ?: "فشل تغيير حالة الحظر"))
app/src/main/java/com/example/ui/screens/chat/ChatViewModel.kt:293:            } catch (e: Exception) {
app/src/main/java/com/example/ui/screens/chat/ChatViewModel.kt:294:                _eventFlow.emit(ChatEvent.ShowError(e.message ?: "فشل حذف المحادثة"))
app/src/main/java/com/example/ui/screens/assistant/SmartAssistantDialogView.kt:84:                    snackbarHostState.showSnackbar("🎙️ تم الاستماع: '$spokenText'")
app/src/main/java/com/example/ui/screens/assistant/SmartAssistantDialogView.kt:114:                        coroutineScope.launch { snackbarHostState.showSnackbar("🧹 تم مسح سجل المحادثة") }
app/src/main/java/com/example/ui/screens/assistant/SmartAssistantDialogView.kt:145:                                } catch (e: Exception) {
app/src/main/java/com/example/ui/screens/assistant/SmartAssistantDialogView.kt:285:                                    onError = { err ->
app/src/main/java/com/example/ui/screens/assistant/SmartAssistantDialogView.kt:286:                                        coroutineScope.launch { snackbarHostState.showSnackbar(err) }
app/src/main/java/com/example/ui/screens/payments/TransactionHistoryViewModel.kt:24:    data class Error(val message: String) : TransactionHistoryUiState()
app/src/main/java/com/example/ui/screens/payments/TransactionHistoryViewModel.kt:69:            } catch (e: Exception) {
app/src/main/java/com/example/ui/screens/payments/TransactionHistoryViewModel.kt:70:                _uiState.value = TransactionHistoryUiState.Error(e.message ?: "فشل تحميل البيانات المالية")
app/src/main/java/com/example/ui/screens/payments/TransactionHistoryScreen.kt:81:                            Toast.makeText(context, "تم تصدير التقرير المالي بنجاح", Toast.LENGTH_LONG).show()
app/src/main/java/com/example/ui/screens/payments/TransactionHistoryScreen.kt:105:                is TransactionHistoryUiState.Error -> {
app/src/main/java/com/example/ui/screens/payments/TransactionHistoryScreen.kt:429:                            Toast.makeText(context, "تم إيداع ${numberFormat.format(amount)} ريال بنجاح!", Toast.LENGTH_SHORT).show()
app/src/main/java/com/example/ui/screens/payments/TransactionHistoryScreen.kt:431:                            Toast.makeText(context, "يرجى إدخال مبلغ صحيح", Toast.LENGTH_SHORT).show()
app/src/main/java/com/example/ui/screens/requests/RequestServiceScreen.kt:350:                        Toast.makeText(context, "يرجى تعبئة كافة الحقول الإجبارية (*)", Toast.LENGTH_SHORT).show()
app/src/main/java/com/example/ui/screens/requests/RequestServiceScreen.kt:354:                        Toast.makeText(context, "يرجى إدخال رمز PIN مكون من 4 أرقام", Toast.LENGTH_SHORT).show()
app/src/main/java/com/example/ui/screens/requests/RequestServiceScreen.kt:379:                                Toast.makeText(context, msg, Toast.LENGTH_SHORT).show()
app/src/main/java/com/example/ui/screens/requests/RequestServiceScreen.kt:398:                            } catch (e: Exception) {
app/src/main/java/com/example/ui/screens/requests/OfferSelectionScreen.kt:125:                    Text("العرض أو الطلب غير موجود.", color = MaterialTheme.colorScheme.error)
app/src/main/java/com/example/ui/screens/requests/OfferSelectionScreen.kt:262:                        Toast.makeText(context, "يرجى كتابة رمز PIN مكون من 4 أرقام", Toast.LENGTH_SHORT).show()
app/src/main/java/com/example/ui/screens/requests/OfferSelectionScreen.kt:267:                        Toast.makeText(context, "هذا الطلب لم يعد متاحاً للتأكيد (ملغي أو تم اختيار عرض آخر بالفعل).", Toast.LENGTH_LONG).show()
app/src/main/java/com/example/ui/screens/requests/OfferSelectionScreen.kt:271:                        Toast.makeText(context, "هذا العرض لم يعد صالحاً للاختيار.", Toast.LENGTH_LONG).show()
app/src/main/java/com/example/ui/screens/requests/OfferSelectionScreen.kt:343:                                } catch (e: Exception) {
app/src/main/java/com/example/ui/screens/requests/OfferSelectionScreen.kt:344:                                    android.util.Log.e("OfferSelection", "Error creating chat channel: ${e.message}")
app/src/main/java/com/example/ui/screens/requests/OfferSelectionScreen.kt:351:                        onError = { err ->
app/src/main/java/com/example/ui/screens/requests/OfferSelectionScreen.kt:353:                            Toast.makeText(context, "فشل تأكيد الحجز: $err", Toast.LENGTH_SHORT).show()
app/src/main/java/com/example/ui/screens/requests/OfferSubmissionScreen.kt:115:                        Text(currentReq.urgencyTime, fontSize = 12.sp, color = MaterialTheme.colorScheme.error, fontWeight = FontWeight.Bold)
app/src/main/java/com/example/ui/screens/requests/OfferSubmissionScreen.kt:189:                        Toast.makeText(context, "يرجى إدخال السعر المقترح", Toast.LENGTH_SHORT).show()
app/src/main/java/com/example/ui/screens/requests/OfferSubmissionScreen.kt:207:                    Toast.makeText(context, "تم تقديم عرضك بنجاح!", Toast.LENGTH_SHORT).show()
app/src/main/java/com/example/ui/screens/requests/RequestDetailsScreen.kt:97:                            Icon(Icons.Default.Close, contentDescription = "إلغاء الطلب", tint = MaterialTheme.colorScheme.error)
app/src/main/java/com/example/ui/screens/requests/RequestDetailsScreen.kt:178:                                Icon(Icons.Default.Info, contentDescription = null, modifier = Modifier.size(16.dp), tint = MaterialTheme.colorScheme.error)
app/src/main/java/com/example/ui/screens/requests/RequestDetailsScreen.kt:179:                                Text(currentRequest.urgencyTime, fontSize = 13.sp, color = MaterialTheme.colorScheme.error, fontWeight = FontWeight.Bold)
app/src/main/java/com/example/ui/screens/requests/RequestDetailsScreen.kt:335:                            Toast.makeText(context, "الرمز السري للطلب غير متوفر، الرجاء التواصل مع الدعم.", Toast.LENGTH_SHORT).show()
app/src/main/java/com/example/ui/screens/requests/RequestDetailsScreen.kt:339:                            Toast.makeText(context, "رمز PIN غير صحيح!", Toast.LENGTH_SHORT).show()
app/src/main/java/com/example/ui/screens/requests/RequestDetailsScreen.kt:352:                                Toast.makeText(context, "تم إلغاء الطلب بنجاح", Toast.LENGTH_SHORT).show()
app/src/main/java/com/example/ui/screens/requests/RequestDetailsScreen.kt:354:                                Toast.makeText(context, msg ?: "فشل الإلغاء", Toast.LENGTH_SHORT).show()
app/src/main/java/com/example/ui/screens/requests/RequestDetailsScreen.kt:358:                    colors = ButtonDefaults.buttonColors(containerColor = MaterialTheme.colorScheme.error),
app/src/main/java/com/example/ui/screens/about/AboutViewModel.kt:23:    data class Error(val message: String) : AboutUiState()
app/src/main/java/com/example/ui/screens/about/AboutContentRenderer.kt:57:            } catch (e: Exception) {
app/src/main/java/com/example/ui/screens/about/AboutContentRenderer.kt:69:        } catch (e: Exception) {
app/src/main/java/com/example/ui/screens/about/AboutContentRenderer.kt:79:        } catch (e: Exception) {
app/src/main/java/com/example/ui/screens/about/AboutContentRenderer.kt:89:        } catch (e: Exception) {
app/src/main/java/com/example/ui/screens/about/AboutAppDialogView.kt:84:                        is AboutUiState.Error -> {
app/src/main/java/com/example/ui/screens/about/AboutAppDialogView.kt:195:                is AboutUiState.Error -> {
app/src/main/java/com/example/ui/screens/PrivacyPolicyScreen.kt:156:                                android.widget.Toast.makeText(context, "يرجى الموافقة على سياسة الخصوصية أولاً", android.widget.Toast.LENGTH_SHORT).show()
app/src/main/java/com/example/ui/dialogs/BookingCancellationDialog.kt:46:    var errorMessage by remember { mutableStateOf<String?>(null) }
app/src/main/java/com/example/ui/dialogs/BookingCancellationDialog.kt:162:                                errorMessage = null
app/src/main/java/com/example/ui/dialogs/BookingCancellationDialog.kt:205:                AnimatedVisibility(visible = errorMessage != null) {
app/src/main/java/com/example/ui/dialogs/BookingCancellationDialog.kt:207:                        text = errorMessage ?: "",
app/src/main/java/com/example/ui/dialogs/BookingCancellationDialog.kt:241:                                        errorMessage = "تم قفل الحجز بعد 3 محاولات خاطئة!"
app/src/main/java/com/example/ui/dialogs/BookingCancellationDialog.kt:245:                                                errorMessage = "فشل في قفل الحجز. يرجى التحقق من اتصالك بالإنترنت."
app/src/main/java/com/example/ui/dialogs/BookingCancellationDialog.kt:249:                                        errorMessage = "كلمة المرور غير صحيحة! متبقي $attemptsLeft محاولات."
app/src/main/java/com/example/ui/dialogs/BookingCancellationDialog.kt:256:                                errorMessage = "يرجى كتابة سبب الإلغاء"
app/src/main/java/com/example/ui/dialogs/MultiDimensionRatingDialog.kt:176:                                                Toast.makeText(context, "لا يمكن التقييم إلا بعد اكتمال الخدمة", Toast.LENGTH_SHORT).show()
app/src/main/java/com/example/ui/dialogs/MultiDimensionRatingDialog.kt:188:                                Toast.makeText(context, "⚠️ يرجى كتابة تعليق لوصف الخدمة", Toast.LENGTH_SHORT).show()
app/src/main/java/com/example/ui/dialogs/BookingDialog.kt:161:                    isError = bookingFormSubmittedOnce && customerNameInput.trim().isEmpty(),
app/src/main/java/com/example/ui/dialogs/BookingDialog.kt:171:                    isError = bookingFormSubmittedOnce && customerPhoneInput.trim().isEmpty(),
app/src/main/java/com/example/ui/dialogs/BookingDialog.kt:180:                    isError = bookingFormSubmittedOnce && customerAreaInput.trim().isEmpty(),
app/src/main/java/com/example/ui/dialogs/BookingDialog.kt:231:                    isError = bookingFormSubmittedOnce && bookingPinCodeInput.trim().isEmpty(),
app/src/main/java/com/example/ui/dialogs/BookingDialog.kt:260:                                Toast.makeText(context, "⚠️ هناك حقول مطلوبة!", Toast.LENGTH_LONG).show()
app/src/main/java/com/example/ui/dialogs/ForgotPasswordRecoveryDialog.kt:251:                                Toast.makeText(context, "⚠️ يرجى إدخال رقم هاتف صحيح", Toast.LENGTH_SHORT).show()
app/src/main/java/com/example/ui/dialogs/ForgotPasswordRecoveryDialog.kt:370:                                                Toast.makeText(context, "📋 تم نسخ كلمة المرور الجديدة", Toast.LENGTH_SHORT).show()
app/src/main/java/com/example/ui/dialogs/SubmitReportDialog.kt:176:                                Toast.makeText(context, "⚠️ يرجى كتابة تفاصيل الشكوى", Toast.LENGTH_SHORT).show()
app/src/main/java/com/example/ui/dialogs/QuickServiceRequestDialog.kt:309:                                        Toast.makeText(context, "⚠️ يرجى كتابة عنوان أو نوع الخدمة المطلوبة للمتابعة", Toast.LENGTH_SHORT).show()
app/src/main/java/com/example/ui/dialogs/QuickServiceRequestDialog.kt:317:                                        Toast.makeText(context, "⚠️ يرجى إدخال رقم هاتف يمني صحيح مكون من 9 أرقام (77/73/71/70/78)", Toast.LENGTH_LONG).show()
app/src/main/java/com/example/ui/dialogs/QuickServiceRequestDialog.kt:358:                                                Toast.makeText(context, "❌ حدث خطأ أثناء إرسال الطلب، يرجى المحاولة ثانية", Toast.LENGTH_SHORT).show()
app/src/main/java/com/example/ui/dialogs/QuickServiceRequestDialog.kt:439:                                    Toast.makeText(context, "📋 تم نسخ كود الطلب للحافظة!", Toast.LENGTH_SHORT).show()
app/src/main/java/com/example/ui/dialogs/InAppVoiceCallDialog.kt:119:                                    Toast.makeText(context, "🟢 تم قبول المكالمة وبدء التواصل المباشر", Toast.LENGTH_SHORT).show()
app/src/main/java/com/example/ui/dialogs/InAppVoiceCallDialog.kt:170:                                    Toast.makeText(context, "🔇 تم كتم الميكروفون", Toast.LENGTH_SHORT).show()
app/src/main/java/com/example/ui/dialogs/InAppVoiceCallDialog.kt:172:                                    Toast.makeText(context, "🎙️ الميكروفون يعمل الآن", Toast.LENGTH_SHORT).show()
app/src/main/java/com/example/ui/dialogs/InAppVoiceCallDialog.kt:196:                                    Toast.makeText(context, "🔊 تم تشغيل مكبر الصوت الخارجي", Toast.LENGTH_SHORT).show()
app/src/main/java/com/example/ui/dialogs/InAppVoiceCallDialog.kt:198:                                    Toast.makeText(context, "🔈 تم إيقاف مكبر الصوت (السماعة الداخلية)", Toast.LENGTH_SHORT).show()
app/src/main/java/com/example/ui/dialogs/RestoreAccountDialog.kt:97:                                            Toast.makeText(context, "❌ لا يوجد حساب مسجل بهذا الرقم!", Toast.LENGTH_LONG).show()
app/src/main/java/com/example/ui/dialogs/RestoreAccountDialog.kt:101:                                    Toast.makeText(context, "❌ يرجى إدخال رقم هاتف صحيح!", Toast.LENGTH_LONG).show()
app/src/main/java/com/example/ui/dialogs/RestoreAccountDialog.kt:146:                                        Toast.makeText(context, "❌ كلمة المرور غير صحيحة! تأكد منها أو اضغط طلب الاستعادة.", Toast.LENGTH_LONG).show()
app/src/main/java/com/example/ui/dialogs/RestoreAccountDialog.kt:191:                                    Toast.makeText(context, "❌ يرجى إدخال كلمة المرور!", Toast.LENGTH_LONG).show()
app/src/main/java/com/example/ui/dialogs/RestoreAccountDialog.kt:209:                                    Toast.makeText(context, "⏳ تم إرسال طلب استعادة كلمة المرور للإدارة بنجاح!", Toast.LENGTH_LONG).show()
app/src/main/java/com/example/ui/dialogs/RestoreAccountDialog.kt:213:                                    Toast.makeText(context, "❌ حدث خطأ، يرجى المحاولة لاحقاً", Toast.LENGTH_SHORT).show()
app/src/main/java/com/example/ui/delegates/MainViewModelNotificationDelegates.kt:29:    } catch (e: Exception) {
app/src/main/java/com/example/ui/delegates/MainViewModelNotificationDelegates.kt:30:        android.util.Log.e("MainViewModel", "Error: ", e)
app/src/main/java/com/example/ui/delegates/MainViewModelNotificationDelegates.kt:83:        } catch (e: Exception) {
app/src/main/java/com/example/ui/delegates/MainViewModelNotificationDelegates.kt:84:            android.util.Log.e("MainViewModel", "Error: ", e)
app/src/main/java/com/example/ui/delegates/MainViewModelNotificationDelegates.kt:149:    } catch (e: Exception) {
app/src/main/java/com/example/ui/delegates/MainViewModelNotificationDelegates.kt:150:        android.util.Log.e("MainViewModel", "Error: ", e)
app/src/main/java/com/example/ui/delegates/MainViewModelAuthDelegates.kt:138:    } catch (e: Exception) {
app/src/main/java/com/example/ui/delegates/MainViewModelAuthDelegates.kt:139:        android.util.Log.e("MainViewModel", "Error: ", e)
app/src/main/java/com/example/ui/delegates/MainViewModelAuthDelegates.kt:385:        } catch (e: Exception) {
app/src/main/java/com/example/ui/delegates/MainViewModelAuthDelegates.kt:386:            android.util.Log.e("MainViewModel", "Error: ", e)
app/src/main/java/com/example/ui/delegates/MainViewModelAuthDelegates.kt:390:        } catch (e: Exception) {
app/src/main/java/com/example/ui/delegates/MainViewModelAuthDelegates.kt:391:            android.util.Log.e("MainViewModel", "Error: ", e)
app/src/main/java/com/example/ui/components/SmartAsyncImage.kt:63:            } catch (e: Exception) {
app/src/main/java/com/example/ui/components/SmartAsyncImage.kt:113:            error = {
app/src/main/java/com/example/ui/components/ProductCard.kt:144:                                android.widget.Toast.makeText(context, "✅ تم تحديث سعر السلعة!", android.widget.Toast.LENGTH_SHORT).show()
app/src/main/java/com/example/ui/components/ProviderCardDialogs.kt:334:                                    } catch (e: Exception) {
app/src/main/java/com/example/ui/components/ProviderCardDialogs.kt:335:                                        Toast.makeText(context, "تعذر فتح الهاتف", Toast.LENGTH_SHORT).show()
app/src/main/java/com/example/ui/components/ProviderCardDialogs.kt:649:                        Toast.makeText(context, "يرجى كتابة تعليقك أولاً", Toast.LENGTH_SHORT).show()
app/src/main/java/com/example/ui/components/ProviderCardDialogs.kt:663:                    Toast.makeText(context, "✅ شكرًا لك! تم إرسال تقييمك بنجاح.", Toast.LENGTH_SHORT).show()
app/src/main/java/com/example/ui/components/ProviderCardDialogs.kt:791:                            Toast.makeText(context, "يرجى كتابة ملاحظتك أو تجربتك أولاً", Toast.LENGTH_SHORT).show()
app/src/main/java/com/example/ui/components/ProviderCardDialogs.kt:805:                        Toast.makeText(context, "شكرًا لك! تم إرسال رأيك وتجربتك بنجاح.", Toast.LENGTH_LONG).show()
app/src/main/java/com/example/ui/components/ProductOrderDialog.kt:290:                            Toast.makeText(context, "✅ تم إرسال الطلب وإشعار التاجر بنجاح!", Toast.LENGTH_SHORT).show()
app/src/main/java/com/example/ui/components/ProductOrderDialog.kt:293:                            Toast.makeText(context, "يرجى كتابة الاسم ورقم الهاتف", Toast.LENGTH_SHORT).show()
app/src/main/java/com/example/ui/components/CustomComponents.kt:208:                                    } catch (e: Exception) {
app/src/main/java/com/example/ui/components/CustomComponents.kt:279:                                        setOnErrorListener { _, _, _ -> true }
app/src/main/java/com/example/ui/components/CustomComponents.kt:386:                } catch (e: Exception) {
app/src/main/java/com/example/ui/components/CustomComponents.kt:582:    var hasError by remember(model) { mutableStateOf(false) }
app/src/main/java/com/example/ui/components/CustomComponents.kt:591:            } catch (e: Exception) {
app/src/main/java/com/example/ui/components/CustomComponents.kt:599:    if (hasError || stringModel.isBlank() || stringModel == "null") {
app/src/main/java/com/example/ui/components/CustomComponents.kt:621:            onError = { hasError = true }
app/src/main/java/com/example/ui/components/FlexibleCatalogUploader.kt:46:    var errorMessage by remember { mutableStateOf<String?>(null) }
app/src/main/java/com/example/ui/components/FlexibleCatalogUploader.kt:56:                errorMessage = "❌ يمنع تماماً رفع الملفات التنفيذية أو الخبيثة (.exe, .bat, .apk)"
app/src/main/java/com/example/ui/components/FlexibleCatalogUploader.kt:57:                Toast.makeText(context, errorMessage, Toast.LENGTH_LONG).show()
app/src/main/java/com/example/ui/components/FlexibleCatalogUploader.kt:61:                errorMessage = "⚠️ يرجى اختيار ملف جدول Excel بصيغة .xlsx أو .xls أو .csv"
app/src/main/java/com/example/ui/components/FlexibleCatalogUploader.kt:62:                Toast.makeText(context, errorMessage, Toast.LENGTH_LONG).show()
app/src/main/java/com/example/ui/components/FlexibleCatalogUploader.kt:67:            errorMessage = null
app/src/main/java/com/example/ui/components/FlexibleCatalogUploader.kt:68:            Toast.makeText(context, "✅ تم اختيار جدول البيانات: $fileName", Toast.LENGTH_SHORT).show()
app/src/main/java/com/example/ui/components/FlexibleCatalogUploader.kt:80:                errorMessage = "❌ يمنع تماماً رفع الملفات التنفيذية!"
app/src/main/java/com/example/ui/components/FlexibleCatalogUploader.kt:81:                Toast.makeText(context, errorMessage, Toast.LENGTH_LONG).show()
app/src/main/java/com/example/ui/components/FlexibleCatalogUploader.kt:85:                errorMessage = "⚠️ يرجى اختيار ملف PDF بصيغة .pdf"
app/src/main/java/com/example/ui/components/FlexibleCatalogUploader.kt:86:                Toast.makeText(context, errorMessage, Toast.LENGTH_LONG).show()
app/src/main/java/com/example/ui/components/FlexibleCatalogUploader.kt:91:                errorMessage = "⚠️ حجم ملف PDF يتجاوز 1 ميجابايت! يرجى ضغطه قبل الرفع لتوفير سعة التخزين."
app/src/main/java/com/example/ui/components/FlexibleCatalogUploader.kt:92:                Toast.makeText(context, errorMessage, Toast.LENGTH_LONG).show()
app/src/main/java/com/example/ui/components/FlexibleCatalogUploader.kt:97:            errorMessage = null
app/src/main/java/com/example/ui/components/FlexibleCatalogUploader.kt:98:            Toast.makeText(context, "✅ تم اختيار كتالوج PDF: $fileName", Toast.LENGTH_SHORT).show()
app/src/main/java/com/example/ui/components/FlexibleCatalogUploader.kt:110:        Toast.makeText(context, "✅ تم ضغط وإضافة ${compressed.size} صور خفيفة للكتالوج", Toast.LENGTH_SHORT).show()
app/src/main/java/com/example/ui/components/FlexibleCatalogUploader.kt:162:            if (errorMessage != null) {
app/src/main/java/com/example/ui/components/FlexibleCatalogUploader.kt:164:                    text = errorMessage!!,
app/src/main/java/com/example/ui/components/FlexibleCatalogUploader.kt:288:    } catch (e: Exception) {
app/src/main/java/com/example/ui/components/FlexibleCatalogUploader.kt:306:    } catch (e: Exception) {
app/src/main/java/com/example/ui/components/ReviewInput.kt:31:    var errorMsg by remember { mutableStateOf("") }
app/src/main/java/com/example/ui/components/ReviewInput.kt:101:                            tint = MaterialTheme.colorScheme.error,
app/src/main/java/com/example/ui/components/ReviewInput.kt:141:                        if (it.isNotBlank()) errorMsg = ""
app/src/main/java/com/example/ui/components/ReviewInput.kt:159:                if (errorMsg.isNotBlank()) {
app/src/main/java/com/example/ui/components/ReviewInput.kt:161:                        text = errorMsg,
app/src/main/java/com/example/ui/components/ReviewInput.kt:162:                        color = MaterialTheme.colorScheme.error,
app/src/main/java/com/example/ui/components/ReviewInput.kt:176:                            errorMsg = "الرجاء كتابة تعليق قبل الإرسال"
app/src/main/java/com/example/ui/components/ReviewInput.kt:181:                            errorMsg = ""
app/src/main/java/com/example/ui/components/AppFooterBar.kt:36:        } catch (e: Exception) {
app/src/main/java/com/example/ui/components/AdminCustomBannerView.kt:46:            } catch(e: Exception) { null }
app/src/main/java/com/example/ui/components/ProductAttachmentsSection.kt:67:            Toast.makeText(context, "تم رفع الملف بنجاح 📁", Toast.LENGTH_SHORT).show()
app/src/main/java/com/example/ui/components/ProductAttachmentsSection.kt:226:                                            Toast.makeText(context, "👁️ جاري فتح الملف: ${att.fileName}", Toast.LENGTH_SHORT).show()
app/src/main/java/com/example/ui/components/ProductAttachmentsSection.kt:234:                                            Toast.makeText(context, "📥 جاري تحميل الملف: ${att.fileName}", Toast.LENGTH_SHORT).show()
app/src/main/java/com/example/ui/components/ProductAttachmentsSection.kt:283:                                    Toast.makeText(context, "📥 جاري تحميل المنيو (PDF)...", Toast.LENGTH_SHORT).show()
app/src/main/java/com/example/ui/components/ProductAttachmentsSection.kt:295:                                    Toast.makeText(context, "📥 جاري تحميل قائمة الأسعار (Excel)...", Toast.LENGTH_SHORT).show()
app/src/main/java/com/example/ui/components/ProductAttachmentsSection.kt:498:                                                Toast.makeText(context, "تم حذف العرض 🗑️", Toast.LENGTH_SHORT).show()
app/src/main/java/com/example/ui/components/ProductAttachmentsSection.kt:749:                                Toast.makeText(context, "✅ تم نشر العرض بنجاح في التطبيق!", Toast.LENGTH_SHORT).show()
app/src/main/java/com/example/ui/components/ConfirmationDialog.kt:38:    ERROR      // تنبيه لخطأ ما
app/src/main/java/com/example/ui/components/ConfirmationDialog.kt:81:        ConfirmationDialogType.ERROR -> {
app/src/main/java/com/example/ui/components/ConfirmationDialog.kt:182:                                contentColor = if (isDestructive || dialogType == ConfirmationDialogType.ERROR) Color.White else Color(0xFF0F172A)
app/src/main/java/com/example/ui/viewmodels/AdminViewModel.kt:51:    val lastError: String? = null
app/src/main/java/com/example/ui/viewmodels/AdminViewModel.kt:134:    val level: String = "INFO", // INFO, WARN, ERROR
app/src/main/java/com/example/ui/viewmodels/AdminViewModel.kt:182:    private val homeViewModel get() = getHomeViewModel?.invoke() ?: throw IllegalStateException("homeViewModel not provided")
app/src/main/java/com/example/ui/viewmodels/AdminViewModel.kt:183:    private val settingsViewModel get() = getSettingsViewModel?.invoke() ?: throw IllegalStateException("settingsViewModel not provided")
app/src/main/java/com/example/ui/viewmodels/AdminViewModel.kt:184:    private val bookingViewModel get() = getBookingViewModel?.invoke() ?: throw IllegalStateException("bookingViewModel not provided")
app/src/main/java/com/example/ui/viewmodels/AdminViewModel.kt:185:    private val instantRequestViewModel get() = getInstantRequestViewModel?.invoke() ?: throw IllegalStateException("instantRequestViewModel not provided")
app/src/main/java/com/example/ui/viewmodels/AdminViewModel.kt:186:    private val _notifications get() = getNotifications?.invoke() ?: throw IllegalStateException("_notifications not provided")
app/src/main/java/com/example/ui/viewmodels/AdminViewModel.kt:341:            val propPrice = try { request.chatRecipientId.toDouble() } catch(e: Exception) { 0.0 }
app/src/main/java/com/example/ui/viewmodels/AdminViewModel.kt:532:            } catch (e: Exception) {}
app/src/main/java/com/example/ui/viewmodels/AdminViewModel.kt:555:            } catch (e: Exception) {}
app/src/main/java/com/example/ui/viewmodels/AdminViewModel.kt:562:                .addSnapshotListener { snapshot, error ->
app/src/main/java/com/example/ui/viewmodels/AdminViewModel.kt:563:                    if (error != null) return@addSnapshotListener
app/src/main/java/com/example/ui/viewmodels/AdminViewModel.kt:569:                            } catch (e: Exception) {
app/src/main/java/com/example/ui/viewmodels/AdminViewModel.kt:584:                                } catch (e2: Exception) {
app/src/main/java/com/example/ui/viewmodels/AdminViewModel.kt:592:        } catch (e: Exception) {}
app/src/main/java/com/example/ui/viewmodels/AdminViewModel.kt:680:            } catch (e: Exception) {}
app/src/main/java/com/example/ui/viewmodels/AdminViewModel.kt:717:                        } catch (e: Exception) {}
app/src/main/java/com/example/ui/viewmodels/AdminViewModel.kt:813:            try { db.collection("notifications").document(notification.id).set(notification) } catch(e: Exception) {}
app/src/main/java/com/example/ui/viewmodels/AdminViewModel.kt:986:            } catch (e: Exception) {}
app/src/main/java/com/example/ui/viewmodels/AdminViewModel.kt:1015:                        } catch (e: Exception) {}
app/src/main/java/com/example/ui/viewmodels/AdminViewModel.kt:1111:            try { db.collection("notifications").document(notification.id).set(notification) } catch(e: Exception) {}
app/src/main/java/com/example/ui/viewmodels/AdminViewModel.kt:1438:                onError = {
app/src/main/java/com/example/ui/viewmodels/AdminViewModel.kt:1454:                onError = {
app/src/main/java/com/example/ui/viewmodels/AdminViewModel.kt:1792:            .addSnapshotListener { snapshot, error ->
app/src/main/java/com/example/ui/viewmodels/AdminViewModel.kt:1793:                if (error == null && snapshot != null) {
app/src/main/java/com/example/ui/viewmodels/AdminViewModel.kt:1808:            .addSnapshotListener { snapshot, error ->
app/src/main/java/com/example/ui/viewmodels/AdminViewModel.kt:1809:                if (error == null && snapshot != null) {
app/src/main/java/com/example/ui/viewmodels/AdminViewModel.kt:1973:                onError = {
app/src/main/java/com/example/ui/viewmodels/AdminViewModel.kt:1989:                onError = { e ->
app/src/main/java/com/example/ui/viewmodels/AdminViewModel.kt:2005:                onError = {
app/src/main/java/com/example/ui/viewmodels/AdminViewModel.kt:2124:                    onError = {
app/src/main/java/com/example/ui/viewmodels/AdminViewModel.kt:2266:                onError = {
app/src/main/java/com/example/ui/viewmodels/AdminViewModel.kt:2280:            } catch (e: Exception) {
app/src/main/java/com/example/ui/viewmodels/AdminViewModel.kt:2449:        } catch (e: Exception) {}
app/src/main/java/com/example/ui/viewmodels/AdminViewModel.kt:2461:        } catch (e: Exception) {}
app/src/main/java/com/example/ui/viewmodels/AdminViewModel.kt:2475:        } catch (e: Exception) {}
app/src/main/java/com/example/ui/viewmodels/AdminViewModel.kt:2481:        } catch (e: Exception) {}
app/src/main/java/com/example/ui/viewmodels/AdminViewModel.kt:2569:        } catch (e: Exception) {
app/src/main/java/com/example/ui/viewmodels/AdminViewModel.kt:2621:                    } catch (e: Exception) {
app/src/main/java/com/example/ui/viewmodels/AdminViewModel.kt:2740:        } catch (e: Exception) {
app/src/main/java/com/example/ui/viewmodels/AdminViewModel.kt:2756:            } catch (e: Exception) {
app/src/main/java/com/example/ui/viewmodels/AdminViewModel.kt:2766:        } catch (e: Exception) {
app/src/main/java/com/example/ui/viewmodels/StoreManagementViewModel.kt:36:                onError = { onTriggerNotification?.invoke("❌ فشل حفظ المتجر: ${it.message}") }
app/src/main/java/com/example/ui/viewmodels/StoreManagementViewModel.kt:45:                onError = { onTriggerNotification?.invoke("❌ فشل الحذف: ${it.message}") }
app/src/main/java/com/example/ui/viewmodels/AssistantViewModel.kt:65:        onError: ((String) -> Unit)? = null
app/src/main/java/com/example/ui/viewmodels/AssistantViewModel.kt:100:            } catch (e: Exception) {
app/src/main/java/com/example/ui/viewmodels/AssistantViewModel.kt:104:                    onError?.invoke(errMsg)
app/src/main/java/com/example/ui/viewmodels/AssistantViewModel.kt:218:                    com.example.utils.AppErrorLogManager.logApiError("GeminiAssistant", "HTTP Error: ${apiResponse.code} - ${apiResponse.message}")
app/src/main/java/com/example/ui/viewmodels/AssistantViewModel.kt:221:        } catch (e: Exception) {
app/src/main/java/com/example/ui/viewmodels/AssistantViewModel.kt:223:            com.example.utils.AppErrorLogManager.logApiError("GeminiAssistant", "فشل استدعاء Gemini API: ${e.localizedMessage}", e)
app/src/main/java/com/example/ui/viewmodels/SettingsViewModel.kt:28:        } catch (e: Exception) {
app/src/main/java/com/example/ui/viewmodels/SettingsViewModel.kt:29:            android.util.Log.e("SettingsViewModel", "Error: ", e)
app/src/main/java/com/example/ui/viewmodels/SettingsViewModel.kt:50:        val authViewModel get() = getAuthViewModel?.invoke() ?: throw IllegalStateException("authViewModel not provided")
app/src/main/java/com/example/ui/viewmodels/SettingsViewModel.kt:51:        val homeViewModel get() = getHomeViewModel?.invoke() ?: throw IllegalStateException("homeViewModel not provided")
app/src/main/java/com/example/ui/viewmodels/SettingsViewModel.kt:52:        val bookingViewModel get() = getBookingViewModel?.invoke() ?: throw IllegalStateException("bookingViewModel not provided")
app/src/main/java/com/example/ui/viewmodels/SettingsViewModel.kt:53:        val adminViewModel get() = getAdminViewModel?.invoke() ?: throw IllegalStateException("adminViewModel not provided")
app/src/main/java/com/example/ui/viewmodels/SettingsViewModel.kt:55:        val _providers get() = getProviders?.invoke() ?: throw IllegalStateException("_providers not provided")
app/src/main/java/com/example/ui/viewmodels/SettingsViewModel.kt:56:        val _bookings get() = getBookings?.invoke() ?: throw IllegalStateException("_bookings not provided")
app/src/main/java/com/example/ui/viewmodels/SettingsViewModel.kt:57:        val _categories get() = getCategories?.invoke() ?: throw IllegalStateException("_categories not provided")
app/src/main/java/com/example/ui/viewmodels/SettingsViewModel.kt:58:        val _stores get() = getStores?.invoke() ?: throw IllegalStateException("_stores not provided")
app/src/main/java/com/example/ui/viewmodels/SettingsViewModel.kt:59:        val _properties get() = getProperties?.invoke() ?: throw IllegalStateException("_properties not provided")
app/src/main/java/com/example/ui/viewmodels/SettingsViewModel.kt:61:        val _passwordRecoveryWaitingPhone get() = getPasswordRecoveryWaitingPhone?.invoke() ?: throw IllegalStateException("_passwordRecoveryWaitingPhone not provided")
app/src/main/java/com/example/ui/viewmodels/SettingsViewModel.kt:119:        } catch (e: Exception) {}
app/src/main/java/com/example/ui/viewmodels/SettingsViewModel.kt:151:                ?.addSnapshotListener { snapshot, error ->
app/src/main/java/com/example/ui/viewmodels/SettingsViewModel.kt:152:                    if (error != null) return@addSnapshotListener
app/src/main/java/com/example/ui/viewmodels/SettingsViewModel.kt:160:        } catch (e: Exception) {}
app/src/main/java/com/example/ui/viewmodels/SettingsViewModel.kt:185:            onError = { mainViewModel.triggerNotification("⚠️ تم حفظ الإعدادات محلياً، سيتم المزامنة تلقائياً عند استقرار الاتصال") },
app/src/main/java/com/example/ui/viewmodels/SettingsViewModel.kt:186:            errorMessage = "فشل حفظ الإعدادات"
app/src/main/java/com/example/ui/viewmodels/SettingsViewModel.kt:261:            .addSnapshotListener { snapshot, error ->
app/src/main/java/com/example/ui/viewmodels/SettingsViewModel.kt:262:                if (error != null) {
app/src/main/java/com/example/ui/viewmodels/SettingsViewModel.kt:263:                    error.printStackTrace()
app/src/main/java/com/example/ui/viewmodels/SettingsViewModel.kt:330:                    } catch (e: Exception) {
app/src/main/java/com/example/ui/viewmodels/SettingsViewModel.kt:354:                        .addSnapshotListener { snapshot, error ->
app/src/main/java/com/example/ui/viewmodels/SettingsViewModel.kt:355:                            if (error == null && snapshot != null && snapshot.exists()) {
app/src/main/java/com/example/ui/viewmodels/SettingsViewModel.kt:373:                                } catch (e: Exception) {
app/src/main/java/com/example/ui/viewmodels/SettingsViewModel.kt:567:        } catch (e: Exception) {
app/src/main/java/com/example/ui/viewmodels/SettingsViewModel.kt:603:        } catch (e: Exception) {}
app/src/main/java/com/example/ui/viewmodels/SettingsViewModel.kt:736:        } catch (e: Exception) {
app/src/main/java/com/example/ui/viewmodels/SettingsViewModel.kt:738:            onComplete(false, e.message ?: "Unknown error")
app/src/main/java/com/example/ui/viewmodels/SettingsViewModel.kt:849:        } catch (e: Exception) {
app/src/main/java/com/example/ui/viewmodels/SettingsViewModel.kt:851:            onComplete(false, e.message ?: "Unknown parsing error")
app/src/main/java/com/example/ui/viewmodels/SettingsViewModel.kt:902:        } catch (e: Exception) {
app/src/main/java/com/example/ui/viewmodels/SettingsViewModel.kt:907:            } catch (e2: Exception) {
app/src/main/java/com/example/ui/viewmodels/SettingsViewModel.kt:1021:        } catch (e: Exception) {}
app/src/main/java/com/example/ui/viewmodels/SettingsViewModel.kt:1309:            } catch (e: Exception) {
app/src/main/java/com/example/ui/viewmodels/SettingsViewModel.kt:1330:            } catch (e: Exception) {}
app/src/main/java/com/example/ui/viewmodels/SettingsViewModel.kt:1340:                } catch (e: Exception) {}
app/src/main/java/com/example/ui/viewmodels/SettingsViewModel.kt:1359:            } catch (e: Exception) {
app/src/main/java/com/example/ui/viewmodels/SettingsViewModel.kt:1369:        } catch (e: Exception) {
app/src/main/java/com/example/ui/viewmodels/SettingsViewModel.kt:1378:        } catch (e: Exception) {
app/src/main/java/com/example/ui/viewmodels/JobManagementViewModel.kt:34:                onError = { onTriggerNotification?.invoke("❌ فشل حفظ الوظيفة: ${it.message}") }
app/src/main/java/com/example/ui/viewmodels/JobManagementViewModel.kt:43:                onError = { onTriggerNotification?.invoke("❌ فشل الحذف: ${it.message}") }
app/src/main/java/com/example/ui/viewmodels/JobManagementViewModel.kt:98:                onError = { onTriggerNotification?.invoke("❌ فشل التقديم: ${it.message}") }
app/src/main/java/com/example/ui/viewmodels/PropertyManagementViewModel.kt:30:                onError = { onTriggerNotification?.invoke("❌ فشل حفظ العقار: ${it.message}") }
app/src/main/java/com/example/ui/viewmodels/PropertyManagementViewModel.kt:39:                onError = { onTriggerNotification?.invoke("❌ فشل الحذف: ${it.message}") }
app/src/main/java/com/example/ui/viewmodels/InstantRequestViewModel.kt:43:    data class Error(val message: String) : InstantUiState()
app/src/main/java/com/example/ui/viewmodels/InstantRequestViewModel.kt:49:    data class ShowSnackbar(val message: String) : InstantEvent()
app/src/main/java/com/example/ui/viewmodels/InstantRequestViewModel.kt:105:        requestsListener = query.addSnapshotListener { snapshot, error ->
app/src/main/java/com/example/ui/viewmodels/InstantRequestViewModel.kt:106:            if (error != null || snapshot == null) {
app/src/main/java/com/example/ui/viewmodels/InstantRequestViewModel.kt:114:                } catch (e: Exception) {
app/src/main/java/com/example/ui/viewmodels/InstantRequestViewModel.kt:127:            .addSnapshotListener { snapshot, error ->
app/src/main/java/com/example/ui/viewmodels/InstantRequestViewModel.kt:128:                if (error != null || snapshot == null || !snapshot.exists()) {
app/src/main/java/com/example/ui/viewmodels/InstantRequestViewModel.kt:139:            .addSnapshotListener { snapshot, error ->
app/src/main/java/com/example/ui/viewmodels/InstantRequestViewModel.kt:140:                if (error != null || snapshot == null) {
app/src/main/java/com/example/ui/viewmodels/InstantRequestViewModel.kt:147:                    } catch (e: Exception) {
app/src/main/java/com/example/ui/viewmodels/InstantRequestViewModel.kt:202:            onError = { err ->
app/src/main/java/com/example/ui/viewmodels/InstantRequestViewModel.kt:225:                    } catch (e: Exception) {
app/src/main/java/com/example/ui/viewmodels/InstantRequestViewModel.kt:244:            } catch (e: Exception) {
app/src/main/java/com/example/ui/viewmodels/InstantRequestViewModel.kt:265:            _uiState.value = InstantUiState.Error("⚠️ قمت بتقديم عرض سابق لهذا الطلب ولا يمكن تقديم عرض مكرر!")
app/src/main/java/com/example/ui/viewmodels/InstantRequestViewModel.kt:305:            onError = { err ->
app/src/main/java/com/example/ui/viewmodels/InstantRequestViewModel.kt:367:                            } catch (_: Exception) {}
app/src/main/java/com/example/ui/viewmodels/InstantRequestViewModel.kt:372:                    onError = { err ->
app/src/main/java/com/example/ui/viewmodels/InstantRequestViewModel.kt:373:                        _uiState.value = InstantUiState.Error(err)
app/src/main/java/com/example/ui/viewmodels/InstantRequestViewModel.kt:377:            } catch (e: Exception) {
app/src/main/java/com/example/ui/viewmodels/InstantRequestViewModel.kt:379:                _uiState.value = InstantUiState.Error(err)
app/src/main/java/com/example/ui/viewmodels/InstantRequestViewModel.kt:420:            onError = { err -> triggerNotification?.invoke("❌ خطأ: $err") }
app/src/main/java/com/example/ui/viewmodels/InstantRequestViewModel.kt:433:            _uiState.value = InstantUiState.Error(msg)
app/src/main/java/com/example/ui/viewmodels/InstantRequestViewModel.kt:451:            onError = { err ->
app/src/main/java/com/example/ui/viewmodels/InstantRequestViewModel.kt:452:                _uiState.value = InstantUiState.Error(err)
app/src/main/java/com/example/ui/viewmodels/InstantRequestViewModel.kt:483:            } catch (e: Exception) {
app/src/main/java/com/example/ui/viewmodels/InstantRequestViewModel.kt:496:        onError: (String) -> Unit
app/src/main/java/com/example/ui/viewmodels/InstantRequestViewModel.kt:525:            } catch (e: Exception) {
app/src/main/java/com/example/ui/viewmodels/InstantRequestViewModel.kt:527:                    onError(e.localizedMessage ?: "فشل تأكيد الحجز")
app/src/main/java/com/example/ui/viewmodels/AdminCrudOperations.kt:14:        onError: (Exception) -> Unit = {}
app/src/main/java/com/example/ui/viewmodels/AdminCrudOperations.kt:19:        } catch (e: Exception) {
app/src/main/java/com/example/ui/viewmodels/AdminCrudOperations.kt:20:            onError(e)
app/src/main/java/com/example/ui/viewmodels/AdminCrudOperations.kt:29:        onError: (Exception) -> Unit = {}
app/src/main/java/com/example/ui/viewmodels/AdminCrudOperations.kt:40:        } catch (e: Exception) {
app/src/main/java/com/example/ui/viewmodels/AdminCrudOperations.kt:41:            onError(e)
app/src/main/java/com/example/ui/viewmodels/AdminCrudOperations.kt:51:        onError: (Exception) -> Unit = {}
app/src/main/java/com/example/ui/viewmodels/AdminCrudOperations.kt:56:        } catch (e: Exception) {
app/src/main/java/com/example/ui/viewmodels/AdminCrudOperations.kt:57:            onError(e)
app/src/main/java/com/example/ui/viewmodels/AdminCrudOperations.kt:66:        onError: (Exception) -> Unit = {}
app/src/main/java/com/example/ui/viewmodels/AdminCrudOperations.kt:71:        } catch (e: Exception) {
app/src/main/java/com/example/ui/viewmodels/AdminCrudOperations.kt:72:            onError(e)
app/src/main/java/com/example/ui/viewmodels/AuthViewModel.kt:28:            } catch (e: Exception) {
app/src/main/java/com/example/ui/viewmodels/AuthViewModel.kt:29:                android.util.Log.e("AuthViewModel", "Error updating fcmToken: ", e)
app/src/main/java/com/example/ui/viewmodels/AuthViewModel.kt:143:        } catch (e: Exception) {
app/src/main/java/com/example/ui/viewmodels/AuthViewModel.kt:263:                    val errorMsg = result.exceptionOrNull()?.localizedMessage ?: "فشل تسجيل حساب العميل"
app/src/main/java/com/example/ui/viewmodels/AuthViewModel.kt:264:                    triggerToast("❌ $errorMsg")
app/src/main/java/com/example/ui/viewmodels/AuthViewModel.kt:266:            } catch (e: Exception) {
app/src/main/java/com/example/ui/viewmodels/AuthViewModel.kt:328:            } catch (e: Exception) {
app/src/main/java/com/example/ui/viewmodels/HomeViewModel.kt:158:        } catch (e: Exception) {
app/src/main/java/com/example/ui/viewmodels/HomeViewModel.kt:172:        } catch (e: Exception) {
app/src/main/java/com/example/ui/viewmodels/HomeViewModel.kt:323:        } catch (e: Exception) {
app/src/main/java/com/example/ui/viewmodels/BookingViewModel.kt:116:                onError = { errorMsg ->
app/src/main/java/com/example/ui/viewmodels/BookingViewModel.kt:117:                    _createBookingStatus.value = Result.failure(Exception(errorMsg))
app/src/main/java/com/example/ui/viewmodels/BookingViewModel.kt:118:                    triggerToast("❌ فشل إنشاء الحجز: $errorMsg")
app/src/main/java/com/example/ui/viewmodels/BookingViewModel.kt:370:            onError = { triggerToast("⚠️ تم حفظ الحجز محلياً، سيتم المزامنة تلقائياً") 
app/src/main/java/com/example/ui/viewmodels/BookingViewModel.kt:379:            errorMessage = "فشل إنشاء الحجز"
app/src/main/java/com/example/ui/viewmodels/BookingViewModel.kt:597:            onError = { triggerToast("⚠️ خطأ في المزامنة، يرجى التحقق من اتصالك") 
app/src/main/java/com/example/ui/viewmodels/BookingViewModel.kt:606:            errorMessage = "فشل إنشاء الحجوزات المتكررة"
app/src/main/java/com/example/ui/viewmodels/BookingViewModel.kt:630:} catch (e: Exception) {
app/src/main/java/com/example/ui/viewmodels/BookingViewModel.kt:661:} catch (e: Exception) {
app/src/main/java/com/example/ui/viewmodels/BookingViewModel.kt:966:} catch (e: Exception) {
app/src/main/java/com/example/ui/viewmodels/BookingViewModel.kt:1107:} catch (e: Exception) {
app/src/main/java/com/example/ui/viewmodels/BookingViewModel.kt:1732:            onError = { msg ->
app/src/main/java/com/example/ui/viewmodels/BookingViewModel.kt:1949:    fun createBookingDirectly(provider: com.example.data.ProviderEntity, notes: String, onSuccess: () -> Unit, onError: (String) -> Unit) {
app/src/main/java/com/example/ui/viewmodels/BookingViewModel.kt:1950:        onError("Not implemented")
app/src/main/java/com/example/ui/viewmodels/BaseViewModel.kt:20:    data class Error(val message: String, val throwable: Throwable? = null) : BaseUiState<Nothing>()
app/src/main/java/com/example/ui/viewmodels/BaseViewModel.kt:24:    fun isError(): Boolean = this is Error
app/src/main/java/com/example/ui/viewmodels/BaseViewModel.kt:37:    val coroutineExceptionHandler = kotlinx.coroutines.CoroutineExceptionHandler { _, throwable ->
app/src/main/java/com/example/ui/viewmodels/BaseViewModel.kt:39:        com.example.utils.AppErrorLogManager.logFirestoreError(
app/src/main/java/com/example/ui/viewmodels/BaseViewModel.kt:41:            throwable.localizedMessage ?: "Unhandled Coroutine Exception",
app/src/main/java/com/example/ui/viewmodels/BaseViewModel.kt:42:            Exception(throwable)
app/src/main/java/com/example/ui/viewmodels/BaseViewModel.kt:53:                } catch (e: Exception) {
app/src/main/java/com/example/ui/viewmodels/BaseViewModel.kt:58:        } catch (e: Exception) {
app/src/main/java/com/example/ui/viewmodels/BaseViewModel.kt:64:        onError: ((Throwable) -> Unit)? = null,
app/src/main/java/com/example/ui/viewmodels/BaseViewModel.kt:66:    ): kotlinx.coroutines.Job = viewModelScope.launch(coroutineExceptionHandler) {
app/src/main/java/com/example/ui/viewmodels/BaseViewModel.kt:71:            com.example.utils.AppErrorLogManager.logFirestoreError(
app/src/main/java/com/example/ui/viewmodels/BaseViewModel.kt:73:                e.localizedMessage ?: "Error in launchSafe",
app/src/main/java/com/example/ui/viewmodels/BaseViewModel.kt:74:                Exception(e)
app/src/main/java/com/example/ui/viewmodels/BaseViewModel.kt:76:            onError?.invoke(e)
app/src/main/java/com/example/ui/viewmodels/BaseViewModel.kt:91:    protected fun setError(message: String, throwable: Throwable? = null) {
app/src/main/java/com/example/ui/viewmodels/BaseViewModel.kt:92:        _baseUiState.value = BaseUiState.Error(message, throwable)
app/src/main/java/com/example/ui/viewmodels/BaseViewModel.kt:95:    open fun com.google.firebase.firestore.Query.addSnapshotListenerReg(listener: (com.google.firebase.firestore.QuerySnapshot?, com.google.firebase.firestore.FirebaseFirestoreException?) -> Unit) {
app/src/main/java/com/example/ui/viewmodels/BaseViewModel.kt:98:    open fun com.google.firebase.firestore.DocumentReference.addSnapshotListenerReg(listener: (com.google.firebase.firestore.DocumentSnapshot?, com.google.firebase.firestore.FirebaseFirestoreException?) -> Unit) {
app/src/main/java/com/example/ui/viewmodels/BaseViewModel.kt:125:        onError: (Exception) -> Unit = {},
app/src/main/java/com/example/ui/viewmodels/BaseViewModel.kt:126:        errorMessage: String = "حدث خطأ أثناء تنفيذ العملية"
app/src/main/java/com/example/ui/viewmodels/BaseViewModel.kt:131:        } catch (e: Exception) {
app/src/main/java/com/example/ui/viewmodels/BaseViewModel.kt:133:            com.example.utils.AppErrorLogManager.logFirestoreError("FirestoreCall", errorMessage, e)
app/src/main/java/com/example/ui/viewmodels/BaseViewModel.kt:134:            triggerNotification("❌ $errorMessage: ${e.localizedMessage}")
app/src/main/java/com/example/ui/viewmodels/BaseViewModel.kt:135:            onError(e)
app/src/main/java/com/example/ui/viewmodels/BaseViewModel.kt:143:        onError: (Exception) -> Unit = {},
app/src/main/java/com/example/ui/viewmodels/BaseViewModel.kt:144:        errorMessage: String = "حدث خطأ أثناء تنفيذ العملية"
app/src/main/java/com/example/ui/viewmodels/BaseViewModel.kt:151:        } catch (e: Exception) {
app/src/main/java/com/example/ui/viewmodels/BaseViewModel.kt:153:            com.example.utils.AppErrorLogManager.logFirestoreError("FirestoreCoroutineException", errorMessage, e)
app/src/main/java/com/example/ui/viewmodels/BaseViewModel.kt:154:            triggerNotification("❌ $errorMessage: ${e.localizedMessage}")
app/src/main/java/com/example/ui/viewmodels/BaseViewModel.kt:155:            onError(e)
app/src/main/java/com/example/ui/viewmodels/BaseViewModel.kt:161:        operation: (onSuccess: () -> Unit, onFailure: (Exception) -> Unit) -> Unit,
app/src/main/java/com/example/ui/viewmodels/BaseViewModel.kt:163:        onError: (Exception) -> Unit = {},
app/src/main/java/com/example/ui/viewmodels/BaseViewModel.kt:164:        errorMessage: String = "حدث خطأ أثناء تنفيذ العملية"
app/src/main/java/com/example/ui/viewmodels/BaseViewModel.kt:171:                { exception ->
app/src/main/java/com/example/ui/viewmodels/BaseViewModel.kt:172:                    com.example.utils.AppErrorLogManager.logFirestoreError("FirestoreCallback", errorMessage, exception)
app/src/main/java/com/example/ui/viewmodels/BaseViewModel.kt:173:                    triggerNotification("❌ $errorMessage: ${exception.localizedMessage}")
app/src/main/java/com/example/ui/viewmodels/BaseViewModel.kt:174:                    onError(exception)
app/src/main/java/com/example/ui/viewmodels/BaseViewModel.kt:177:        } catch (e: Exception) {
app/src/main/java/com/example/ui/viewmodels/BaseViewModel.kt:179:            com.example.utils.AppErrorLogManager.logFirestoreError("FirestoreException", errorMessage, e)
app/src/main/java/com/example/ui/viewmodels/BaseViewModel.kt:180:            triggerNotification("❌ $errorMessage: ${e.localizedMessage}")
app/src/main/java/com/example/ui/viewmodels/BaseViewModel.kt:181:            onError(e)
app/src/main/java/com/example/ui/viewmodels/BaseViewModel.kt:210:    open val _uiErrorMessage = MutableStateFlow<String?>(null)
app/src/main/java/com/example/ui/viewmodels/BaseViewModel.kt:211:    open val uiErrorMessage: StateFlow<String?> = _uiErrorMessage.asStateFlow()
app/src/main/java/com/example/ui/viewmodels/BaseViewModel.kt:213:    open fun setUiError(message: String) {
app/src/main/java/com/example/ui/viewmodels/BaseViewModel.kt:214:        _uiErrorMessage.value = message
app/src/main/java/com/example/ui/viewmodels/BaseViewModel.kt:217:    open fun clearUiError() {
app/src/main/java/com/example/ui/viewmodels/BaseViewModel.kt:218:        _uiErrorMessage.value = null
app/src/main/java/com/example/ui/viewmodels/BaseViewModel.kt:249:        } catch (e: Exception) {
app/src/main/java/com/example/ui/viewmodels/BaseViewModel.kt:301:        } catch (e: Exception) {
app/src/main/java/com/example/ui/AdvancedPanelsAndDashboards.kt:185:                                Toast.makeText(context, "تم تصدير التقرير بنجاح: ${file.name}", Toast.LENGTH_LONG).show()
app/src/main/java/com/example/ui/AdvancedPanelsAndDashboards.kt:187:                                Toast.makeText(context, "فشل تصدير التقرير", Toast.LENGTH_SHORT).show()
app/src/main/java/com/example/ui/AdvancedPanelsAndDashboards.kt:202:                            Toast.makeText(context, "تم تجهيز التقرير الطباعي الموثق بنجاح!", Toast.LENGTH_LONG).show()
app/src/main/java/com/example/ui/AdvancedPanelsAndDashboards.kt:425:                    Toast.makeText(context, "تم تنظيف الذاكرة المؤقتة بالكامل بنجاح! 🧹", Toast.LENGTH_SHORT).show()
app/src/main/java/com/example/ui/AppLocalization.kt:74:    val errorOccurred: String = "حدث خطأ ما، يرجى المحاولة لاحقاً",
app/src/main/java/com/example/ui/AppLocalization.kt:133:    errorOccurred = "حدث خطأ ما، يرجى المحاولة لاحقاً",
app/src/main/java/com/example/ui/AppLocalization.kt:192:    errorOccurred = "An error occurred, please try again later",
app/src/main/java/com/example/ui/AppLocalization.kt:240:                val decId = try { com.example.utils.SecurityCryptoUtils.decrypt(userId) } catch (e: Exception) { userId }
app/src/main/java/com/example/ui/AppLocalization.kt:243:        } catch (e: Exception) {
app/src/main/java/com/example/ui/AppLocalization.kt:265:                .addSnapshotListener { snapshot, error ->
app/src/main/java/com/example/ui/AppLocalization.kt:266:                    if (error != null) {
app/src/main/java/com/example/ui/AppLocalization.kt:267:                        error.printStackTrace()
app/src/main/java/com/example/ui/AppLocalization.kt:281:        } catch (e: Exception) {
app/src/main/java/com/example/ui/AppLocalization.kt:293:        } catch (e: Exception) {
app/src/main/java/com/example/ui/UnifiedUIStateComponents.kt:29: * Solves Problem 7: Provides standardized Empty States, Loading States, Error States with Retry,
app/src/main/java/com/example/ui/UnifiedUIStateComponents.kt:181:// 4. ⚠️ Standardized M3 Error State with Retry
app/src/main/java/com/example/ui/UnifiedUIStateComponents.kt:184:fun UnifiedErrorStateComposable(
app/src/main/java/com/example/ui/UnifiedUIStateComponents.kt:185:    errorMessage: String,
app/src/main/java/com/example/ui/UnifiedUIStateComponents.kt:204:                contentDescription = "Error",
app/src/main/java/com/example/ui/UnifiedUIStateComponents.kt:222:                text = errorMessage,
app/src/main/java/com/example/ui/helpers/RealtimeSyncHelper.kt:25:        } catch (e: Exception) {
app/src/main/java/com/example/ui/helpers/RealtimeSyncHelper.kt:27:            com.example.utils.AppErrorLogManager.logFirestoreError("RealtimeSyncHelper", "Failed to add Query listener", e)
app/src/main/java/com/example/ui/helpers/RealtimeSyncHelper.kt:37:        } catch (e: Exception) {
app/src/main/java/com/example/ui/helpers/RealtimeSyncHelper.kt:39:            com.example.utils.AppErrorLogManager.logFirestoreError("RealtimeSyncHelper", "Failed to add Document listener", e)
app/src/main/java/com/example/ui/helpers/RealtimeSyncHelper.kt:50:                } catch (e: Exception) {
app/src/main/java/com/example/ui/helpers/RealtimeSyncHelper.kt:55:        } catch (e: Exception) {
app/src/main/java/com/example/ui/helpers/RealtimeSyncHelper.kt:62:        db.collection("settings").document("main_settings").addSnapshotListenerReg { snapshot, error ->
app/src/main/java/com/example/ui/helpers/RealtimeSyncHelper.kt:63:            if (error != null) {
app/src/main/java/com/example/ui/helpers/RealtimeSyncHelper.kt:64:                error.printStackTrace()
app/src/main/java/com/example/ui/helpers/RealtimeSyncHelper.kt:77:                } catch (e: Exception) {
app/src/main/java/com/example/ui/helpers/RealtimeSyncHelper.kt:86:        db.collection("categories").addSnapshotListenerReg { snapshot, error ->
app/src/main/java/com/example/ui/helpers/RealtimeSyncHelper.kt:87:            if (error != null) {
app/src/main/java/com/example/ui/helpers/RealtimeSyncHelper.kt:88:                error.printStackTrace()
app/src/main/java/com/example/ui/helpers/RealtimeSyncHelper.kt:100:                    } catch (e: Exception) {
app/src/main/java/com/example/ui/helpers/RealtimeSyncHelper.kt:110:        db.collection("cities").addSnapshotListenerReg { snapshot, error ->
app/src/main/java/com/example/ui/helpers/RealtimeSyncHelper.kt:111:            if (error != null) {
app/src/main/java/com/example/ui/helpers/RealtimeSyncHelper.kt:112:                error.printStackTrace()
app/src/main/java/com/example/ui/helpers/RealtimeSyncHelper.kt:119:                    } catch (e: Exception) {
app/src/main/java/com/example/ui/helpers/RealtimeSyncHelper.kt:129:        db.collection("providers").limit(20).addSnapshotListenerReg { snapshot, error ->
app/src/main/java/com/example/ui/helpers/RealtimeSyncHelper.kt:131:            if (error != null) {
app/src/main/java/com/example/ui/helpers/RealtimeSyncHelper.kt:132:                error.printStackTrace()
app/src/main/java/com/example/ui/helpers/RealtimeSyncHelper.kt:140:                    } catch (e: Exception) {
app/src/main/java/com/example/ui/helpers/RealtimeSyncHelper.kt:172:                        } catch (ex: Exception) {
app/src/main/java/com/example/ui/helpers/RealtimeSyncHelper.kt:188:        db.collection("stores").limit(20).addSnapshotListenerReg { snapshot, error ->
app/src/main/java/com/example/ui/helpers/RealtimeSyncHelper.kt:189:            if (error == null && snapshot != null) {
app/src/main/java/com/example/ui/helpers/RealtimeSyncHelper.kt:216:                    } catch (e: Exception) {
app/src/main/java/com/example/ui/helpers/RealtimeSyncHelper.kt:246:                        } catch (ex: Exception) {
app/src/main/java/com/example/ui/helpers/RealtimeSyncHelper.kt:257:        db.collection("properties").limit(20).addSnapshotListenerReg { snapshot, error ->
app/src/main/java/com/example/ui/helpers/RealtimeSyncHelper.kt:258:            if (error == null && snapshot != null) {
app/src/main/java/com/example/ui/helpers/RealtimeSyncHelper.kt:283:                    } catch (e: Exception) {
app/src/main/java/com/example/ui/helpers/RealtimeSyncHelper.kt:311:                        } catch (ex: Exception) {
app/src/main/java/com/example/ui/helpers/RealtimeSyncHelper.kt:322:        db.collection("notifications").orderBy("timestamp", Query.Direction.DESCENDING).limit(20).addSnapshotListenerReg { snapshot, error ->
app/src/main/java/com/example/ui/helpers/RealtimeSyncHelper.kt:323:            if (error != null) {
app/src/main/java/com/example/ui/helpers/RealtimeSyncHelper.kt:324:                error.printStackTrace()
app/src/main/java/com/example/ui/helpers/RealtimeSyncHelper.kt:337:                    } catch (e: Exception) {
app/src/main/java/com/example/ui/helpers/RealtimeSyncHelper.kt:347:        db.collection("chat_channels").orderBy("timestamp", Query.Direction.DESCENDING).limit(20).addSnapshotListenerReg { snapshot, error ->
app/src/main/java/com/example/ui/helpers/RealtimeSyncHelper.kt:349:            if (error != null) {
app/src/main/java/com/example/ui/helpers/RealtimeSyncHelper.kt:350:                error.printStackTrace()
app/src/main/java/com/example/ui/helpers/RealtimeSyncHelper.kt:357:                    } catch (e: Exception) {
app/src/main/java/com/example/ui/helpers/RealtimeSyncHelper.kt:381:                    try { appState._distributionMode.value = BookingDistributionMode.valueOf(modeStr) } catch (_: Exception) {}
app/src/main/java/com/example/ui/helpers/RealtimeSyncHelper.kt:389:        } catch (e: Exception) {
app/src/main/java/com/example/ui/helpers/RealtimeSyncHelper.kt:406:        } catch (e: Exception) {
app/src/main/java/com/example/ui/helpers/RealtimeSyncHelper.kt:419:        } catch (e: Exception) {
app/src/main/java/com/example/ui/helpers/RealtimeSyncHelper.kt:433:        } catch (e: Exception) {
app/src/main/java/com/example/ui/helpers/RealtimeSyncHelper.kt:448:                    } catch (e: Exception) {
app/src/main/java/com/example/ui/helpers/RealtimeSyncHelper.kt:452:        } catch (e: Exception) {
app/src/main/java/com/example/ui/helpers/RealtimeSyncHelper.kt:468:                    } catch (e: Exception) {
app/src/main/java/com/example/ui/helpers/RealtimeSyncHelper.kt:472:        } catch (e: Exception) {
app/src/main/java/com/example/ui/helpers/RealtimeSyncHelper.kt:486:        } catch (e: Exception) {
app/src/main/java/com/example/ui/helpers/RealtimeSyncHelper.kt:499:        } catch (e: Exception) {
app/src/main/java/com/example/ui/helpers/RealtimeSyncHelper.kt:512:        } catch (e: Exception) {
app/src/main/java/com/example/ui/helpers/RealtimeSyncHelper.kt:524:        } catch (e: Exception) {
app/src/main/java/com/example/ui/helpers/RealtimeSyncHelper.kt:537:        } catch (e: Exception) {
app/src/main/java/com/example/ui/helpers/RealtimeSyncHelper.kt:558:                    } catch (e: Exception) {
app/src/main/java/com/example/ui/helpers/RealtimeSyncHelper.kt:562:        } catch (e: Exception) {
app/src/main/java/com/example/ui/helpers/RealtimeSyncHelper.kt:575:        } catch (e: Exception) {
app/src/main/java/com/example/ui/helpers/RealtimeSyncHelper.kt:589:        } catch (e: Exception) {
app/src/main/java/com/example/ui/helpers/RealtimeSyncHelper.kt:603:        } catch (e: Exception) {
app/src/main/java/com/example/ui/helpers/RealtimeSyncHelper.kt:619:                    } catch (e: Exception) {
app/src/main/java/com/example/ui/helpers/RealtimeSyncHelper.kt:623:        } catch (e: Exception) {
app/src/main/java/com/example/ui/helpers/RealtimeSyncHelper.kt:637:        } catch (e: Exception) {
app/src/main/java/com/example/ui/helpers/RealtimeSyncHelper.kt:657:        } catch (e: Exception) {
app/src/main/java/com/example/ui/helpers/RealtimeSyncHelper.kt:671:        } catch (e: Exception) {
app/src/main/java/com/example/ui/helpers/RealtimeSyncHelper.kt:685:        } catch (e: Exception) {
app/src/main/java/com/example/ui/helpers/RealtimeSyncHelper.kt:698:        } catch (e: Exception) {
app/src/main/java/com/example/ui/helpers/RealtimeSyncHelper.kt:713:        } catch (e: Exception) {
app/src/main/java/com/example/ui/helpers/RealtimeSyncHelper.kt:732:                    } catch (e: Exception) {
app/src/main/java/com/example/ui/helpers/RealtimeSyncHelper.kt:736:        } catch (e: Exception) {
app/src/main/java/com/example/ui/helpers/RealtimeSyncHelper.kt:751:        } catch (e: Exception) {
app/src/main/java/com/example/ui/helpers/FirestoreSeedHelper.kt:32:                try { writeDefaultCategories() } catch (e: Exception) {}
app/src/main/java/com/example/ui/helpers/FirestoreSeedHelper.kt:42:                try { writeDefaultCities() } catch (e: Exception) {}
app/src/main/java/com/example/ui/helpers/FirestoreSeedHelper.kt:52:                try { writeDefaultBanners() } catch (e: Exception) {}
app/src/main/java/com/example/ui/helpers/FirestoreSeedHelper.kt:62:                try { writeDefaultSupervisors() } catch (e: Exception) {}
app/src/main/java/com/example/ui/helpers/FirestoreSeedHelper.kt:72:                try { writeDefaultColorPalettes() } catch (e: Exception) {}
app/src/main/java/com/example/ui/helpers/FirestoreSeedHelper.kt:82:                try { if (com.example.BuildConfig.DEBUG) writeDefaultProviders() } catch (e: Exception) {}
app/src/main/java/com/example/ui/helpers/FirestoreSeedHelper.kt:85:        try { writeDefaultStores() } catch (e: Exception) { e.printStackTrace() }
app/src/main/java/com/example/ui/helpers/FirestoreSeedHelper.kt:86:        try { writeDefaultProperties() } catch (e: Exception) { e.printStackTrace() }
app/src/main/java/com/example/ui/helpers/FirestoreSeedHelper.kt:87:        try { writeDefaultJobs() } catch (e: Exception) { e.printStackTrace() }
app/src/main/java/com/example/ui/helpers/RegistrationHelper.kt:54:        } catch (e: Exception) {
app/src/main/java/com/example/ui/helpers/RegistrationHelper.kt:103:            } catch (e: Exception) {
app/src/main/java/com/example/ui/helpers/RegistrationHelper.kt:357:                    } catch (e: Exception) {}
app/src/main/java/com/example/ui/helpers/RegistrationHelper.kt:369:                    } catch (e: Exception) {}
app/src/main/java/com/example/ui/helpers/RegistrationHelper.kt:374:                    val errorMsg = e.localizedMessage ?: "تأكد من صغر حجم الصور واتصالك بالإنترنت"
app/src/main/java/com/example/ui/helpers/RegistrationHelper.kt:375:                    triggerNotification("❌ فشل تقديم الطلب: $errorMsg")
app/src/main/java/com/example/ui/helpers/RegistrationHelper.kt:391:            } catch (e: Exception) {
app/src/main/java/com/example/ui/helpers/RegistrationHelper.kt:393:                com.example.utils.AppErrorLogManager.logFirestoreError("RegistrationHelper", "Error in submitJoinForm", e)
app/src/main/java/com/example/ui/helpers/RegistrationHelper.kt:422:        } catch (e: Exception) {}
app/src/main/java/com/example/ui/helpers/RegistrationHelper.kt:440:                } catch (e: Exception) {}
app/src/main/java/com/example/ui/helpers/RegistrationHelper.kt:444:            } catch (e: Exception) {}
app/src/main/java/com/example/ui/CreateBookingScreen.kt:97:    var errorMessage by remember { mutableStateOf<String?>(null) }
app/src/main/java/com/example/ui/CreateBookingScreen.kt:236:                onValueChange = { customerName = it; errorMessage = null },
app/src/main/java/com/example/ui/CreateBookingScreen.kt:250:                    errorMessage = null
app/src/main/java/com/example/ui/CreateBookingScreen.kt:298:                    onValueChange = { customerArea = it; errorMessage = null },
app/src/main/java/com/example/ui/CreateBookingScreen.kt:449:                    errorMessage = null
app/src/main/java/com/example/ui/CreateBookingScreen.kt:486:            // Error display
app/src/main/java/com/example/ui/CreateBookingScreen.kt:487:            AnimatedVisibility(visible = errorMessage != null) {
app/src/main/java/com/example/ui/CreateBookingScreen.kt:496:                        Text(text = errorMessage ?: "", color = Color(0xFFEF4444), fontSize = 12.sp, fontWeight = FontWeight.Bold)
app/src/main/java/com/example/ui/CreateBookingScreen.kt:507:                    val validationErrors = BookingValidation.validateBookingFields(
app/src/main/java/com/example/ui/CreateBookingScreen.kt:514:                    if (validationErrors.isNotEmpty()) {
app/src/main/java/com/example/ui/CreateBookingScreen.kt:515:                        errorMessage = validationErrors.first()
app/src/main/java/com/example/ui/CreateBookingScreen.kt:520:                        errorMessage = "يرجى تحديد التاريخ والوقت المناسب للحجز"
app/src/main/java/com/example/ui/CreateBookingScreen.kt:525:                        errorMessage = "يرجى الموافقة على شروط الخدمة للمتابعة"
app/src/main/java/com/example/ui/CreateBookingScreen.kt:557:                    Toast.makeText(context, "تم إرسال طلب الحجز بنجاح!", Toast.LENGTH_LONG).show()
app/src/main/java/com/example/ui/MainViewModel.kt:51:        } catch (e: Exception) {
app/src/main/java/com/example/ui/MainViewModel.kt:275:            } catch (e: Exception) {
app/src/main/java/com/example/ui/MainViewModel.kt:276:                android.util.Log.e("MainViewModel", "Error: ", e)
app/src/main/java/com/example/ui/MainViewModel.kt:283:            _uiErrorMessage.value = null
app/src/main/java/com/example/ui/MainViewModel.kt:286:            } catch (e: Exception) {
app/src/main/java/com/example/ui/MainViewModel.kt:287:                _uiErrorMessage.value = "تعذر تحديث البيانات: ${e.localizedMessage}"
app/src/main/java/com/example/ui/MainViewModel.kt:399:        } catch (e: Exception) {
app/src/main/java/com/example/ui/MainViewModel.kt:400:            android.util.Log.e("MainViewModel", "❌ Error in initializeFirestoreCollections", e)
app/src/main/java/com/example/ui/MainViewModel.kt:407:        } catch (e: Exception) {
app/src/main/java/com/example/ui/MainViewModel.kt:408:            android.util.Log.e("MainViewModel", "❌ Error in AuthViewModel initialization", e)
app/src/main/java/com/example/ui/MainViewModel.kt:412:        } catch (e: Exception) {
app/src/main/java/com/example/ui/MainViewModel.kt:413:            android.util.Log.e("MainViewModel", "❌ Error in setting up realtime listeners", e)
app/src/main/java/com/example/ui/MainViewModel.kt:417:        } catch (e: Exception) {
app/src/main/java/com/example/ui/MainViewModel.kt:418:            android.util.Log.e("MainViewModel", "❌ Error in SettingsViewModel loadCardSettings", e)
app/src/main/java/com/example/ui/MainViewModel.kt:422:        } catch (e: Exception) {
app/src/main/java/com/example/ui/MainViewModel.kt:423:            android.util.Log.e("MainViewModel", "❌ Error in AdminViewModel loadPendingTechnicians", e)
app/src/main/java/com/example/ui/MainViewModel.kt:427:        } catch (e: Exception) {
app/src/main/java/com/example/ui/MainViewModel.kt:428:            android.util.Log.e("MainViewModel", "❌ Error in seedFirestoreIfEmpty", e)
app/src/main/java/com/example/ui/MainViewModel.kt:529:        } catch (e: Exception) {
app/src/main/java/com/example/ui/StoresRealEstateComponents.kt:61:            } catch (e: Exception) {
app/src/main/java/com/example/ui/StoresRealEstateComponents.kt:778:            } catch (e: Exception) { null }
app/src/main/java/com/example/ui/StoresRealEstateComponents.kt:788:            } catch (e: Exception) { null }
app/src/main/java/com/example/ui/StoresRealEstateComponents.kt:1706:                    android.widget.Toast.makeText(context, "📸 تم تحديث صورة الغلاف بنجاح!", android.widget.Toast.LENGTH_SHORT).show()
app/src/main/java/com/example/ui/StoresRealEstateComponents.kt:1708:            } catch (e: Exception) {
app/src/main/java/com/example/ui/StoresRealEstateComponents.kt:1709:                android.widget.Toast.makeText(context, "فشل تحميل الصورة", android.widget.Toast.LENGTH_SHORT).show()
app/src/main/java/com/example/ui/StoresRealEstateComponents.kt:1722:                    android.widget.Toast.makeText(context, "🖼️ تم تحديث صورة الشعار بنجاح!", android.widget.Toast.LENGTH_SHORT).show()
app/src/main/java/com/example/ui/StoresRealEstateComponents.kt:1724:            } catch (e: Exception) {
app/src/main/java/com/example/ui/StoresRealEstateComponents.kt:1725:                android.widget.Toast.makeText(context, "فشل تحميل الصورة", android.widget.Toast.LENGTH_SHORT).show()
app/src/main/java/com/example/ui/StoresRealEstateComponents.kt:2034:                                                android.widget.Toast.makeText(context, "🗑️ تم حذف وحظر المتجر!", android.widget.Toast.LENGTH_LONG).show()
app/src/main/java/com/example/ui/StoresRealEstateComponents.kt:2102:                            android.widget.Toast.makeText(context, "🔥 تم حفظ التعديلات على العروض والتخفيضات!", android.widget.Toast.LENGTH_SHORT).show()
app/src/main/java/com/example/ui/StoresRealEstateComponents.kt:2134:                                android.widget.Toast.makeText(context, "📄 تم تنزيل قائمة الخدمات والأسعار بنجاح!", android.widget.Toast.LENGTH_LONG).show()
app/src/main/java/com/example/ui/StoresRealEstateComponents.kt:2336:                                    android.widget.Toast.makeText(context, "✅ تم إرسال تقييمك بنجاح!", android.widget.Toast.LENGTH_SHORT).show()
app/src/main/java/com/example/ui/StoresRealEstateComponents.kt:2339:                                    android.widget.Toast.makeText(context, "❌ فشل إرسال التقييم: ${it.localizedMessage}", android.widget.Toast.LENGTH_SHORT).show()
app/src/main/java/com/example/ui/StoresRealEstateComponents.kt:2601:                                    android.widget.Toast.makeText(context, "✅ تم تحديث سعر '${prod.name}' إلى $newPrice ${prod.currency} بنجاح!", android.widget.Toast.LENGTH_LONG).show()
app/src/main/java/com/example/ui/StoresRealEstateComponents.kt:2612:                                    android.widget.Toast.makeText(context, "✅ تم تحديث أسعار ${products.size} منتج وخدمة بنجاح!", android.widget.Toast.LENGTH_LONG).show()
app/src/main/java/com/example/ui/StoresRealEstateComponents.kt:2654:                    android.widget.Toast.makeText(context, "📷 تم اختيار ضغط صورة المنتج بنجاح!", android.widget.Toast.LENGTH_SHORT).show()
app/src/main/java/com/example/ui/StoresRealEstateComponents.kt:2656:            } catch (e: Exception) {
app/src/main/java/com/example/ui/StoresRealEstateComponents.kt:2748:                                android.widget.Toast.makeText(context, "✅ تم إضافة المنتج بنجاح!", android.widget.Toast.LENGTH_SHORT).show()
app/src/main/java/com/example/ui/StoresRealEstateComponents.kt:2858:                                            android.widget.Toast.makeText(context, "🗑️ تم حذف وحظر العقار من النظام بنجاح!", android.widget.Toast.LENGTH_LONG).show()
app/src/main/java/com/example/ui/StoresRealEstateComponents.kt:2930:                                android.widget.Toast.makeText(context, "📄 تم تحميل مستندات وخرائط وثيقة الملكية المعتمدة للعقار بنجاح!", android.widget.Toast.LENGTH_LONG).show()
app/src/main/java/com/example/ui/StoresRealEstateComponents.kt:3167:            } catch (e: Exception) {
app/src/main/java/com/example/ui/StoresRealEstateComponents.kt:3182:            } catch (e: Exception) {
app/src/main/java/com/example/ui/StoresRealEstateComponents.kt:3202:            } catch (e: Exception) {
app/src/main/java/com/example/ui/StoresRealEstateComponents.kt:3368:                                android.widget.Toast.makeText(context, "الرجاء إدخال كلمة المرور أولاً ليتم حفظها وطلب استعادتها", android.widget.Toast.LENGTH_SHORT).show()
app/src/main/java/com/example/ui/StoresRealEstateComponents.kt:3535:                            android.widget.Toast.makeText(context, "❌ يرجى إدخال اسم المتجر/المحل التجاري أولاً!", android.widget.Toast.LENGTH_LONG).show()
app/src/main/java/com/example/ui/StoresRealEstateComponents.kt:3539:                            android.widget.Toast.makeText(context, "❌ يرجى إدخال رقم هاتف للتواصل!", android.widget.Toast.LENGTH_LONG).show()
app/src/main/java/com/example/ui/StoresRealEstateComponents.kt:3551:                            android.widget.Toast.makeText(context, "❌ رقم الهاتف المدخل غير صحيح! يجب أن يبدأ بـ (77، 73، 71، 70، 78) ويتكون من 9 أرقام.", android.widget.Toast.LENGTH_LONG).show()
app/src/main/java/com/example/ui/StoresRealEstateComponents.kt:3555:                            android.widget.Toast.makeText(context, "❌ يرجى تحديد الحي أو الحارة السكنية لتسهيل الوصول!", android.widget.Toast.LENGTH_LONG).show()
app/src/main/java/com/example/ui/StoresRealEstateComponents.kt:3559:                            android.widget.Toast.makeText(context, "❌ يرجى تعيين كلمة مرور لحماية متجرك وإمكانية تعديله مستقبلاً!", android.widget.Toast.LENGTH_LONG).show()
app/src/main/java/com/example/ui/StoresRealEstateComponents.kt:3563:                            android.widget.Toast.makeText(context, "❌ كلمتا المرور غير متطابقتين!", android.widget.Toast.LENGTH_LONG).show()
app/src/main/java/com/example/ui/StoresRealEstateComponents.kt:3653:            } catch (e: Exception) {
app/src/main/java/com/example/ui/StoresRealEstateComponents.kt:3845:                                android.widget.Toast.makeText(context, "الرجاء إدخال كلمة المرور أولاً ليتم حفظها وطلب استعادتها", android.widget.Toast.LENGTH_SHORT).show()
app/src/main/java/com/example/ui/StoresRealEstateComponents.kt:3983:                            android.widget.Toast.makeText(context, "❌ يرجى إدخال عنوان الإعلان الرئيسي للعقار!", android.widget.Toast.LENGTH_LONG).show()
app/src/main/java/com/example/ui/StoresRealEstateComponents.kt:3987:                            android.widget.Toast.makeText(context, "❌ يرجى إدخال رقم الهاتف للتواصل بخصوص العقار!", android.widget.Toast.LENGTH_LONG).show()
app/src/main/java/com/example/ui/StoresRealEstateComponents.kt:3999:                            android.widget.Toast.makeText(context, "❌ رقم الهاتف المدخل غير صحيح! يجب أن يبدأ بـ (77، 73، 71، 70، 78) ويتكون من 9 أرقام.", android.widget.Toast.LENGTH_LONG).show()
app/src/main/java/com/example/ui/StoresRealEstateComponents.kt:4003:                            android.widget.Toast.makeText(context, "❌ يرجى تحديد موقع الحي أو الشارع السكني للعقار!", android.widget.Toast.LENGTH_LONG).show()
app/src/main/java/com/example/ui/StoresRealEstateComponents.kt:4007:                            android.widget.Toast.makeText(context, "❌ يرجى إدخال كلمة مرور لحماية الإعلان العقاري وتعديله مستقبلاً!", android.widget.Toast.LENGTH_LONG).show()
app/src/main/java/com/example/ui/StoresRealEstateComponents.kt:4011:                            android.widget.Toast.makeText(context, "❌ كلمتا المرور غير متطابقتين!", android.widget.Toast.LENGTH_LONG).show()
app/src/main/java/com/example/ui/AdminDeletedEntitiesPanel.kt:114:                                    Toast.makeText(context, "🔄 تم استعادة المحل (${store.name}) بنجاح!", Toast.LENGTH_SHORT).show()
app/src/main/java/com/example/ui/AdminDeletedEntitiesPanel.kt:134:                                    Toast.makeText(context, "🔄 تم استعادة حساب الفني (${provider.name}) بنجاح!", Toast.LENGTH_SHORT).show()
app/src/main/java/com/example/ui/AdminDeletedEntitiesPanel.kt:154:                                    Toast.makeText(context, "🔄 تم استعادة العقار (${prop.title}) بنجاح!", Toast.LENGTH_SHORT).show()
app/src/main/java/com/example/ui/AdminDeletedEntitiesPanel.kt:174:                                    Toast.makeText(context, "🔄 تم استعادة الإعلان الوظيفي (${job.title}) بنجاح!", Toast.LENGTH_SHORT).show()
app/src/main/java/com/example/ui/AdminDeletedEntitiesPanel.kt:219:                            Toast.makeText(context, "🗑️ تم الحذف النهائي للسجل ($entityName)", Toast.LENGTH_SHORT).show()
app/src/main/java/com/example/ui/AdminDeletedEntitiesPanel.kt:223:                            Toast.makeText(context, "⚠️ يرجى كتابة سبب الحذف النهائي", Toast.LENGTH_SHORT).show()
app/src/main/java/com/example/ui/MainViewModelBookings.kt:81:    onError: (String) -> Unit
app/src/main/java/com/example/ui/MainViewModelBookings.kt:83:    bookingViewModel.createBookingDirectly(provider, notes, onSuccess, onError)
app/src/main/java/com/example/domain/usecases/BookingUseCases.kt:18:        onError: (String) -> Unit
app/src/main/java/com/example/domain/usecases/BookingUseCases.kt:20:        repository.updateBookingDetails(updatedBooking, inputPin, onSuccess, onError)
app/src/main/java/com/example/domain/usecases/RegisterJobPosterUseCase.kt:26:            return Result.failure(IllegalArgumentException("يرجى إدخال المسمى الوظيفي المطلوب"))
app/src/main/java/com/example/domain/usecases/RegisterJobPosterUseCase.kt:30:            return Result.failure(IllegalArgumentException("يرجى إدخال اسم الشركة أو معلن الوظيفة"))
app/src/main/java/com/example/domain/usecases/RegisterJobPosterUseCase.kt:35:            return Result.failure(IllegalArgumentException(phoneCheck.errorMessage))
app/src/main/java/com/example/domain/usecases/RegisterJobPosterUseCase.kt:40:            return Result.failure(IllegalArgumentException(passCheck.errorMessage))
app/src/main/java/com/example/domain/usecases/RegisterJobPosterUseCase.kt:44:            return Result.failure(IllegalArgumentException("يرجى تحديد المدينة/المحافظة"))
app/src/main/java/com/example/domain/usecases/RegisterClientUseCase.kt:16:            return Result.failure(IllegalArgumentException("يرجى إدخال الاسم الكامل"))
app/src/main/java/com/example/domain/usecases/RegisterClientUseCase.kt:21:            return Result.failure(IllegalArgumentException(phoneCheck.errorMessage))
app/src/main/java/com/example/domain/usecases/RegisterClientUseCase.kt:26:            return Result.failure(IllegalArgumentException(passCheck.errorMessage))
app/src/main/java/com/example/domain/usecases/RegisterClientUseCase.kt:30:            return Result.failure(IllegalArgumentException("يرجى اختيار المحافظة/المدينة"))
app/src/main/java/com/example/domain/usecases/RegisterProviderUseCase.kt:16:            return Result.failure(IllegalArgumentException("يرجى إدخال اسم الفني الكامل"))
app/src/main/java/com/example/domain/usecases/RegisterProviderUseCase.kt:21:            return Result.failure(IllegalArgumentException(phoneCheck.errorMessage))
app/src/main/java/com/example/domain/usecases/RegisterProviderUseCase.kt:26:            return Result.failure(IllegalArgumentException(passCheck.errorMessage))
app/src/main/java/com/example/domain/usecases/RegisterProviderUseCase.kt:30:            return Result.failure(IllegalArgumentException("يرجى اختيار تخصص المهنة/الحرفة"))
app/src/main/java/com/example/domain/usecases/RegisterProviderUseCase.kt:34:            return Result.failure(IllegalArgumentException("يرجى تحديد المدينة/المحافظة"))
app/src/main/java/com/example/domain/usecases/RegisterMedicalUseCase.kt:26:            return Result.failure(IllegalArgumentException("يرجى إدخال اسم العيادة أو المركز الطبي"))
app/src/main/java/com/example/domain/usecases/RegisterMedicalUseCase.kt:30:            return Result.failure(IllegalArgumentException("يرجى إدخال اسم الطبيب المسؤول"))
app/src/main/java/com/example/domain/usecases/RegisterMedicalUseCase.kt:35:            return Result.failure(IllegalArgumentException(phoneCheck.errorMessage))
app/src/main/java/com/example/domain/usecases/RegisterMedicalUseCase.kt:40:            return Result.failure(IllegalArgumentException(passCheck.errorMessage))
app/src/main/java/com/example/domain/usecases/RegisterMedicalUseCase.kt:44:            return Result.failure(IllegalArgumentException("يرجى تحديد التخصص الطبي الرئيسي"))
app/src/main/java/com/example/domain/usecases/RegisterMedicalUseCase.kt:48:            return Result.failure(IllegalArgumentException("يرجى اختيار المدينة/المحافظة"))
app/src/main/java/com/example/domain/usecases/CreateInstantRequestUseCase.kt:5:import com.example.utils.AppError
app/src/main/java/com/example/domain/usecases/CreateInstantRequestUseCase.kt:20:                    onError = { cont.resume(AppResult.Error(AppError.UnknownError(it))) }
app/src/main/java/com/example/domain/usecases/CreateInstantRequestUseCase.kt:22:            } catch (e: Exception) {
app/src/main/java/com/example/domain/usecases/CreateInstantRequestUseCase.kt:23:                cont.resume(AppResult.Error(AppError.UnknownError(e.localizedMessage ?: "فشل إنشاء الطلب العاجل", e)))
app/src/main/java/com/example/domain/usecases/RegisterStoreUseCase.kt:26:            return Result.failure(IllegalArgumentException("يرجى إدخال اسم المتجر/المحل التجاري"))
app/src/main/java/com/example/domain/usecases/RegisterStoreUseCase.kt:30:            return Result.failure(IllegalArgumentException("يرجى إدخال اسم صاحب المتجر"))
app/src/main/java/com/example/domain/usecases/RegisterStoreUseCase.kt:35:            return Result.failure(IllegalArgumentException(phoneCheck.errorMessage))
app/src/main/java/com/example/domain/usecases/RegisterStoreUseCase.kt:40:            return Result.failure(IllegalArgumentException(passCheck.errorMessage))
app/src/main/java/com/example/domain/usecases/RegisterStoreUseCase.kt:44:            return Result.failure(IllegalArgumentException("يرجى اختيار تصنيف نشاط المتجر"))
app/src/main/java/com/example/domain/usecases/RegisterStoreUseCase.kt:48:            return Result.failure(IllegalArgumentException("يرجى اختيار المدينة/المحافظة"))
app/src/main/java/com/example/domain/usecases/CreateBookingUseCase.kt:16:        onError: (String) -> Unit
app/src/main/java/com/example/domain/usecases/CreateBookingUseCase.kt:19:            onError("يرجى إدخال اسم العميل الكامل")
app/src/main/java/com/example/domain/usecases/CreateBookingUseCase.kt:23:            onError("يرجى إدخال رقم هاتف للتواصل")
app/src/main/java/com/example/domain/usecases/CreateBookingUseCase.kt:27:            onError("يرجى تحديد تاريخ الموعد")
app/src/main/java/com/example/domain/usecases/CreateBookingUseCase.kt:31:            onError("يرجى تحديد وقت الموعد")
app/src/main/java/com/example/domain/usecases/CreateBookingUseCase.kt:39:            onError = onError
app/src/main/java/com/example/domain/usecases/ValidatePhoneUseCase.kt:11:            return ValidationResult(isValid = false, errorMessage = "يرجى إدخال رقم الهاتف")
app/src/main/java/com/example/domain/usecases/ValidatePhoneUseCase.kt:23:            return ValidationResult(isValid = false, errorMessage = "يجب أن يتكون رقم الهاتف من 9 أرقام (مثال: 771234567)")
app/src/main/java/com/example/domain/usecases/ValidatePhoneUseCase.kt:27:            return ValidationResult(isValid = false, errorMessage = "رمز مزود الخدمة غير معروف (يجب أن يبدأ بـ 77, 73, 71, 70, 78)")
app/src/main/java/com/example/domain/usecases/ValidatePhoneUseCase.kt:34:        val errorMessage: String = ""
app/src/main/java/com/example/domain/usecases/CancelBookingUseCase.kt:16:        onError: (String) -> Unit
app/src/main/java/com/example/domain/usecases/CancelBookingUseCase.kt:18:        repository.cancelBookingWithSecurity(booking, inputPin, reason, cancelledBy, onSuccess, onError)
app/src/main/java/com/example/domain/usecases/UpdateBookingStatusUseCase.kt:15:        onError: (String) -> Unit
app/src/main/java/com/example/domain/usecases/UpdateBookingStatusUseCase.kt:18:            onError("معرف الحجز غير صالح")
app/src/main/java/com/example/domain/usecases/UpdateBookingStatusUseCase.kt:25:            onError = onError
app/src/main/java/com/example/domain/usecases/RegisterRestaurantUseCase.kt:26:            return Result.failure(IllegalArgumentException("يرجى إدخال اسم المطعم أو البوفيه"))
app/src/main/java/com/example/domain/usecases/RegisterRestaurantUseCase.kt:30:            return Result.failure(IllegalArgumentException("يرجى إدخال اسم صاحب المطعم/المدير المسؤول"))
app/src/main/java/com/example/domain/usecases/RegisterRestaurantUseCase.kt:35:            return Result.failure(IllegalArgumentException(phoneCheck.errorMessage))
app/src/main/java/com/example/domain/usecases/RegisterRestaurantUseCase.kt:40:            return Result.failure(IllegalArgumentException(passCheck.errorMessage))
app/src/main/java/com/example/domain/usecases/RegisterRestaurantUseCase.kt:44:            return Result.failure(IllegalArgumentException("يرجى اختيار نوع المأكولات والمطبخ"))
app/src/main/java/com/example/domain/usecases/RegisterRestaurantUseCase.kt:48:            return Result.failure(IllegalArgumentException("يرجى تحديد المدينة/المحافظة"))
app/src/main/java/com/example/domain/usecases/RegisterPropertyUseCase.kt:26:            return Result.failure(IllegalArgumentException("يرجى إدخال عنوان الإعلان العقاري"))
app/src/main/java/com/example/domain/usecases/RegisterPropertyUseCase.kt:30:            return Result.failure(IllegalArgumentException("يرجى إدخال اسم صاحب العقار/الوكيل"))
app/src/main/java/com/example/domain/usecases/RegisterPropertyUseCase.kt:35:            return Result.failure(IllegalArgumentException(phoneCheck.errorMessage))
app/src/main/java/com/example/domain/usecases/RegisterPropertyUseCase.kt:40:            return Result.failure(IllegalArgumentException(passCheck.errorMessage))
app/src/main/java/com/example/domain/usecases/RegisterPropertyUseCase.kt:44:            return Result.failure(IllegalArgumentException("يرجى تحديد المدينة/المحافظة"))
app/src/main/java/com/example/domain/usecases/ValidatePasswordUseCase.kt:11:            return ValidationResult(isValid = false, errorMessage = "يرجى إدخال كلمة المرور أو رمز PIN")
app/src/main/java/com/example/domain/usecases/ValidatePasswordUseCase.kt:14:            return ValidationResult(isValid = false, errorMessage = "يجب أن تحتوي كلمة المرور على 4 خانات على الأقل")
app/src/main/java/com/example/domain/usecases/ValidatePasswordUseCase.kt:21:        val errorMessage: String = ""
app/src/main/java/com/example/domain/usecases/AcceptOfferUseCase.kt:4:import com.example.utils.AppError
app/src/main/java/com/example/domain/usecases/AcceptOfferUseCase.kt:30:                onError = { cont.resume(AppResult.Error(AppError.UnknownError(it))) }
app/src/main/java/com/example/domain/usecases/AcceptOfferUseCase.kt:32:        } catch (e: Exception) {
app/src/main/java/com/example/domain/usecases/AcceptOfferUseCase.kt:33:            cont.resume(AppResult.Error(AppError.UnknownError(e.localizedMessage ?: "فشل قبول العرض", e)))
app/src/main/java/com/example/utils/HierarchicalContentManager.kt:80:        onError: (String) -> Unit
app/src/main/java/com/example/utils/HierarchicalContentManager.kt:95:            .addOnFailureListener { onError(it.localizedMessage ?: "فشل تقديم الطلب للمراجعة") }
app/src/main/java/com/example/utils/NotificationScheduler.kt:62:        } catch (ignored: Exception) {}
app/src/main/java/com/example/utils/NotificationScheduler.kt:104:        } catch (e: SecurityException) {
app/src/main/java/com/example/utils/NotificationScheduler.kt:107:            } catch (ignored: Exception) {}
app/src/main/java/com/example/utils/NotificationScheduler.kt:129:        } catch (e: Exception) {
app/src/main/java/com/example/utils/ImageCompressor.kt:54:        } catch (e: Exception) {
app/src/main/java/com/example/utils/AppSetup.kt:16:        } catch (e: Exception) {
app/src/main/java/com/example/utils/WalletManager.kt:75:            } catch (e: Exception) {
app/src/main/java/com/example/utils/WalletManager.kt:76:                // Ignore parse errors
app/src/main/java/com/example/utils/WalletManager.kt:87:        } catch (ignored: Exception) {}
app/src/main/java/com/example/utils/WalletManager.kt:114:            } catch (ignored: Exception) {}
app/src/main/java/com/example/utils/WalletManager.kt:117:        } catch (e: Exception) {
app/src/main/java/com/example/utils/WalletManager.kt:133:            if (amount <= 0) return@withContext Result.failure(IllegalArgumentException("مبلغ الإيداع يجب أن يكون أكبر من الصفر"))
app/src/main/java/com/example/utils/WalletManager.kt:135:                return@withContext Result.failure(IllegalArgumentException("الريال اليمني لا يدعم الكسور"))
app/src/main/java/com/example/utils/WalletManager.kt:151:                    throw IllegalStateException("المحفظة مجمدة ولا يمكن إجراء إيداعات حالياً")
app/src/main/java/com/example/utils/WalletManager.kt:204:        } catch (e: Exception) {
app/src/main/java/com/example/utils/WalletManager.kt:219:            if (amount <= 0) return@withContext Result.failure(IllegalArgumentException("مبلغ السحب يجب أن يكون أكبر من الصفر"))
app/src/main/java/com/example/utils/WalletManager.kt:221:                return@withContext Result.failure(IllegalArgumentException("الريال اليمني لا يدعم الكسور"))
app/src/main/java/com/example/utils/WalletManager.kt:237:                    throw IllegalStateException("المحفظة مجمدة ولا يمكن السحب منها")
app/src/main/java/com/example/utils/WalletManager.kt:247:                    throw IllegalStateException("الرصيد غير كافٍ. الرصيد المتاح: $available $cur")
app/src/main/java/com/example/utils/WalletManager.kt:298:        } catch (e: Exception) {
app/src/main/java/com/example/utils/WalletManager.kt:313:            if (amount <= 0) return@withContext Result.failure(IllegalArgumentException("مبلغ التحويل غير صالح"))
app/src/main/java/com/example/utils/WalletManager.kt:327:                    throw IllegalStateException("إحدى المحافظ مجمدة")
app/src/main/java/com/example/utils/WalletManager.kt:337:                    throw IllegalStateException("رصيد المرسل غير كافٍ")
app/src/main/java/com/example/utils/WalletManager.kt:394:        } catch (e: Exception) {
app/src/main/java/com/example/utils/WalletManager.kt:436:            .addSnapshotListener { snapshot, error ->
app/src/main/java/com/example/utils/WalletManager.kt:437:                if (error != null || snapshot == null) {
app/src/main/java/com/example/utils/WalletManager.kt:454:        } catch (e: Exception) {
app/src/main/java/com/example/utils/WalletManager.kt:466:        } catch (e: Exception) {
app/src/main/java/com/example/utils/AppErrorHandling.kt:24: * 🛠️ Centralized Application Error Hierarchy
app/src/main/java/com/example/utils/AppErrorHandling.kt:26:sealed class AppError(
app/src/main/java/com/example/utils/AppErrorHandling.kt:31:    data class NetworkError(
app/src/main/java/com/example/utils/AppErrorHandling.kt:33:    ) : AppError(
app/src/main/java/com/example/utils/AppErrorHandling.kt:39:    data class TimeoutError(
app/src/main/java/com/example/utils/AppErrorHandling.kt:41:    ) : AppError(
app/src/main/java/com/example/utils/AppErrorHandling.kt:47:    data class UnauthorizedError(
app/src/main/java/com/example/utils/AppErrorHandling.kt:49:    ) : AppError(
app/src/main/java/com/example/utils/AppErrorHandling.kt:57:    ) : AppError(
app/src/main/java/com/example/utils/AppErrorHandling.kt:63:    data class FirebaseError(
app/src/main/java/com/example/utils/AppErrorHandling.kt:66:    ) : AppError(
app/src/main/java/com/example/utils/AppErrorHandling.kt:72:    data class ValidationError(
app/src/main/java/com/example/utils/AppErrorHandling.kt:75:    ) : AppError(
app/src/main/java/com/example/utils/AppErrorHandling.kt:81:    data class UnknownError(
app/src/main/java/com/example/utils/AppErrorHandling.kt:84:    ) : AppError(
app/src/main/java/com/example/utils/AppErrorHandling.kt:96:    data class Error(val error: AppError) : AppResult<Nothing>()
app/src/main/java/com/example/utils/AppErrorHandling.kt:99:    val isError: Boolean get() = this is Error
app/src/main/java/com/example/utils/AppErrorHandling.kt:108:    inline fun onError(action: (AppError) -> Unit): AppResult<T> {
app/src/main/java/com/example/utils/AppErrorHandling.kt:109:        if (this is Error) action(error)
app/src/main/java/com/example/utils/AppErrorHandling.kt:117:            } catch (e: Exception) {
app/src/main/java/com/example/utils/AppErrorHandling.kt:118:                val appError = when {
app/src/main/java/com/example/utils/AppErrorHandling.kt:119:                    e is java.net.UnknownHostException || e is java.net.SocketException -> AppError.NetworkError(e)
app/src/main/java/com/example/utils/AppErrorHandling.kt:120:                    e is java.util.concurrent.TimeoutException -> AppError.TimeoutError(e)
app/src/main/java/com/example/utils/AppErrorHandling.kt:121:                    e.message?.contains("PERMISSION_DENIED", ignoreCase = true) == true -> AppError.UnauthorizedError(e.message ?: "")
app/src/main/java/com/example/utils/AppErrorHandling.kt:122:                    else -> AppError.UnknownError(e.message ?: "خطأ غير معروف", e)
app/src/main/java/com/example/utils/AppErrorHandling.kt:124:                CrashlyticsDiagnosticLogger.logException(appError, "runCatchingApp block failure")
app/src/main/java/com/example/utils/AppErrorHandling.kt:125:                Error(appError)
app/src/main/java/com/example/utils/AppErrorHandling.kt:141:    var lastException: Throwable? = null
app/src/main/java/com/example/utils/AppErrorHandling.kt:146:        } catch (e: Exception) {
app/src/main/java/com/example/utils/AppErrorHandling.kt:147:            lastException = e
app/src/main/java/com/example/utils/AppErrorHandling.kt:154:    val finalError = when (lastException) {
app/src/main/java/com/example/utils/AppErrorHandling.kt:155:        is java.net.UnknownHostException, is java.net.SocketException -> AppError.NetworkError(lastException)
app/src/main/java/com/example/utils/AppErrorHandling.kt:156:        is java.util.concurrent.TimeoutException -> AppError.TimeoutError(lastException)
app/src/main/java/com/example/utils/AppErrorHandling.kt:157:        else -> AppError.UnknownError(lastException?.message ?: "فشلت المحاولات المتكررة", lastException)
app/src/main/java/com/example/utils/AppErrorHandling.kt:159:    CrashlyticsDiagnosticLogger.logException(finalError, "ExponentialBackoff failed after $maxAttempts attempts")
app/src/main/java/com/example/utils/AppErrorHandling.kt:160:    return AppResult.Error(finalError)
app/src/main/java/com/example/utils/AppErrorHandling.kt:163:data class CriticalError(
app/src/main/java/com/example/utils/AppErrorHandling.kt:164:    val error: AppError,
app/src/main/java/com/example/utils/AppErrorHandling.kt:173:    private val criticalErrorsList = mutableListOf<CriticalError>()
app/src/main/java/com/example/utils/AppErrorHandling.kt:182:    fun logException(error: AppError, contextInfo: String = "") {
app/src/main/java/com/example/utils/AppErrorHandling.kt:186:                "❌ EXCEPTION LOGGED [$contextInfo]: ${error.messageArabic} (Cause: ${error.cause?.message})"
app/src/main/java/com/example/utils/AppErrorHandling.kt:193:            val recordExceptionMethod = crashlyticsClass.getMethod("recordException", Throwable::class.java)
app/src/main/java/com/example/utils/AppErrorHandling.kt:194:            recordExceptionMethod.invoke(instance, error.cause ?: Exception(error.messageArabic))
app/src/main/java/com/example/utils/AppErrorHandling.kt:199:        if (error is AppError.NetworkError || error is AppError.UnauthorizedError) {
app/src/main/java/com/example/utils/AppErrorHandling.kt:200:            synchronized(criticalErrorsList) {
app/src/main/java/com/example/utils/AppErrorHandling.kt:201:                if (criticalErrorsList.size >= 50) criticalErrorsList.removeAt(0)
app/src/main/java/com/example/utils/AppErrorHandling.kt:202:                criticalErrorsList.add(CriticalError(error, contextInfo))
app/src/main/java/com/example/utils/AppErrorHandling.kt:207:    fun getCriticalErrors(): List<CriticalError> = synchronized(criticalErrorsList) { criticalErrorsList.toList() }
app/src/main/java/com/example/utils/AppErrorHandling.kt:209:    fun toastError(context: Context, error: AppError) {
app/src/main/java/com/example/utils/AppErrorHandling.kt:210:        Toast.makeText(context, "⚠️ ${error.messageArabic}", Toast.LENGTH_LONG).show()
app/src/main/java/com/example/utils/AppErrorHandling.kt:215: * 🚨 Standardized Arabic Error Dialog Composable
app/src/main/java/com/example/utils/AppErrorHandling.kt:218:fun AppErrorDialog(
app/src/main/java/com/example/utils/AppErrorHandling.kt:219:    error: AppError,
app/src/main/java/com/example/utils/AppErrorHandling.kt:236:                    text = error.messageArabic,
app/src/main/java/com/example/utils/AppErrorHandling.kt:242:                    text = "💡 النصيحة: ${error.userActionArabic}",
app/src/main/java/com/example/utils/AppErrorHandling.kt:271: * 🛡️ Screen Error Boundary Composable
app/src/main/java/com/example/utils/AppErrorHandling.kt:274:fun AppErrorBoundary(
app/src/main/java/com/example/utils/AppErrorHandling.kt:277:    var caughtError by remember { mutableStateOf<Throwable?>(null) }
app/src/main/java/com/example/utils/AppErrorHandling.kt:280:        val originalHandler = Thread.getDefaultUncaughtExceptionHandler()
app/src/main/java/com/example/utils/AppErrorHandling.kt:281:        val customHandler = Thread.UncaughtExceptionHandler { thread, throwable ->
app/src/main/java/com/example/utils/AppErrorHandling.kt:282:            caughtError = throwable
app/src/main/java/com/example/utils/AppErrorHandling.kt:283:            val appError = AppError.UnknownError(
app/src/main/java/com/example/utils/AppErrorHandling.kt:287:            CrashlyticsDiagnosticLogger.logException(appError, "AppErrorBoundary")
app/src/main/java/com/example/utils/AppErrorHandling.kt:288:            originalHandler?.uncaughtException(thread, throwable)
app/src/main/java/com/example/utils/AppErrorHandling.kt:290:        Thread.setDefaultUncaughtExceptionHandler(customHandler)
app/src/main/java/com/example/utils/AppErrorHandling.kt:292:            Thread.setDefaultUncaughtExceptionHandler(originalHandler)
app/src/main/java/com/example/utils/AppErrorHandling.kt:296:    if (caughtError != null) {
app/src/main/java/com/example/utils/AppErrorHandling.kt:316:                        text = caughtError?.message ?: "تم حماية الشاشة لتفادي توقف التطبيق.",
app/src/main/java/com/example/utils/AppErrorHandling.kt:322:                        onClick = { caughtError = null },
app/src/main/java/com/example/utils/AppErrorHandling.kt:335:object ErrorHandler {
app/src/main/java/com/example/utils/AppErrorHandling.kt:338:            is java.net.UnknownHostException -> "تعذر الاتصال بالشبكة. يرجى التحقق من اتصال الإنترنت لديك."
app/src/main/java/com/example/utils/AppErrorHandling.kt:339:            is java.net.SocketTimeoutException -> "انتهت مهلة الاتصال بالإنترنت. يرجى المحاولة مرة أخرى."
app/src/main/java/com/example/utils/AppErrorHandling.kt:340:            is java.io.IOException -> "تعذر الاتصال بالإنترنت أو قراءة البيانات. يرجى إعادة المحاولة."
app/src/main/java/com/example/utils/AppErrorHandling.kt:345:    fun handleError(
app/src/main/java/com/example/utils/AppErrorHandling.kt:351:        Toast.makeText(context, "⚠️ $defaultMessage: $message", Toast.LENGTH_SHORT).show()
app/src/main/java/com/example/utils/AppErrorHandling.kt:352:        AppErrorLogManager.logFirestoreError("ErrorHandler", defaultMessage, throwable)
app/src/main/java/com/example/utils/AppErrorHandling.kt:355:    fun handleError(
app/src/main/java/com/example/utils/AppErrorHandling.kt:356:        error: AppError,
app/src/main/java/com/example/utils/AppErrorHandling.kt:357:        onShowSnackbar: (String) -> Unit,
app/src/main/java/com/example/utils/AppErrorHandling.kt:358:        onLogError: (String) -> Unit = {}
app/src/main/java/com/example/utils/AppErrorHandling.kt:360:        val message = error.messageArabic
app/src/main/java/com/example/utils/AppErrorHandling.kt:361:        onShowSnackbar(message)
app/src/main/java/com/example/utils/AppErrorHandling.kt:362:        onLogError("[$error] $message - ${error.userActionArabic}")
app/src/main/java/com/example/utils/ConnectionManager.kt:37:        } catch (e: Exception) {
app/src/main/java/com/example/utils/ConnectionManager.kt:48:        } catch (e: Exception) {
app/src/main/java/com/example/utils/FirebaseStorageUploader.kt:103:            } catch (e: Exception) {
app/src/main/java/com/example/utils/FirebaseStorageUploader.kt:160:                return@withContext Result.failure(Exception(reason))
app/src/main/java/com/example/utils/FirebaseStorageUploader.kt:172:        } catch (e: Exception) {
app/src/main/java/com/example/utils/FirebaseStorageUploader.kt:190:            ?: return Result.failure(Exception("فشل ضغط الصورة قبل الرفع."))
app/src/main/java/com/example/utils/FirebaseStorageUploader.kt:253:        } catch (e: Exception) {
app/src/main/java/com/example/utils/ColorSyncManager.kt:26:        } catch (e: Exception) {
app/src/main/java/com/example/utils/ColorSyncManager.kt:42:        } catch (e: Exception) {
app/src/main/java/com/example/utils/ColorSyncManager.kt:76:        } catch (e: Exception) {
app/src/main/java/com/example/utils/ColorSyncManager.kt:105:        } catch (e: Exception) {
app/src/main/java/com/example/utils/SecurityAuditAndMediaGuard.kt:60:        val errorMessage: String? = null
app/src/main/java/com/example/utils/SecurityAuditAndMediaGuard.kt:65:            return Result.failure(IllegalArgumentException("المبلغ المالي يجب أن يكون أكبر من الصفر"))
app/src/main/java/com/example/utils/SecurityAuditAndMediaGuard.kt:68:            return Result.failure(IllegalArgumentException("المبلغ يتجاوز الحد الأقصى المسموح به (10 مليون ريال)"))
app/src/main/java/com/example/utils/SecurityAuditAndMediaGuard.kt:76:            return Result.failure(IllegalArgumentException("عفواً، يجب إدخال رقم إشعار أو حوالة صحيحة لا تقل عن 4 أرقام."))
app/src/main/java/com/example/utils/SecurityAuditAndMediaGuard.kt:80:            return Result.failure(IllegalArgumentException("عفواً، رقم الإشعار يحتوي على رموز غير مسموح بها."))
app/src/main/java/com/example/utils/SecurityAuditAndMediaGuard.kt:87:            return Result.failure(IllegalArgumentException("عفواً، هُوية المستفيد غير محددة."))
app/src/main/java/com/example/utils/SecurityAuditAndMediaGuard.kt:124:            return PaymentVerificationResult(false, txRes.exceptionOrNull()?.message ?: "خطأ في بيانات المعاملة المالية")
app/src/main/java/com/example/utils/SecurityAuditAndMediaGuard.kt:161:        } catch (e: Exception) {
app/src/main/java/com/example/utils/AdminSecurityManager.kt:69:        } catch (e: Exception) {
app/src/main/java/com/example/utils/AdminSecurityManager.kt:110:        } catch (e: Exception) {
app/src/main/java/com/example/utils/SecureHasher.kt:70:        } catch (e: Exception) {
app/src/main/java/com/example/utils/SecureHasher.kt:103:        } catch (e: Exception) {
app/src/main/java/com/example/utils/AudioPlayerManager.kt:101:            player.setOnErrorListener { _, what, extra ->
app/src/main/java/com/example/utils/AudioPlayerManager.kt:102:                Log.e(TAG, "MediaPlayer error: what=$what, extra=$extra")
app/src/main/java/com/example/utils/AudioPlayerManager.kt:109:        } catch (e: Exception) {
app/src/main/java/com/example/utils/AudioPlayerManager.kt:125:        } catch (e: Exception) {
app/src/main/java/com/example/utils/AudioPlayerManager.kt:126:            Log.e(TAG, "Error pausing audio: ${e.message}")
app/src/main/java/com/example/utils/AudioPlayerManager.kt:138:        } catch (e: Exception) {
app/src/main/java/com/example/utils/AudioPlayerManager.kt:139:            Log.e(TAG, "Error resuming audio: ${e.message}")
app/src/main/java/com/example/utils/AudioPlayerManager.kt:149:        } catch (e: Exception) {
app/src/main/java/com/example/utils/AudioPlayerManager.kt:150:            Log.e(TAG, "Error releasing MediaPlayer: ${e.message}")
app/src/main/java/com/example/utils/AudioPlayerManager.kt:165:            } catch (e: Exception) {
app/src/main/java/com/example/utils/AudioPlayerManager.kt:181:                } catch (e: Exception) {
app/src/main/java/com/example/utils/NotificationDeduplicator.kt:111:        } catch (e: Exception) {
app/src/main/java/com/example/utils/NotificationDeduplicator.kt:112:            Log.e(TAG, "Error cleaning old notifications", e)
app/src/main/java/com/example/utils/NotificationDeduplicator.kt:124:        } catch (e: Exception) {
app/src/main/java/com/example/utils/NotificationDeduplicator.kt:125:            Log.e(TAG, "Error parsing sent notifications", e)
app/src/main/java/com/example/utils/NotificationDeduplicator.kt:145:        } catch (e: Exception) {
app/src/main/java/com/example/utils/NotificationDeduplicator.kt:146:            Log.e(TAG, "Error parsing notification timestamps", e)
app/src/main/java/com/example/utils/CacheManager.kt:30:        } catch (e: Exception) {
app/src/main/java/com/example/utils/FirestoreLocalBackupWorker.kt:60:                } catch (e: Exception) {
app/src/main/java/com/example/utils/FirestoreLocalBackupWorker.kt:94:        } catch (e: Exception) {
app/src/main/java/com/example/utils/FirestoreLocalBackupWorker.kt:95:            Log.e(TAG, "Error performing Firestore local backup", e)
app/src/main/java/com/example/utils/SyncStatusTracker.kt:13:    ERROR          // خطأ
app/src/main/java/com/example/utils/SyncStatusTracker.kt:16:data class SyncError(
app/src/main/java/com/example/utils/SyncStatusTracker.kt:21:    val exception: Throwable? = null
app/src/main/java/com/example/utils/SyncStatusTracker.kt:45:    private val _errors = MutableStateFlow<List<SyncError>>(emptyList())
app/src/main/java/com/example/utils/SyncStatusTracker.kt:46:    val errors: StateFlow<List<SyncError>> = _errors.asStateFlow()
app/src/main/java/com/example/utils/SyncStatusTracker.kt:58:    fun getErrors(): List<SyncError> = _errors.value
app/src/main/java/com/example/utils/SyncStatusTracker.kt:78:    fun recordError(message: String, module: String = "SYNC", throwable: Throwable? = null) {
app/src/main/java/com/example/utils/SyncStatusTracker.kt:79:        _syncStatus.value = SyncStatus.ERROR
app/src/main/java/com/example/utils/SyncStatusTracker.kt:80:        val error = SyncError(message = message, module = module, exception = throwable)
app/src/main/java/com/example/utils/SyncStatusTracker.kt:81:        _errors.value = _errors.value + error
app/src/main/java/com/example/utils/SyncStatusTracker.kt:84:    fun clearErrors() {
app/src/main/java/com/example/utils/SyncStatusTracker.kt:85:        _errors.value = emptyList()
app/src/main/java/com/example/utils/SyncStatusTracker.kt:86:        if (_syncStatus.value == SyncStatus.ERROR) {
app/src/main/java/com/example/utils/SyncStatusTracker.kt:92:        clearErrors()
app/src/main/java/com/example/utils/ChatNotificationHelper.kt:180:        } catch (e: SecurityException) {
app/src/main/java/com/example/utils/ChatNotificationHelper.kt:224:        } catch (ignored: Exception) {}
app/src/main/java/com/example/utils/ChatNotificationHelper.kt:237:        } catch (e: Exception) {
app/src/main/java/com/example/utils/Helpers.kt:55:        } catch (e: Exception) {
app/src/main/java/com/example/utils/Helpers.kt:228:    } catch (e: Exception) {
app/src/main/java/com/example/utils/Helpers.kt:383:    } catch (e: Exception) {
app/src/main/java/com/example/utils/OfflineQueueManager.kt:89:        } catch (e: Exception) {
app/src/main/java/com/example/utils/OfflineQueueManager.kt:114:        } catch (e: Exception) {
app/src/main/java/com/example/utils/OfflineQueueManager.kt:161:                } catch (e: Exception) {
app/src/main/java/com/example/utils/OfflineQueueManager.kt:162:                    Log.e(TAG, "Execution error for request ${req.id}: ${e.message}")
app/src/main/java/com/example/utils/OfflineQueueManager.kt:219:        } catch (e: Exception) {
app/src/main/java/com/example/utils/SessionManagerAndUxEnhancer.kt:165:        } catch (e: Exception) {
app/src/main/java/com/example/utils/BookingExportHelper.kt:61:        } catch (e: Exception) {
app/src/main/java/com/example/utils/BookingExportHelper.kt:134:        } catch (e: Exception) {
app/src/main/java/com/example/utils/BookingExportHelper.kt:177:        } catch (e: Exception) {
app/src/main/java/com/example/utils/BookingExportHelper.kt:197:        } catch (e: Exception) {
app/src/main/java/com/example/utils/PushNotificationHandler.kt:83:        } catch (e: Exception) {
app/src/main/java/com/example/utils/PushNotificationHandler.kt:84:            Log.e(TAG, "Error handling FCM message", e)
app/src/main/java/com/example/utils/PushNotificationHandler.kt:117:        } catch (e: Exception) {
app/src/main/java/com/example/utils/PushNotificationHandler.kt:118:            Log.e(TAG, "Error displaying notification", e)
app/src/main/java/com/example/utils/PushNotificationHandler.kt:161:        } catch (e: Exception) {
app/src/main/java/com/example/utils/PushNotificationHandler.kt:162:            Log.e(TAG, "Error parsing push notifications", e)
app/src/main/java/com/example/utils/PermissionManager.kt:70:        } catch (e: Exception) {
app/src/main/java/com/example/utils/ReviewsAndRatingsEngine.kt:83:        onError: (String) -> Unit
app/src/main/java/com/example/utils/ReviewsAndRatingsEngine.kt:85:        verifyCompletedBookingEligibility(userId, bookingId) { isValid, errorMsg ->
app/src/main/java/com/example/utils/ReviewsAndRatingsEngine.kt:87:                onError(errorMsg ?: "حجز غير مؤهل للتقييم")
app/src/main/java/com/example/utils/ReviewsAndRatingsEngine.kt:128:                    onError(it.localizedMessage ?: "فشل حفظ التقييم")
app/src/main/java/com/example/utils/ReviewsAndRatingsEngine.kt:138:        onError: (String) -> Unit
app/src/main/java/com/example/utils/ReviewsAndRatingsEngine.kt:141:            onError("الرجاء كتابة نص الرد أولاً")
app/src/main/java/com/example/utils/ReviewsAndRatingsEngine.kt:154:            .addOnFailureListener { onError(it.localizedMessage ?: "فشل حفظ الرد") }
app/src/main/java/com/example/utils/ReviewsAndRatingsEngine.kt:163:        onError: (String) -> Unit
app/src/main/java/com/example/utils/ReviewsAndRatingsEngine.kt:166:            onError("يجب تسجيل الدخول للتصويت على التقييم")
app/src/main/java/com/example/utils/ReviewsAndRatingsEngine.kt:173:                onError("التقييم غير موجود")
app/src/main/java/com/example/utils/ReviewsAndRatingsEngine.kt:206:                onError(it.localizedMessage ?: "فشل تحديث التصويت")
app/src/main/java/com/example/utils/ReviewsAndRatingsEngine.kt:209:            onError(it.localizedMessage ?: "فشل جلب التقييم")
app/src/main/java/com/example/utils/ReviewsAndRatingsEngine.kt:219:        onError: (String) -> Unit
app/src/main/java/com/example/utils/ReviewsAndRatingsEngine.kt:222:            onError("الرجاء تحديد سبب الإبلاغ")
app/src/main/java/com/example/utils/ReviewsAndRatingsEngine.kt:248:            .addOnFailureListener { onError(it.localizedMessage ?: "فشل إرسال البلاغ") }
app/src/main/java/com/example/utils/SystemBackupAndPerformance.kt:59:        } catch (e: Exception) {
app/src/main/java/com/example/utils/ImageUtils.kt:38:        } catch (e: Exception) {
app/src/main/java/com/example/utils/ImageUtils.kt:85:            } catch (e: Exception) {
app/src/main/java/com/example/utils/ImageUtils.kt:115:    } catch (e: Exception) {
app/src/main/java/com/example/utils/AnalyticsEventsHelper.kt:17:        } catch (e: Exception) {
app/src/main/java/com/example/utils/PaymentGatewayIntegration.kt:75:                return Result.failure(IllegalArgumentException("طريقة الدفع غير مدعومة: ${payment.method}"))
app/src/main/java/com/example/utils/PaymentGatewayIntegration.kt:84:                return Result.failure(secRes.exceptionOrNull() ?: IllegalArgumentException("فشل فحص أمان العملية المالية"))
app/src/main/java/com/example/utils/PaymentGatewayIntegration.kt:97:        } catch (e: Exception) {
app/src/main/java/com/example/utils/PaymentGatewayIntegration.kt:128:        } catch (e: Exception) {
app/src/main/java/com/example/utils/PaymentGatewayIntegration.kt:147:        } catch (e: Exception) {
app/src/main/java/com/example/utils/PaymentGatewayIntegration.kt:159:        } catch (e: Exception) {
app/src/main/java/com/example/utils/PaymentGatewayIntegration.kt:169:            if (amount <= 0) return Result.failure(IllegalArgumentException("مبلغ الاسترداد غير صالح"))
app/src/main/java/com/example/utils/PaymentGatewayIntegration.kt:171:        } catch (e: Exception) {
app/src/main/java/com/example/utils/SearchAndFilterEngine.kt:96:        } catch (e: Exception) {
app/src/main/java/com/example/utils/ScheduleManager.kt:116:        } catch (e: Exception) {
app/src/main/java/com/example/utils/AiAssistantEngine.kt:66:        } catch (e: Exception) {
app/src/main/java/com/example/utils/AiAssistantEngine.kt:116:        } catch (e: Exception) {
app/src/main/java/com/example/utils/ReportExporter.kt:53:        } catch (e: Exception) {
app/src/main/java/com/example/utils/ReportExporter.kt:84:        } catch (e: Exception) {
app/src/main/java/com/example/utils/ReportExporter.kt:99:        } catch (e: Exception) {
app/src/main/java/com/example/utils/HolidayManager.kt:42:        } catch (e: Exception) {
app/src/main/java/com/example/utils/HolidayManager.kt:80:        } catch (e: Exception) {
app/src/main/java/com/example/utils/SecurityCryptoUtils.kt:51:        } catch (e: Exception) {
app/src/main/java/com/example/utils/SecurityCryptoUtils.kt:67:        } catch (e: Exception) {
app/src/main/java/com/example/utils/SecurityCryptoUtils.kt:113:     * Any error logs to Crashlytics and throws an exception to prevent leaking plain text.
app/src/main/java/com/example/utils/SecurityCryptoUtils.kt:127:        } catch (e: Exception) {
app/src/main/java/com/example/utils/SecurityCryptoUtils.kt:129:                FirebaseCrashlytics.getInstance().recordException(e)
app/src/main/java/com/example/utils/SecurityCryptoUtils.kt:131:            throw SecurityException("فشل تشفير البيانات الحساسة: ${e.message}", e)
app/src/main/java/com/example/utils/SecurityCryptoUtils.kt:138:     * Throws exception if corrupted payload cannot be decrypted.
app/src/main/java/com/example/utils/SecurityCryptoUtils.kt:156:        } catch (e: Exception) {
app/src/main/java/com/example/utils/SecurityCryptoUtils.kt:158:                FirebaseCrashlytics.getInstance().recordException(e)
app/src/main/java/com/example/utils/SecurityCryptoUtils.kt:160:            throw SecurityException("فشل فك تشفير البيانات المشفرة: ${e.message}", e)
app/src/main/java/com/example/utils/date/DateUtils.kt:22:        } catch (e: Exception) {
app/src/main/java/com/example/utils/BookingUtils.kt:50:                } catch (e: Exception) {}
app/src/main/java/com/example/utils/BookingUtils.kt:53:        } catch (e: Exception) {
app/src/main/java/com/example/utils/BookingUtils.kt:139:        } catch (e: Exception) {
app/src/main/java/com/example/utils/ImageAndCacheOptimizer.kt:16:        } catch (e: Exception) {
app/src/main/java/com/example/utils/ImageAndCacheOptimizer.kt:24:        } catch (e: Exception) {
app/src/main/java/com/example/utils/ImageAndCacheOptimizer.kt:36:        } catch (e: Exception) {
app/src/main/java/com/example/utils/AppErrorLogManager.kt:39:data class ErrorLogItem(
app/src/main/java/com/example/utils/AppErrorLogManager.kt:48:object AppErrorLogManager {
app/src/main/java/com/example/utils/AppErrorLogManager.kt:49:    private val _logs = MutableStateFlow<List<ErrorLogItem>>(emptyList())
app/src/main/java/com/example/utils/AppErrorLogManager.kt:50:    val logs: StateFlow<List<ErrorLogItem>> = _logs.asStateFlow()
app/src/main/java/com/example/utils/AppErrorLogManager.kt:54:    fun logFirestoreError(tag: String, message: String, throwable: Throwable? = null) {
app/src/main/java/com/example/utils/AppErrorLogManager.kt:57:            ErrorLogItem(
app/src/main/java/com/example/utils/AppErrorLogManager.kt:65:            MyApplication.instance?.recordExceptionSafely(
app/src/main/java/com/example/utils/AppErrorLogManager.kt:66:                throwable ?: Exception("$tag: $message")
app/src/main/java/com/example/utils/AppErrorLogManager.kt:68:        } catch (e: Exception) { /* تجاهل */ }
app/src/main/java/com/example/utils/AppErrorLogManager.kt:71:    fun logApiError(tag: String, message: String, throwable: Throwable? = null) {
app/src/main/java/com/example/utils/AppErrorLogManager.kt:74:            ErrorLogItem(
app/src/main/java/com/example/utils/AppErrorLogManager.kt:82:            MyApplication.instance?.recordExceptionSafely(
app/src/main/java/com/example/utils/AppErrorLogManager.kt:83:                throwable ?: Exception("$tag: $message")
app/src/main/java/com/example/utils/AppErrorLogManager.kt:85:        } catch (e: Exception) { /* تجاهل */ }
app/src/main/java/com/example/utils/AppErrorLogManager.kt:88:    fun logGenericError(tag: String, message: String, throwable: Throwable? = null) {
app/src/main/java/com/example/utils/AppErrorLogManager.kt:91:            ErrorLogItem(
app/src/main/java/com/example/utils/AppErrorLogManager.kt:99:            MyApplication.instance?.recordExceptionSafely(
app/src/main/java/com/example/utils/AppErrorLogManager.kt:100:                throwable ?: Exception("$tag: $message")
app/src/main/java/com/example/utils/AppErrorLogManager.kt:102:        } catch (e: Exception) { /* تجاهل */ }
app/src/main/java/com/example/utils/AppErrorLogManager.kt:105:    private fun addLog(item: ErrorLogItem) {
app/src/main/java/com/example/utils/AppErrorLogManager.kt:122:        sb.append("=== سجل أخطاء النظام والتطبيقات (App Error Logs) ===\n")
app/src/main/java/com/example/utils/AppErrorLogManager.kt:139:fun ErrorLogsViewerDialog(
app/src/main/java/com/example/utils/AppErrorLogManager.kt:144:    val logs by AppErrorLogManager.logs.collectAsState()
app/src/main/java/com/example/utils/AppErrorLogManager.kt:185:                                text = "سجل تشخيص أخطاء النظام (Error Logs)",
app/src/main/java/com/example/utils/AppErrorLogManager.kt:248:                            val text = AppErrorLogManager.getFormattedLogsText()
app/src/main/java/com/example/utils/AppErrorLogManager.kt:250:                            val clip = ClipData.newPlainText("ErrorLogs", text)
app/src/main/java/com/example/utils/AppErrorLogManager.kt:252:                            Toast.makeText(context, "📋 تم نسخ سجل الأخطاء إلى الحافظة", Toast.LENGTH_SHORT).show()
app/src/main/java/com/example/utils/AppErrorLogManager.kt:266:                            AppErrorLogManager.clearLogs()
app/src/main/java/com/example/utils/AppErrorLogManager.kt:267:                            Toast.makeText(context, "🗑️ تم تفريغ سجل الأخطاء بنجاح", Toast.LENGTH_SHORT).show()
app/src/main/java/com/example/utils/Validators.kt:13:    val errorMessage: String? = message.ifEmpty { null }
app/src/main/java/com/example/utils/Validators.kt:57:        val (policyValid, policyError) = SecurityCryptoUtils.validatePasswordPolicy(password)
app/src/main/java/com/example/utils/Validators.kt:59:            return ValidationResult(false, policyError ?: "كلمة المرور غير مطابقة للشروط")
app/src/main/java/com/example/utils/BookingReminderService.kt:88:            } catch (e: SecurityException) {
app/src/main/java/com/example/utils/BookingReminderService.kt:110:            } catch (e: SecurityException) {
app/src/main/java/com/example/utils/BookingReminderService.kt:184:        } catch (e: Exception) {
app/src/main/java/com/example/utils/ChatCryptoManager.kt:62:        } catch (e: Exception) {
app/src/main/java/com/example/utils/ChatCryptoManager.kt:77:        } catch (e: Exception) {
app/src/main/java/com/example/utils/ChatCryptoManager.kt:128:        } catch (e: Exception) {
app/src/main/java/com/example/utils/ChatCryptoManager.kt:130:                FirebaseCrashlytics.getInstance().recordException(e)
app/src/main/java/com/example/utils/ChatCryptoManager.kt:132:            throw SecurityException("فشل تشفير البيانات الحساسة بأمان: ${e.message}", e)
app/src/main/java/com/example/utils/ChatCryptoManager.kt:157:                } catch (ex: Exception) {
app/src/main/java/com/example/utils/ChatCryptoManager.kt:171:        } catch (e: Exception) {
app/src/main/java/com/example/utils/ChatCryptoManager.kt:173:                FirebaseCrashlytics.getInstance().recordException(e)
app/src/main/java/com/example/utils/ChatCryptoManager.kt:175:            throw SecurityException("فشل فك تشفير الرسالة المشفرة (enc::): ${e.message}", e)
app/src/main/java/com/example/utils/AgoraVoiceManager.kt:18:    IDLE, CONNECTING, IN_CALL, ENDED, ERROR
app/src/main/java/com/example/utils/AgoraVoiceManager.kt:77:            } catch (e: ClassNotFoundException) {
app/src/main/java/com/example/utils/AgoraVoiceManager.kt:80:                } catch (e2: ClassNotFoundException) {
app/src/main/java/com/example/utils/AgoraVoiceManager.kt:89:        } catch (e: Exception) {
app/src/main/java/com/example/utils/AgoraVoiceManager.kt:138:        } catch (e: Exception) {
app/src/main/java/com/example/utils/AgoraVoiceManager.kt:156:        } catch (e: Exception) {
app/src/main/java/com/example/utils/AgoraVoiceManager.kt:207:                } catch (e: Exception) {
app/src/main/java/com/example/utils/AgoraVoiceManager.kt:211:        } catch (e: Exception) {
app/src/main/java/com/example/utils/BookingNotificationManager.kt:90:        } catch (e: Exception) {
app/src/main/java/com/example/utils/BookingNotificationManager.kt:121:            } catch (e: Exception) {
app/src/main/java/com/example/utils/AnalyticsAndReportingEngine.kt:135:        } catch (e: Exception) {
app/src/main/java/com/example/utils/BookingStateMachine.kt:80:        } catch (e: Exception) {
app/src/main/java/com/example/utils/BookingStateMachine.kt:95:        } catch (e: Exception) {
app/src/main/java/com/example/utils/BookingStateMachine.kt:151:                } catch (ignored: Exception) {}
app/src/main/java/com/example/utils/BookingStateMachine.kt:154:        } catch (e: Exception) {
app/src/main/java/com/example/utils/SyncManager.kt:90:        } catch (e: Exception) {
app/src/main/java/com/example/utils/SyncManager.kt:91:            Log.e(TAG, "Error in syncAllSettings: ${e.message}", e)
app/src/main/java/com/example/utils/SyncManager.kt:103:        } catch (e: Exception) {
app/src/main/java/com/example/utils/SyncManager.kt:104:            Log.e(TAG, "Error syncing admin settings: ${e.message}", e)
app/src/main/java/com/example/utils/SyncManager.kt:162:        } catch (e: Exception) {
app/src/main/java/com/example/utils/SyncManager.kt:163:            Log.e(TAG, "Error in syncThemeSettings: ${e.message}", e)
app/src/main/java/com/example/utils/SyncManager.kt:193:        } catch (e: Exception) {
app/src/main/java/com/example/utils/SyncManager.kt:194:            Log.e(TAG, "Error in syncFormSettings: ${e.message}", e)
app/src/main/java/com/example/data/repositories/StatusRepositoryImpl.kt:29:            .addSnapshotListener { snapshot, error ->
app/src/main/java/com/example/data/repositories/StatusRepositoryImpl.kt:30:                if (error != null) {
app/src/main/java/com/example/data/repositories/StatusRepositoryImpl.kt:67:            .addSnapshotListener { snapshot, error ->
app/src/main/java/com/example/data/repositories/StatusRepositoryImpl.kt:68:                if (error != null || snapshot == null) {
app/src/main/java/com/example/data/repositories/StatusRepositoryImpl.kt:95:            .addSnapshotListener { snapshot, error ->
app/src/main/java/com/example/data/repositories/StatusRepositoryImpl.kt:96:                if (error != null || snapshot == null) {
app/src/main/java/com/example/data/repositories/StatusRepositoryImpl.kt:123:            .addSnapshotListener { snapshot, error ->
app/src/main/java/com/example/data/repositories/StatusRepositoryImpl.kt:124:                if (error != null || snapshot == null) {
app/src/main/java/com/example/data/repositories/StatusRepositoryImpl.kt:156:            .addSnapshotListener { snapshot, error ->
app/src/main/java/com/example/data/repositories/StatusRepositoryImpl.kt:157:                if (error != null || snapshot == null) {
app/src/main/java/com/example/data/repositories/StatusRepositoryImpl.kt:322:        } catch (e: Exception) {
app/src/main/java/com/example/data/repositories/StatusRepositoryImpl.kt:323:            Log.e("StatusRepositoryImpl", "Error approving join request", e)
app/src/main/java/com/example/data/repositories/StatusRepositoryImpl.kt:374:        } catch (e: Exception) {
app/src/main/java/com/example/data/repositories/StatusRepositoryImpl.kt:375:            Log.e("StatusRepositoryImpl", "Error rejecting join request", e)
app/src/main/java/com/example/data/repositories/StatusRepositoryImpl.kt:383:        } catch (e: Exception) {
app/src/main/java/com/example/data/repositories/DashboardRepositoriesImpl.kt:46:            .addSnapshotListener { snapshot, error ->
app/src/main/java/com/example/data/repositories/DashboardRepositoriesImpl.kt:47:                if (error != null || snapshot == null || !snapshot.exists()) {
app/src/main/java/com/example/data/repositories/DashboardRepositoriesImpl.kt:71:        } catch (e: Exception) {
app/src/main/java/com/example/data/repositories/DashboardRepositoriesImpl.kt:95:            .addSnapshotListener { snapshot, error ->
app/src/main/java/com/example/data/repositories/DashboardRepositoriesImpl.kt:96:                if (error != null || snapshot == null) {
app/src/main/java/com/example/data/repositories/DashboardRepositoriesImpl.kt:137:        } catch (e: Exception) {
app/src/main/java/com/example/data/repositories/DashboardRepositoriesImpl.kt:147:        } catch (e: Exception) {
app/src/main/java/com/example/data/repositories/DashboardRepositoriesImpl.kt:158:        } catch (e: Exception) {
app/src/main/java/com/example/data/repositories/DashboardRepositoriesImpl.kt:181:            .addSnapshotListener { snapshot, error ->
app/src/main/java/com/example/data/repositories/DashboardRepositoriesImpl.kt:182:                if (error != null || snapshot == null) {
app/src/main/java/com/example/data/repositories/DashboardRepositoriesImpl.kt:209:            .addSnapshotListener { snapshot, error ->
app/src/main/java/com/example/data/repositories/DashboardRepositoriesImpl.kt:210:                if (error != null || snapshot == null) {
app/src/main/java/com/example/data/repositories/DashboardRepositoriesImpl.kt:250:        } catch (e: Exception) {
app/src/main/java/com/example/data/repositories/DashboardRepositoriesImpl.kt:267:        } catch (e: Exception) {
app/src/main/java/com/example/data/repositories/DashboardRepositoriesImpl.kt:276:        } catch (e: Exception) {
app/src/main/java/com/example/data/repositories/DashboardRepositoriesImpl.kt:299:            .addSnapshotListener { snapshot, error ->
app/src/main/java/com/example/data/repositories/DashboardRepositoriesImpl.kt:300:                if (error != null || snapshot == null) {
app/src/main/java/com/example/data/repositories/DashboardRepositoriesImpl.kt:336:        } catch (e: Exception) {
app/src/main/java/com/example/data/repositories/DashboardRepositoriesImpl.kt:359:            .addSnapshotListener { snapshot, error ->
app/src/main/java/com/example/data/repositories/DashboardRepositoriesImpl.kt:360:                if (error != null || snapshot == null) {
app/src/main/java/com/example/data/repositories/DashboardRepositoriesImpl.kt:393:        } catch (e: Exception) {
app/src/main/java/com/example/data/repositories/DashboardRepositoriesImpl.kt:402:        } catch (e: Exception) {
app/src/main/java/com/example/data/repositories/CategoryRepository.kt:20:                .addSnapshotListener { snapshot, error ->
app/src/main/java/com/example/data/repositories/CategoryRepository.kt:21:                    if (error != null) {
app/src/main/java/com/example/data/repositories/CategoryRepository.kt:22:                        trySend(Result.failure(error))
app/src/main/java/com/example/data/repositories/CategoryRepository.kt:32:                            } catch (e: Exception) {
app/src/main/java/com/example/data/repositories/CategoryRepository.kt:42:        } catch (e: Exception) {
app/src/main/java/com/example/data/repositories/MedicalRepository.kt:21:            .addSnapshotListener { snapshot, error ->
app/src/main/java/com/example/data/repositories/MedicalRepository.kt:22:                if (error != null || snapshot == null) {
app/src/main/java/com/example/data/repositories/MedicalRepository.kt:51:        } catch (e: Exception) {
app/src/main/java/com/example/data/repositories/MedicalRepository.kt:60:        } catch (e: Exception) {
app/src/main/java/com/example/data/repositories/OffersRepository.kt:40:        } catch (e: Exception) {
app/src/main/java/com/example/data/repositories/OffersRepository.kt:58:        } catch (e: Exception) {
app/src/main/java/com/example/data/repositories/OffersRepository.kt:71:        } catch (e: Exception) {
app/src/main/java/com/example/data/repositories/OffersRepository.kt:82:        } catch (e: Exception) {
app/src/main/java/com/example/data/repositories/JobRepository.kt:19:            .addSnapshotListener { snapshot, error ->
app/src/main/java/com/example/data/repositories/JobRepository.kt:20:                if (error != null || snapshot == null) {
app/src/main/java/com/example/data/repositories/JobRepository.kt:53:        } catch (e: Exception) {
app/src/main/java/com/example/data/repositories/JobRepository.kt:62:        } catch (e: Exception) {
app/src/main/java/com/example/data/repositories/QuickServiceAdminManager.kt:38:        val listener = settingsDocRef.addSnapshotListener { snapshot, error ->
app/src/main/java/com/example/data/repositories/QuickServiceAdminManager.kt:39:            if (error != null) {
app/src/main/java/com/example/data/repositories/MapRepository.kt:32:        } catch (e: Exception) {
app/src/main/java/com/example/data/repositories/MapRepository.kt:52:        } catch (e: Exception) {
app/src/main/java/com/example/data/repositories/MapRepository.kt:72:        } catch (e: Exception) {
app/src/main/java/com/example/data/repositories/FirebaseOptimizationManager.kt:84:        } catch (e: Exception) {
app/src/main/java/com/example/data/repositories/ApiKeyRepository.kt:47:        val listener = docRef.addSnapshotListener { snapshot, error ->
app/src/main/java/com/example/data/repositories/ApiKeyRepository.kt:48:            if (error != null) {
app/src/main/java/com/example/data/repositories/ApiKeyRepository.kt:66:        } catch (e: Exception) {
app/src/main/java/com/example/data/repositories/ApiKeyRepository.kt:92:        } catch (e: Exception) {
app/src/main/java/com/example/data/repositories/BookingRepository.kt:59:        } catch (e: Exception) {
app/src/main/java/com/example/data/repositories/BookingRepository.kt:90:        } catch (e: Exception) {
app/src/main/java/com/example/data/repositories/BookingRepository.kt:95:} catch (e: Exception) {
app/src/main/java/com/example/data/repositories/BookingRepository.kt:106:        } catch (e: Exception) {
app/src/main/java/com/example/data/repositories/BookingRepository.kt:121:        } catch (e: Exception) {
app/src/main/java/com/example/data/repositories/BookingRepository.kt:136:        } catch (e: Exception) {
app/src/main/java/com/example/data/repositories/BookingRepository.kt:154:        } catch (e: Exception) {
app/src/main/java/com/example/data/repositories/BookingRepository.kt:170:        } catch (e: Exception) {
app/src/main/java/com/example/data/repositories/BookingRepository.kt:185:        } catch (e: Exception) {
app/src/main/java/com/example/data/repositories/BookingRepository.kt:190:} catch (e: Exception) {
app/src/main/java/com/example/data/repositories/BookingRepository.kt:191:            Log.e("BookingRepository", "Error reading local cache", e)
app/src/main/java/com/example/data/repositories/BookingRepository.kt:202:        } catch (e: Exception) {
app/src/main/java/com/example/data/repositories/BookingRepository.kt:217:        } catch (e: Exception) {
app/src/main/java/com/example/data/repositories/BookingRepository.kt:243:        } catch (e: Exception) {
app/src/main/java/com/example/data/repositories/BookingRepository.kt:260:        } catch (e: Exception) {
app/src/main/java/com/example/data/repositories/BookingRepository.kt:275:        } catch (e: Exception) {
app/src/main/java/com/example/data/repositories/BookingRepository.kt:280:} catch (e: Exception) {
app/src/main/java/com/example/data/repositories/BookingRepository.kt:291:        } catch (e: Exception) {
app/src/main/java/com/example/data/repositories/BookingRepository.kt:306:        } catch (e: Exception) {
app/src/main/java/com/example/data/repositories/BookingRepository.kt:311:} catch (e: Exception) {
app/src/main/java/com/example/data/repositories/BookingRepository.kt:312:            Log.e("BookingRepository", "Error saving local cache", e)
app/src/main/java/com/example/data/repositories/BookingRepository.kt:322:        } catch (e: Exception) {
app/src/main/java/com/example/data/repositories/BookingRepository.kt:337:        } catch (e: Exception) {
app/src/main/java/com/example/data/repositories/BookingRepository.kt:367:        } catch (e: Exception) {
app/src/main/java/com/example/data/repositories/BookingRepository.kt:385:        } catch (e: Exception) {
app/src/main/java/com/example/data/repositories/BookingRepository.kt:404:        } catch (e: Exception) {
app/src/main/java/com/example/data/repositories/BookingRepository.kt:419:        } catch (e: Exception) {
app/src/main/java/com/example/data/repositories/BookingRepository.kt:435:        } catch (e: Exception) {
app/src/main/java/com/example/data/repositories/BookingRepository.kt:455:        } catch (e: Exception) {
app/src/main/java/com/example/data/repositories/BookingRepository.kt:471:        } catch (e: Exception) {
app/src/main/java/com/example/data/repositories/BookingRepository.kt:478:        val listener: ListenerRegistration = query.addSnapshotListener { snapshot, error ->
app/src/main/java/com/example/data/repositories/BookingRepository.kt:479:            if (error != null) {
app/src/main/java/com/example/data/repositories/BookingRepository.kt:480:                Log.w("BookingRepository", "Firestore listener failed: ${error.message
app/src/main/java/com/example/data/repositories/BookingRepository.kt:489:        } catch (e: Exception) {
app/src/main/java/com/example/data/repositories/BookingRepository.kt:506:        } catch (e: Exception) {
app/src/main/java/com/example/data/repositories/BookingRepository.kt:526:        } catch (e: Exception) {
app/src/main/java/com/example/data/repositories/BookingRepository.kt:531:} catch (e: Exception) {
app/src/main/java/com/example/data/repositories/BookingRepository.kt:542:        } catch (e: Exception) {
app/src/main/java/com/example/data/repositories/BookingRepository.kt:557:        } catch (e: Exception) {
app/src/main/java/com/example/data/repositories/BookingRepository.kt:575:        } catch (e: Exception) {
app/src/main/java/com/example/data/repositories/BookingRepository.kt:590:        } catch (e: Exception) {
app/src/main/java/com/example/data/repositories/BookingRepository.kt:606:        } catch (e: Exception) {
app/src/main/java/com/example/data/repositories/BookingRepository.kt:621:        } catch (e: Exception) {
app/src/main/java/com/example/data/repositories/BookingRepository.kt:635:        onError: (String) -> Unit
app/src/main/java/com/example/data/repositories/BookingRepository.kt:648:        } catch (e: Exception) {
app/src/main/java/com/example/data/repositories/BookingRepository.kt:663:        } catch (e: Exception) {
app/src/main/java/com/example/data/repositories/BookingRepository.kt:670:                onError("عذراً، الفني لديه حجز آخر مجدول في نفس التوقيت المختار (+/- ساعتين). يرجى اختيار موعد آخر أو التواصل مع الفني.")
app/src/main/java/com/example/data/repositories/BookingRepository.kt:681:        } catch (e: Exception) {
app/src/main/java/com/example/data/repositories/BookingRepository.kt:703:        } catch (e: Exception) {
app/src/main/java/com/example/data/repositories/BookingRepository.kt:717:        } catch (e: Exception) {
app/src/main/java/com/example/data/repositories/BookingRepository.kt:747:        } catch (e: Exception) {
app/src/main/java/com/example/data/repositories/BookingRepository.kt:764:        } catch (e: Exception) {
app/src/main/java/com/example/data/repositories/BookingRepository.kt:789:        } catch (e: Exception) {
app/src/main/java/com/example/data/repositories/BookingRepository.kt:803:        } catch (e: Exception) {
app/src/main/java/com/example/data/repositories/BookingRepository.kt:834:        } catch (e: Exception) {
app/src/main/java/com/example/data/repositories/BookingRepository.kt:849:        } catch (e: Exception) {
app/src/main/java/com/example/data/repositories/BookingRepository.kt:863:        } catch (e: Exception) {
app/src/main/java/com/example/data/repositories/BookingRepository.kt:877:        } catch (e: Exception) {
app/src/main/java/com/example/data/repositories/BookingRepository.kt:897:        } catch (e: Exception) {
app/src/main/java/com/example/data/repositories/BookingRepository.kt:912:        } catch (e: Exception) {
app/src/main/java/com/example/data/repositories/BookingRepository.kt:927:        } catch (e: Exception) {
app/src/main/java/com/example/data/repositories/BookingRepository.kt:945:        } catch (e: Exception) {
app/src/main/java/com/example/data/repositories/BookingRepository.kt:961:        } catch (e: Exception) {
app/src/main/java/com/example/data/repositories/BookingRepository.kt:981:        } catch (e: Exception) {
app/src/main/java/com/example/data/repositories/BookingRepository.kt:996:        } catch (e: Exception) {
app/src/main/java/com/example/data/repositories/BookingRepository.kt:1010:        } catch (e: Exception) {
app/src/main/java/com/example/data/repositories/BookingRepository.kt:1024:        } catch (e: Exception) {
app/src/main/java/com/example/data/repositories/BookingRepository.kt:1044:        } catch (e: Exception) {
app/src/main/java/com/example/data/repositories/BookingRepository.kt:1062:        } catch (e: Exception) {
app/src/main/java/com/example/data/repositories/BookingRepository.kt:1067:} catch (e: Exception) {
app/src/main/java/com/example/data/repositories/BookingRepository.kt:1076:        } catch (e: Exception) {
app/src/main/java/com/example/data/repositories/BookingRepository.kt:1096:        } catch (e: Exception) {
app/src/main/java/com/example/data/repositories/BookingRepository.kt:1110:        } catch (e: Exception) {
app/src/main/java/com/example/data/repositories/BookingRepository.kt:1134:        } catch (e: Exception) {
app/src/main/java/com/example/data/repositories/BookingRepository.kt:1159:        } catch (e: Exception) {
app/src/main/java/com/example/data/repositories/BookingRepository.kt:1174:        } catch (e: Exception) {
app/src/main/java/com/example/data/repositories/BookingRepository.kt:1179:} catch (e: Exception) {
app/src/main/java/com/example/data/repositories/BookingRepository.kt:1180:            onError(e.localizedMessage ?: "فشل إنشاء الحجز")
app/src/main/java/com/example/data/repositories/BookingRepository.kt:1190:        } catch (e: Exception) {
app/src/main/java/com/example/data/repositories/BookingRepository.kt:1205:        } catch (e: Exception) {
app/src/main/java/com/example/data/repositories/BookingRepository.kt:1219:        onError: (String) -> Unit
app/src/main/java/com/example/data/repositories/BookingRepository.kt:1238:        } catch (e: Exception) {
app/src/main/java/com/example/data/repositories/BookingRepository.kt:1257:        } catch (e: Exception) {
app/src/main/java/com/example/data/repositories/BookingRepository.kt:1276:        } catch (e: Exception) {
app/src/main/java/com/example/data/repositories/BookingRepository.kt:1282:            .addOnFailureListener { onError(it.localizedMessage ?: "فشل تحديث حالة الحجز") 
app/src/main/java/com/example/data/repositories/BookingRepository.kt:1291:        } catch (e: Exception) {
app/src/main/java/com/example/data/repositories/BookingRepository.kt:1306:        } catch (e: Exception) {
app/src/main/java/com/example/data/repositories/BookingRepository.kt:1322:        onError: (String) -> Unit
app/src/main/java/com/example/data/repositories/BookingRepository.kt:1327:            onError("تم قفل هذا الحجز مؤقتاً بسبب 3 محاولات خاطئة. يرجى المحاولة بعد ${remainingSec / 60
app/src/main/java/com/example/data/repositories/BookingRepository.kt:1336:        } catch (e: Exception) {
app/src/main/java/com/example/data/repositories/BookingRepository.kt:1350:        } catch (e: Exception) {
app/src/main/java/com/example/data/repositories/BookingRepository.kt:1366:        } catch (e: Exception) {
app/src/main/java/com/example/data/repositories/BookingRepository.kt:1385:        } catch (e: Exception) {
app/src/main/java/com/example/data/repositories/BookingRepository.kt:1400:        } catch (e: Exception) {
app/src/main/java/com/example/data/repositories/BookingRepository.kt:1408:            onError("عذراً، تنص سياسة الخدمة على عدم إمكانية تعديل أو إلغاء الحجز إذا تبقى أقل من 8 ساعات على الموعد المحدد.")
app/src/main/java/com/example/data/repositories/BookingRepository.kt:1419:        } catch (e: Exception) {
app/src/main/java/com/example/data/repositories/BookingRepository.kt:1433:                onError("رمز التحقق غير صحيح. تم استنفاد 3 محاولات وقفل الحجز لمدة 5 دقائق لأسباب أمنية.")
app/src/main/java/com/example/data/repositories/BookingRepository.kt:1443:        } catch (e: Exception) {
app/src/main/java/com/example/data/repositories/BookingRepository.kt:1449:                onError("رمز التحقق غير صحيح. متبقي لديك $attemptsLeft محاولة فقط قبل القفل المؤقت.")
app/src/main/java/com/example/data/repositories/BookingRepository.kt:1459:        } catch (e: Exception) {
app/src/main/java/com/example/data/repositories/BookingRepository.kt:1475:        } catch (e: Exception) {
app/src/main/java/com/example/data/repositories/BookingRepository.kt:1511:        } catch (e: Exception) {
app/src/main/java/com/example/data/repositories/BookingRepository.kt:1538:        } catch (e: Exception) {
app/src/main/java/com/example/data/repositories/BookingRepository.kt:1554:        } catch (e: Exception) {
app/src/main/java/com/example/data/repositories/BookingRepository.kt:1569:        } catch (e: Exception) {
app/src/main/java/com/example/data/repositories/BookingRepository.kt:1584:        } catch (e: Exception) {
app/src/main/java/com/example/data/repositories/BookingRepository.kt:1599:        } catch (e: Exception) {
app/src/main/java/com/example/data/repositories/BookingRepository.kt:1625:        } catch (e: Exception) {
app/src/main/java/com/example/data/repositories/BookingRepository.kt:1645:        } catch (e: Exception) {
app/src/main/java/com/example/data/repositories/BookingRepository.kt:1661:        } catch (e: Exception) {
app/src/main/java/com/example/data/repositories/BookingRepository.kt:1676:        } catch (e: Exception) {
app/src/main/java/com/example/data/repositories/BookingRepository.kt:1691:        } catch (e: Exception) {
app/src/main/java/com/example/data/repositories/BookingRepository.kt:1706:        } catch (e: Exception) {
app/src/main/java/com/example/data/repositories/BookingRepository.kt:1722:        } catch (e: Exception) {
app/src/main/java/com/example/data/repositories/BookingRepository.kt:1747:        } catch (e: Exception) {
app/src/main/java/com/example/data/repositories/BookingRepository.kt:1767:        } catch (e: Exception) {
app/src/main/java/com/example/data/repositories/BookingRepository.kt:1787:        } catch (e: Exception) {
app/src/main/java/com/example/data/repositories/BookingRepository.kt:1793:            .addOnFailureListener { onError(it.localizedMessage ?: "فشل إلغاء الحجز") 
app/src/main/java/com/example/data/repositories/BookingRepository.kt:1802:        } catch (e: Exception) {
app/src/main/java/com/example/data/repositories/BookingRepository.kt:1817:        } catch (e: Exception) {
app/src/main/java/com/example/data/repositories/BookingRepository.kt:1840:        } catch (e: Exception) {
app/src/main/java/com/example/data/repositories/BookingRepository.kt:1846:        onError: (String) -> Unit = {
app/src/main/java/com/example/data/repositories/BookingRepository.kt:1855:        } catch (e: Exception) {
app/src/main/java/com/example/data/repositories/BookingRepository.kt:1886:        } catch (e: Exception) {
app/src/main/java/com/example/data/repositories/BookingRepository.kt:1905:        } catch (e: Exception) {
app/src/main/java/com/example/data/repositories/BookingRepository.kt:1911:            .addOnFailureListener { onError(it.localizedMessage ?: "فشل إلغاء الحجز") 
app/src/main/java/com/example/data/repositories/BookingRepository.kt:1920:        } catch (e: Exception) {
app/src/main/java/com/example/data/repositories/BookingRepository.kt:1935:        } catch (e: Exception) {
app/src/main/java/com/example/data/repositories/BookingRepository.kt:1949:        onError: (String) -> Unit
app/src/main/java/com/example/data/repositories/BookingRepository.kt:1953:            onError("الحجز مقفل مؤقتاً. انتظر ${remainingSec / 60
app/src/main/java/com/example/data/repositories/BookingRepository.kt:1962:        } catch (e: Exception) {
app/src/main/java/com/example/data/repositories/BookingRepository.kt:1978:        } catch (e: Exception) {
app/src/main/java/com/example/data/repositories/BookingRepository.kt:1996:        } catch (e: Exception) {
app/src/main/java/com/example/data/repositories/BookingRepository.kt:2011:        } catch (e: Exception) {
app/src/main/java/com/example/data/repositories/BookingRepository.kt:2019:            onError("لا يمكن تعديل الحجز عند بقاء أقل من 8 ساعات على الموعد.")
app/src/main/java/com/example/data/repositories/BookingRepository.kt:2030:        } catch (e: Exception) {
app/src/main/java/com/example/data/repositories/BookingRepository.kt:2042:            onError("رمز التحقق غير صحيح. متبقي $left محاولات.")
app/src/main/java/com/example/data/repositories/BookingRepository.kt:2053:        } catch (e: Exception) {
app/src/main/java/com/example/data/repositories/BookingRepository.kt:2072:        } catch (e: Exception) {
app/src/main/java/com/example/data/repositories/BookingRepository.kt:2091:        } catch (e: Exception) {
app/src/main/java/com/example/data/repositories/BookingRepository.kt:2097:            .addOnFailureListener { onError(it.localizedMessage ?: "فشل تحديث البيانات") 
app/src/main/java/com/example/data/repositories/BookingRepository.kt:2106:        } catch (e: Exception) {
app/src/main/java/com/example/data/repositories/BookingRepository.kt:2121:        } catch (e: Exception) {
app/src/main/java/com/example/data/repositories/BookingRepository.kt:2131:    fun deleteBooking(bookingId: String, onSuccess: () -> Unit, onError: (String) -> Unit) {
app/src/main/java/com/example/data/repositories/BookingRepository.kt:2141:        } catch (e: Exception) {
app/src/main/java/com/example/data/repositories/BookingRepository.kt:2160:        } catch (e: Exception) {
app/src/main/java/com/example/data/repositories/BookingRepository.kt:2166:            .addOnFailureListener { onError(it.localizedMessage ?: "فشل حذف الحجز") 
app/src/main/java/com/example/data/repositories/BookingRepository.kt:2175:        } catch (e: Exception) {
app/src/main/java/com/example/data/repositories/BookingRepository.kt:2190:        } catch (e: Exception) {
app/src/main/java/com/example/data/repositories/BookingRepository.kt:2205:        } catch (e: Exception) {
app/src/main/java/com/example/data/repositories/ChatRepository.kt:8:import com.example.utils.AppError
app/src/main/java/com/example/data/repositories/ChatRepository.kt:27: * - معالجة أخطاء موحدة عبر AppResult و AppError
app/src/main/java/com/example/data/repositories/ChatRepository.kt:69:                return@withContext AppResult.Error(AppError.ValidationError("currentUserId", "معرف المستخدم الحالي فارغ"))
app/src/main/java/com/example/data/repositories/ChatRepository.kt:95:                } catch (e: Exception) {
app/src/main/java/com/example/data/repositories/ChatRepository.kt:96:                    Log.w("ChatRepository", "Error searching existing support channel: ${e.message}")
app/src/main/java/com/example/data/repositories/ChatRepository.kt:169:        } catch (e: Exception) {
app/src/main/java/com/example/data/repositories/ChatRepository.kt:170:            AppResult.Error(AppError.NetworkError(e))
app/src/main/java/com/example/data/repositories/ChatRepository.kt:193:        } catch (e: Exception) {
app/src/main/java/com/example/data/repositories/ChatRepository.kt:196:            else AppResult.Error(AppError.NetworkError(e))
app/src/main/java/com/example/data/repositories/ChatRepository.kt:219:            .addSnapshotListener { snapshot, error ->
app/src/main/java/com/example/data/repositories/ChatRepository.kt:220:                if (error != null) {
app/src/main/java/com/example/data/repositories/ChatRepository.kt:221:                    Log.e("ChatRepository", "Firestore channels listener error: ${error.message}")
app/src/main/java/com/example/data/repositories/ChatRepository.kt:254:            } catch (e: Exception) {
app/src/main/java/com/example/data/repositories/ChatRepository.kt:281:            .addSnapshotListener { snapshot, error ->
app/src/main/java/com/example/data/repositories/ChatRepository.kt:282:                if (error != null) {
app/src/main/java/com/example/data/repositories/ChatRepository.kt:283:                    Log.e("ChatRepository", "Messages listener error: ${error.message}")
app/src/main/java/com/example/data/repositories/ChatRepository.kt:320:            } catch (e: Exception) {
app/src/main/java/com/example/data/repositories/ChatRepository.kt:339:                return@withContext AppResult.Error(AppError.ValidationError("message", "بيانات الرسالة غير مكتملة"))
app/src/main/java/com/example/data/repositories/ChatRepository.kt:371:                return@withContext AppResult.Error(AppError.UnauthorizedError("لا يمكنك إرسال الرسالة لأنك محظور في هذه المحادثة."))
app/src/main/java/com/example/data/repositories/ChatRepository.kt:409:        } catch (e: Exception) {
app/src/main/java/com/example/data/repositories/ChatRepository.kt:455:        } catch (e: Exception) {
app/src/main/java/com/example/data/repositories/ChatRepository.kt:456:            AppResult.Error(AppError.NetworkError(e))
app/src/main/java/com/example/data/repositories/ChatRepository.kt:470:            } catch (e: Exception) {
app/src/main/java/com/example/data/repositories/ChatRepository.kt:497:        } catch (e: Exception) {
app/src/main/java/com/example/data/repositories/ChatRepository.kt:498:            Log.e("ChatRepository", "markChannelAsRead error: ${e.message}")
app/src/main/java/com/example/data/repositories/ChatRepository.kt:499:            AppResult.Error(AppError.NetworkError(e))
app/src/main/java/com/example/data/repositories/ChatRepository.kt:508:        } catch (e: Exception) {
app/src/main/java/com/example/data/repositories/ChatRepository.kt:509:            AppResult.Error(AppError.NetworkError(e))
app/src/main/java/com/example/data/repositories/ChatRepository.kt:523:        } catch (e: Exception) {
app/src/main/java/com/example/data/repositories/ChatRepository.kt:524:            AppResult.Error(AppError.NetworkError(e))
app/src/main/java/com/example/data/repositories/ChatRepository.kt:544:        } catch (e: Exception) {
app/src/main/java/com/example/data/repositories/ChatRepository.kt:545:            AppResult.Error(AppError.NetworkError(e))
app/src/main/java/com/example/data/repositories/ChatRepository.kt:575:        } catch (e: Exception) {
app/src/main/java/com/example/data/repositories/ChatRepository.kt:576:            AppResult.Error(AppError.NetworkError(e))
app/src/main/java/com/example/data/repositories/ChatRepository.kt:600:        } catch (e: Exception) {
app/src/main/java/com/example/data/repositories/ChatRepository.kt:601:            AppResult.Error(AppError.NetworkError(e))
app/src/main/java/com/example/data/repositories/ChatRepository.kt:618:        } catch (e: Exception) {
app/src/main/java/com/example/data/repositories/ChatRepository.kt:619:            Log.e("ChatRepository", "deleteChannel error: ${e.message}")
app/src/main/java/com/example/data/repositories/ChatRepository.kt:634:        } catch (e: Exception) {
app/src/main/java/com/example/data/repositories/ChatRepository.kt:635:            AppResult.Error(AppError.NetworkError(e))
app/src/main/java/com/example/data/repositories/ChatRepository.kt:654:        } catch (e: Exception) {
app/src/main/java/com/example/data/repositories/ChatRepository.kt:655:            AppResult.Error(AppError.NetworkError(e))
app/src/main/java/com/example/data/repositories/ChatRepository.kt:688:            } catch (e: Exception) {
app/src/main/java/com/example/data/repositories/ChatRepository.kt:722:        } catch (e: Exception) {
app/src/main/java/com/example/data/repositories/ChatRepository.kt:723:            AppResult.Error(AppError.NetworkError(e))
app/src/main/java/com/example/data/repositories/InstantRequestRepository.kt:39:        onError: (String) -> Unit = {}
app/src/main/java/com/example/data/repositories/InstantRequestRepository.kt:69:                    onError(it.localizedMessage ?: "فشل إنشاء الطلب الفوري")
app/src/main/java/com/example/data/repositories/InstantRequestRepository.kt:71:        } catch (e: Exception) {
app/src/main/java/com/example/data/repositories/InstantRequestRepository.kt:72:            Log.e("InstantRequestRepo", "Error creating instant request", e)
app/src/main/java/com/example/data/repositories/InstantRequestRepository.kt:73:            onError(e.localizedMessage ?: "خطأ غير متوقع أثناء معالجة الطلب")
app/src/main/java/com/example/data/repositories/InstantRequestRepository.kt:85:            .addSnapshotListener { snapshot, error ->
app/src/main/java/com/example/data/repositories/InstantRequestRepository.kt:86:                if (error != null || snapshot == null) {
app/src/main/java/com/example/data/repositories/InstantRequestRepository.kt:94:                    } catch (e: Exception) {
app/src/main/java/com/example/data/repositories/InstantRequestRepository.kt:113:        val listener: ListenerRegistration = query.addSnapshotListener { snapshot, error ->
app/src/main/java/com/example/data/repositories/InstantRequestRepository.kt:114:            if (error != null || snapshot == null) {
app/src/main/java/com/example/data/repositories/InstantRequestRepository.kt:122:                } catch (e: Exception) {
app/src/main/java/com/example/data/repositories/InstantRequestRepository.kt:143:        onError: (String) -> Unit = {}
app/src/main/java/com/example/data/repositories/InstantRequestRepository.kt:164:            onError(it.localizedMessage ?: "فشل تقديم العرض")
app/src/main/java/com/example/data/repositories/InstantRequestRepository.kt:179:        onError: (String) -> Unit = {}
app/src/main/java/com/example/data/repositories/InstantRequestRepository.kt:211:            .addOnFailureListener { onError(it.localizedMessage ?: "فشل قبول العرض") }
app/src/main/java/com/example/data/repositories/InstantRequestRepository.kt:221:        onError: (String) -> Unit = {}
app/src/main/java/com/example/data/repositories/InstantRequestRepository.kt:227:                    onError("الطلب غير موجود")
app/src/main/java/com/example/data/repositories/InstantRequestRepository.kt:234:                        onError("رمز PIN للإلغاء غير صحيح")
app/src/main/java/com/example/data/repositories/InstantRequestRepository.kt:252:                    .addOnFailureListener { onError(it.localizedMessage ?: "فشل إلغاء الطلب") }
app/src/main/java/com/example/data/repositories/InstantRequestRepository.kt:254:            .addOnFailureListener { onError(it.localizedMessage ?: "فشل الوصول لبيانات الطلب") }
app/src/main/java/com/example/data/repositories/InstantRequestRepository.kt:263:        onError: (String) -> Unit = {}
app/src/main/java/com/example/data/repositories/InstantRequestRepository.kt:278:            .addOnFailureListener { onError(it.localizedMessage ?: "فشل إكمال الطلب") }
app/src/main/java/com/example/data/repositories/DataManagementRepository.kt:26:        } catch (e: Exception) {
app/src/main/java/com/example/data/repositories/DataManagementRepository.kt:73:            } catch (_: Exception) {
app/src/main/java/com/example/data/repositories/DataManagementRepository.kt:78:        } catch (e: Exception) {
app/src/main/java/com/example/data/repositories/RegistrationRepositoryImpl.kt:76:        } catch (e: Exception) {
app/src/main/java/com/example/data/repositories/RegistrationRepositoryImpl.kt:85:                return Result.failure(Exception("يوجد طلب تسجيل قيد المراجعة بالفعل لرقم الهاتف هذا"))
app/src/main/java/com/example/data/repositories/RegistrationRepositoryImpl.kt:143:        } catch (e: Exception) {
app/src/main/java/com/example/data/repositories/RegistrationRepositoryImpl.kt:144:            Log.e("RegistrationRepository", "Error registering client", e)
app/src/main/java/com/example/data/repositories/RegistrationRepositoryImpl.kt:153:                return Result.failure(Exception("يوجد طلب انضمام مهني قيد المراجعة بالفعل لرقم الهاتف هذا"))
app/src/main/java/com/example/data/repositories/RegistrationRepositoryImpl.kt:179:        } catch (e: Exception) {
app/src/main/java/com/example/data/repositories/RegistrationRepositoryImpl.kt:180:            Log.e("RegistrationRepository", "Error registering provider", e)
app/src/main/java/com/example/data/repositories/RegistrationRepositoryImpl.kt:189:                return Result.failure(Exception("يوجد طلب انضمام متجر قيد المراجعة بالفعل لرقم الهاتف هذا"))
app/src/main/java/com/example/data/repositories/RegistrationRepositoryImpl.kt:217:        } catch (e: Exception) {
app/src/main/java/com/example/data/repositories/RegistrationRepositoryImpl.kt:218:            Log.e("RegistrationRepository", "Error registering store", e)
app/src/main/java/com/example/data/repositories/RegistrationRepositoryImpl.kt:227:                return Result.failure(Exception("يوجد طلب انضمام مطعم قيد المراجعة بالفعل لرقم الهاتف هذا"))
app/src/main/java/com/example/data/repositories/RegistrationRepositoryImpl.kt:255:        } catch (e: Exception) {
app/src/main/java/com/example/data/repositories/RegistrationRepositoryImpl.kt:256:            Log.e("RegistrationRepository", "Error registering restaurant", e)
app/src/main/java/com/example/data/repositories/RegistrationRepositoryImpl.kt:265:                return Result.failure(Exception("يوجد طلب انضمام مركز طبي قيد المراجعة بالفعل لرقم الهاتف هذا"))
app/src/main/java/com/example/data/repositories/RegistrationRepositoryImpl.kt:292:        } catch (e: Exception) {
app/src/main/java/com/example/data/repositories/RegistrationRepositoryImpl.kt:293:            Log.e("RegistrationRepository", "Error registering medical center", e)
app/src/main/java/com/example/data/repositories/RegistrationRepositoryImpl.kt:302:                return Result.failure(Exception("يوجد طلب إضافة عقار قيد المراجعة بالفعل لرقم الهاتف هذا"))
app/src/main/java/com/example/data/repositories/RegistrationRepositoryImpl.kt:331:        } catch (e: Exception) {
app/src/main/java/com/example/data/repositories/RegistrationRepositoryImpl.kt:332:            Log.e("RegistrationRepository", "Error registering property", e)
app/src/main/java/com/example/data/repositories/RegistrationRepositoryImpl.kt:341:                return Result.failure(Exception("يوجد إعلان توظيف قيد المراجعة بالفعل لرقم الهاتف هذا"))
app/src/main/java/com/example/data/repositories/RegistrationRepositoryImpl.kt:366:        } catch (e: Exception) {
app/src/main/java/com/example/data/repositories/RegistrationRepositoryImpl.kt:367:            Log.e("RegistrationRepository", "Error registering job", e)
app/src/main/java/com/example/data/repositories/RegistrationRepositoryImpl.kt:381:            .addSnapshotListener { snapshot, error ->
app/src/main/java/com/example/data/repositories/RegistrationRepositoryImpl.kt:382:                if (error != null) {
app/src/main/java/com/example/data/repositories/NotificationRepository.kt:32:        } catch (e: Exception) {
app/src/main/java/com/example/data/repositories/NotificationRepository.kt:33:            android.util.Log.e("NotificationRepository", "Error cleaning up old notifications: ${e.message}")
app/src/main/java/com/example/data/repositories/RealtimeSyncRepository.kt:28:            .addSnapshotListener { snapshot, error ->
app/src/main/java/com/example/data/repositories/RealtimeSyncRepository.kt:29:                if (error != null || snapshot == null) {
app/src/main/java/com/example/data/repositories/RealtimeSyncRepository.kt:38:                    } catch (e: Exception) {
app/src/main/java/com/example/data/repositories/RealtimeSyncRepository.kt:62:            .addSnapshotListener { snapshot, error ->
app/src/main/java/com/example/data/repositories/RealtimeSyncRepository.kt:63:                if (error != null || snapshot == null) {
app/src/main/java/com/example/data/repositories/RealtimeSyncRepository.kt:72:                    } catch (e: Exception) {
app/src/main/java/com/example/data/repositories/RealtimeSyncRepository.kt:99:            .addSnapshotListener { snapshot, error ->
app/src/main/java/com/example/data/repositories/RealtimeSyncRepository.kt:100:                if (error != null || snapshot == null) {
app/src/main/java/com/example/data/repositories/RealtimeSyncRepository.kt:109:                    } catch (e: Exception) {
app/src/main/java/com/example/data/models/ChatEntity.kt:40:            } catch (e: Exception) {
app/src/main/java/com/example/data/models/AdminSettingsEntity.kt:356:            } catch (e: Exception) {
app/src/main/java/com/example/data/models/AdminSettingsEntity.kt:413:            } catch (e: Exception) {
app/src/main/java/com/example/data/local/ChatLocalDataSource.kt:73:        } catch (e: Exception) {
app/src/main/java/com/example/data/local/ChatLocalDataSource.kt:146:        } catch (e: Exception) {
app/src/main/java/com/example/data/local/ChatLocalDataSource.kt:234:        } catch (e: Exception) {
app/src/main/java/com/example/data/local/ChatLocalDataSource.kt:283:        } catch (e: Exception) {
app/src/main/java/com/example/data/local/ChatLocalDataSource.kt:311:        } catch (e: Exception) {
app/src/main/java/com/example/data/local/ChatLocalDataSource.kt:356:        } catch (e: Exception) {
app/src/main/java/com/example/data/local/MapDatabase.kt:23:        } catch (e: Exception) {
app/src/main/java/com/example/data/local/MapDatabase.kt:35:        } catch (e: Exception) {
app/src/main/java/com/example/data/local/MapDatabase.kt:45:        } catch (e: Exception) {
app/src/main/java/com/example/data/local/MapDatabase.kt:57:        } catch (e: Exception) {
app/src/main/java/com/example/data/local/MapDatabase.kt:69:        } catch (e: Exception) {
app/src/main/java/com/example/data/local/MapDatabase.kt:82:        } catch (e: Exception) {
app/src/main/java/com/example/data/DataManager.kt:28:        onFailure: (Exception) -> Unit = {}
app/src/main/java/com/example/data/DataManager.kt:42:            .addSnapshotListener { snapshot, error ->
app/src/main/java/com/example/data/DataManager.kt:43:                if (error != null) {
app/src/main/java/com/example/data/DataManager.kt:52:                        } catch (e: Exception) {
app/src/main/java/com/example/data/UnifiedBusinessAccount.kt:180:    val errorMessage: String? = null,
app/src/main/java/com/example/data/LocalAppCacheManager.kt:93:        } catch (e: Exception) {
app/src/main/java/com/example/security/SecurityManager.kt:81:            } catch (e: Exception) {
app/src/main/java/com/example/security/SecurityManager.kt:99:            } catch (e: Exception) {
app/src/main/java/com/example/security/SecurityManager.kt:144:            } catch (e: Exception) {
app/src/main/java/com/example/security/SecurityManager.kt:145:                android.util.Log.e(TAG, "Exception during signature verification: ${e.message}")
app/src/main/java/com/example/security/BookingSecurityHelper.kt:33:        } catch (e: Exception) {
app/src/main/java/com/example/NetworkUtils.kt:21:        } catch (e: Exception) {
app/src/main/java/com/example/MainActivity.kt:84:                        Toast.makeText(this, "تم إلغاء منح إذن الصوت. يمكنك البحث بالكتابة بدلاً من ذلك.", Toast.LENGTH_SHORT).show()
app/src/main/java/com/example/MainActivity.kt:90:                Toast.makeText(this, "⚠️ فضلاً وافق على إذن استخدام المايك في النافذة المنبثقة لخدمتك بالكامل", Toast.LENGTH_LONG).show()
app/src/main/java/com/example/MainActivity.kt:105:            } catch (e: Exception) {
app/src/main/java/com/example/MainActivity.kt:115:                        override fun onError(error: Int) {
app/src/main/java/com/example/MainActivity.kt:117:                                Toast.makeText(this@MainActivity, "لم يتم التعرف على الصوت، يرجى المحاولة مجدداً بصوت مسموع", Toast.LENGTH_SHORT).show()
app/src/main/java/com/example/MainActivity.kt:132:                } catch (ex: Exception) {
app/src/main/java/com/example/MainActivity.kt:134:                    Toast.makeText(this@MainActivity, "عذراً، نظام هاتفك لا يدعم التعرف الصوتي المباشر.", Toast.LENGTH_LONG).show()
app/src/main/java/com/example/MainActivity.kt:173:        } catch (e: Exception) {
app/src/main/java/com/example/MainActivity.kt:185:                } catch (e: Exception) {
app/src/main/java/com/example/MainActivity.kt:195:            } catch (e: Exception) {
app/src/main/java/com/example/MainActivity.kt:199:        } catch (e: Exception) {
app/src/main/java/com/example/MainActivity.kt:208:        } catch (e: Exception) {
app/src/main/java/com/example/MainActivity.kt:215:        } catch (e: Exception) {
app/src/main/java/com/example/MainActivity.kt:221:                if (status != android.speech.tts.TextToSpeech.ERROR) {
app/src/main/java/com/example/MainActivity.kt:225:        } catch (e: Exception) {
app/src/main/java/com/example/MainActivity.kt:232:            } catch(e: Exception) {
app/src/main/java/com/example/MainActivity.kt:239:            } catch(e: Exception) {
app/src/main/java/com/example/MainActivity.kt:259:            } catch (appCheckEx: Exception) {
app/src/main/java/com/example/MainActivity.kt:262:        } catch (e: Exception) {
app/src/main/java/com/example/MainActivity.kt:278:        } catch (e: Exception) {
app/src/main/java/com/example/MainActivity.kt:298:                                Toast.makeText(this, "تم إلغاء الإشعارات. لن تتلقى تنبيهات بالرسائل الجديدة.", Toast.LENGTH_SHORT).show()
app/src/main/java/com/example/MainActivity.kt:311:        } catch (e: Exception) {
app/src/main/java/com/example/MainActivity.kt:318:        } catch (e: Exception) {
app/src/main/java/com/example/MainActivity.kt:351:                } catch (e: Exception) {
app/src/main/java/com/example/MainActivity.kt:379:                } catch (e: Exception) {
app/src/main/java/com/example/MainActivity.kt:399:                        Toast.makeText(context, "Press again to exit / اضغط مرة أخرى للخروج", Toast.LENGTH_SHORT).show()
app/src/main/java/com/example/sync/SyncWorker.kt:31:        } catch (e: Exception) {
app/src/main/java/com/example/VoiceManager.kt:27:            } catch (e: Exception) {
app/src/main/java/com/example/VoiceManager.kt:28:                Log.e("VoiceManager", "Error initializing TTS", e)
app/src/main/java/com/example/VoiceManager.kt:52:                override fun onError(utteranceId: String?) {
app/src/main/java/com/example/MyApplication.kt:28:            } catch (e: Exception) {
app/src/main/java/com/example/MyApplication.kt:51:                            Log.e("AnonymousAuth", "❌ Failed: ${task.exception?.message}")
app/src/main/java/com/example/MyApplication.kt:57:        } catch (e: Exception) {
app/src/main/java/com/example/MyApplication.kt:71:        } catch (e: Exception) {
app/src/main/java/com/example/MyApplication.kt:80:            } catch (e2: Exception) {
app/src/main/java/com/example/MyApplication.kt:89:        } catch (e: Exception) {
app/src/main/java/com/example/MyApplication.kt:101:        } catch (e: Exception) {
app/src/main/java/com/example/MyApplication.kt:109:        } catch (e: Exception) {
app/src/main/java/com/example/MyApplication.kt:137:                } catch (e: Exception) { /* تجاهل */ }
app/src/main/java/com/example/MyApplication.kt:139:            } catch (e: Exception) {
app/src/main/java/com/example/MyApplication.kt:157:        } catch (e: Exception) {
app/src/main/java/com/example/MyApplication.kt:166:    fun recordExceptionSafely(throwable: Throwable) {
app/src/main/java/com/example/MyApplication.kt:169:                FirebaseCrashlytics.getInstance().recordException(throwable)
app/src/main/java/com/example/MyApplication.kt:170:            } catch (e: Exception) {
app/src/main/java/com/example/MyApplication.kt:171:                Log.e("MyApplication", "Failed to record exception: ${e.message}")
app/src/main/java/com/example/FCMService.kt:79:        } catch (e: Exception) {
app/src/main/java/com/example/FCMService.kt:90:                    } catch (e: Exception) {
app/src/main/java/com/example/FCMService.kt:102:                    try { SecurityCryptoUtils.decrypt(rawUserId) } catch (e: Exception) { rawUserId }
app/src/main/java/com/example/FCMService.kt:111:                    try { SecurityCryptoUtils.decrypt(rawPhone) } catch (e: Exception) { rawPhone }
app/src/main/java/com/example/FCMService.kt:133:                } catch (e: Exception) {
app/src/main/java/com/example/FCMService.kt:142:                    } catch (e: Exception) { /* تجاهل */ }
app/src/main/java/com/example/FCMService.kt:147:                    } catch (e: Exception) { /* تجاهل */ }
app/src/main/java/com/example/FCMService.kt:152:                    } catch (e: Exception) { /* تجاهل */ }
app/src/main/java/com/example/FCMService.kt:165:            } catch (e: Exception) {
